    1C
    1UThree-train full-set longitudinal buff/draft screen
    1UUSER
    1UDATE              16.august.2026
    1UTIME              20:22:39
    1UHOST
    1UPGM               CalculiX
    1UVERSION           Version 2.23
    1UCOMPILETIME       Sun Oct 19 18:23:34 CEST 2025
    1UDIR
    1UDBN
    1UMAT    1S355
    2C                           820                                     1
 -1       128-7.42500E+04-9.35000E+02 8.50000E+02
 -1       129-7.42500E+04-1.36500E+03 8.50000E+02
 -1       130-7.42500E+04-1.36500E+03 5.90000E+02
 -1       131-7.42500E+04-9.35000E+02 5.90000E+02
 -1       136-7.43700E+04-1.15000E+03 7.95000E+02
 -1       137-7.41300E+04-1.15000E+03 7.95000E+02
 -1       138-7.41300E+04-1.15000E+03 6.45000E+02
 -1       139-7.43700E+04-1.15000E+03 6.45000E+02
 -1       162-7.21500E+04-9.35000E+02 8.50000E+02
 -1       163-7.21500E+04-1.36500E+03 8.50000E+02
 -1       164-7.21500E+04-1.36500E+03 5.90000E+02
 -1       165-7.21500E+04-9.35000E+02 5.90000E+02
 -1       170-7.22700E+04-1.15000E+03 7.95000E+02
 -1       171-7.20300E+04-1.15000E+03 7.95000E+02
 -1       172-7.20300E+04-1.15000E+03 6.45000E+02
 -1       173-7.22700E+04-1.15000E+03 6.45000E+02
 -1       196-6.60000E+04-9.35000E+02 8.50000E+02
 -1       197-6.60000E+04-1.36500E+03 8.50000E+02
 -1       198-6.60000E+04-1.36500E+03 5.90000E+02
 -1       199-6.60000E+04-9.35000E+02 5.90000E+02
 -1       204-6.61200E+04-1.15000E+03 7.95000E+02
 -1       205-6.58800E+04-1.15000E+03 7.95000E+02
 -1       206-6.58800E+04-1.15000E+03 6.45000E+02
 -1       207-6.61200E+04-1.15000E+03 6.45000E+02
 -1       230-5.98500E+04-9.35000E+02 8.50000E+02
 -1       231-5.98500E+04-1.36500E+03 8.50000E+02
 -1       232-5.98500E+04-1.36500E+03 5.90000E+02
 -1       233-5.98500E+04-9.35000E+02 5.90000E+02
 -1       238-5.99700E+04-1.15000E+03 7.95000E+02
 -1       239-5.97300E+04-1.15000E+03 7.95000E+02
 -1       240-5.97300E+04-1.15000E+03 6.45000E+02
 -1       241-5.99700E+04-1.15000E+03 6.45000E+02
 -1       264-5.77500E+04-9.35000E+02 8.50000E+02
 -1       265-5.77500E+04-1.36500E+03 8.50000E+02
 -1       266-5.77500E+04-1.36500E+03 5.90000E+02
 -1       267-5.77500E+04-9.35000E+02 5.90000E+02
 -1       272-5.78700E+04-1.15000E+03 7.95000E+02
 -1       273-5.76300E+04-1.15000E+03 7.95000E+02
 -1       274-5.76300E+04-1.15000E+03 6.45000E+02
 -1       275-5.78700E+04-1.15000E+03 6.45000E+02
 -1       298-5.56500E+04-9.35000E+02 8.50000E+02
 -1       299-5.56500E+04-1.36500E+03 8.50000E+02
 -1       300-5.56500E+04-1.36500E+03 5.90000E+02
 -1       301-5.56500E+04-9.35000E+02 5.90000E+02
 -1       306-5.57700E+04-1.15000E+03 7.95000E+02
 -1       307-5.55300E+04-1.15000E+03 7.95000E+02
 -1       308-5.55300E+04-1.15000E+03 6.45000E+02
 -1       309-5.57700E+04-1.15000E+03 6.45000E+02
 -1       332-4.95000E+04-9.35000E+02 8.50000E+02
 -1       333-4.95000E+04-1.36500E+03 8.50000E+02
 -1       334-4.95000E+04-1.36500E+03 5.90000E+02
 -1       335-4.95000E+04-9.35000E+02 5.90000E+02
 -1       340-4.96200E+04-1.15000E+03 7.95000E+02
 -1       341-4.93800E+04-1.15000E+03 7.95000E+02
 -1       342-4.93800E+04-1.15000E+03 6.45000E+02
 -1       343-4.96200E+04-1.15000E+03 6.45000E+02
 -1       366-4.33500E+04-9.35000E+02 8.50000E+02
 -1       367-4.33500E+04-1.36500E+03 8.50000E+02
 -1       368-4.33500E+04-1.36500E+03 5.90000E+02
 -1       369-4.33500E+04-9.35000E+02 5.90000E+02
 -1       374-4.34700E+04-1.15000E+03 7.95000E+02
 -1       375-4.32300E+04-1.15000E+03 7.95000E+02
 -1       376-4.32300E+04-1.15000E+03 6.45000E+02
 -1       377-4.34700E+04-1.15000E+03 6.45000E+02
 -1       400-4.12500E+04-9.35000E+02 8.50000E+02
 -1       401-4.12500E+04-1.36500E+03 8.50000E+02
 -1       402-4.12500E+04-1.36500E+03 5.90000E+02
 -1       403-4.12500E+04-9.35000E+02 5.90000E+02
 -1       408-4.13700E+04-1.15000E+03 7.95000E+02
 -1       409-4.11300E+04-1.15000E+03 7.95000E+02
 -1       410-4.11300E+04-1.15000E+03 6.45000E+02
 -1       411-4.13700E+04-1.15000E+03 6.45000E+02
 -1       434-3.91500E+04-9.35000E+02 8.50000E+02
 -1       435-3.91500E+04-1.36500E+03 8.50000E+02
 -1       436-3.91500E+04-1.36500E+03 5.90000E+02
 -1       437-3.91500E+04-9.35000E+02 5.90000E+02
 -1       442-3.92700E+04-1.15000E+03 7.95000E+02
 -1       443-3.90300E+04-1.15000E+03 7.95000E+02
 -1       444-3.90300E+04-1.15000E+03 6.45000E+02
 -1       445-3.92700E+04-1.15000E+03 6.45000E+02
 -1       468-3.30000E+04-9.35000E+02 8.50000E+02
 -1       469-3.30000E+04-1.36500E+03 8.50000E+02
 -1       470-3.30000E+04-1.36500E+03 5.90000E+02
 -1       471-3.30000E+04-9.35000E+02 5.90000E+02
 -1       476-3.31200E+04-1.15000E+03 7.95000E+02
 -1       477-3.28800E+04-1.15000E+03 7.95000E+02
 -1       478-3.28800E+04-1.15000E+03 6.45000E+02
 -1       479-3.31200E+04-1.15000E+03 6.45000E+02
 -1       502-2.68500E+04-9.35000E+02 8.50000E+02
 -1       503-2.68500E+04-1.36500E+03 8.50000E+02
 -1       504-2.68500E+04-1.36500E+03 5.90000E+02
 -1       505-2.68500E+04-9.35000E+02 5.90000E+02
 -1       510-2.69700E+04-1.15000E+03 7.95000E+02
 -1       511-2.67300E+04-1.15000E+03 7.95000E+02
 -1       512-2.67300E+04-1.15000E+03 6.45000E+02
 -1       513-2.69700E+04-1.15000E+03 6.45000E+02
 -1       536-2.47500E+04-9.35000E+02 8.50000E+02
 -1       537-2.47500E+04-1.36500E+03 8.50000E+02
 -1       538-2.47500E+04-1.36500E+03 5.90000E+02
 -1       539-2.47500E+04-9.35000E+02 5.90000E+02
 -1       544-2.48700E+04-1.15000E+03 7.95000E+02
 -1       545-2.46300E+04-1.15000E+03 7.95000E+02
 -1       546-2.46300E+04-1.15000E+03 6.45000E+02
 -1       547-2.48700E+04-1.15000E+03 6.45000E+02
 -1       552-2.49000E+04-1.15000E+03 8.40000E+02
 -1       553-2.46000E+04-1.15000E+03 8.40000E+02
 -1       554-2.46000E+04-1.15000E+03 6.00000E+02
 -1       555-2.49000E+04-1.15000E+03 6.00000E+02
 -1       586-2.26500E+04-9.35000E+02 8.50000E+02
 -1       587-2.26500E+04-1.36500E+03 8.50000E+02
 -1       588-2.26500E+04-1.36500E+03 5.90000E+02
 -1       589-2.26500E+04-9.35000E+02 5.90000E+02
 -1       594-2.27700E+04-1.15000E+03 7.95000E+02
 -1       595-2.25300E+04-1.15000E+03 7.95000E+02
 -1       596-2.25300E+04-1.15000E+03 6.45000E+02
 -1       597-2.27700E+04-1.15000E+03 6.45000E+02
 -1       620-1.65000E+04-9.35000E+02 8.50000E+02
 -1       621-1.65000E+04-1.36500E+03 8.50000E+02
 -1       622-1.65000E+04-1.36500E+03 5.90000E+02
 -1       623-1.65000E+04-9.35000E+02 5.90000E+02
 -1       628-1.66200E+04-1.15000E+03 7.95000E+02
 -1       629-1.63800E+04-1.15000E+03 7.95000E+02
 -1       630-1.63800E+04-1.15000E+03 6.45000E+02
 -1       631-1.66200E+04-1.15000E+03 6.45000E+02
 -1       654-1.03500E+04-9.35000E+02 8.50000E+02
 -1       655-1.03500E+04-1.36500E+03 8.50000E+02
 -1       656-1.03500E+04-1.36500E+03 5.90000E+02
 -1       657-1.03500E+04-9.35000E+02 5.90000E+02
 -1       662-1.04700E+04-1.15000E+03 7.95000E+02
 -1       663-1.02300E+04-1.15000E+03 7.95000E+02
 -1       664-1.02300E+04-1.15000E+03 6.45000E+02
 -1       665-1.04700E+04-1.15000E+03 6.45000E+02
 -1       688-8.25000E+03-9.35000E+02 8.50000E+02
 -1       689-8.25000E+03-1.36500E+03 8.50000E+02
 -1       690-8.25000E+03-1.36500E+03 5.90000E+02
 -1       691-8.25000E+03-9.35000E+02 5.90000E+02
 -1       696-8.37000E+03-1.15000E+03 7.95000E+02
 -1       697-8.13000E+03-1.15000E+03 7.95000E+02
 -1       698-8.13000E+03-1.15000E+03 6.45000E+02
 -1       699-8.37000E+03-1.15000E+03 6.45000E+02
 -1       722-6.15000E+03-9.35000E+02 8.50000E+02
 -1       723-6.15000E+03-1.36500E+03 8.50000E+02
 -1       724-6.15000E+03-1.36500E+03 5.90000E+02
 -1       725-6.15000E+03-9.35000E+02 5.90000E+02
 -1       730-6.27000E+03-1.15000E+03 7.95000E+02
 -1       731-6.03000E+03-1.15000E+03 7.95000E+02
 -1       732-6.03000E+03-1.15000E+03 6.45000E+02
 -1       733-6.27000E+03-1.15000E+03 6.45000E+02
 -1       756 0.00000E+00-9.35000E+02 8.50000E+02
 -1       757 0.00000E+00-1.36500E+03 8.50000E+02
 -1       758 0.00000E+00-1.36500E+03 5.90000E+02
 -1       759 0.00000E+00-9.35000E+02 5.90000E+02
 -1       764-1.20000E+02-1.15000E+03 7.95000E+02
 -1       765 1.20000E+02-1.15000E+03 7.95000E+02
 -1       766 1.20000E+02-1.15000E+03 6.45000E+02
 -1       767-1.20000E+02-1.15000E+03 6.45000E+02
 -1       790 6.15000E+03-9.35000E+02 8.50000E+02
 -1       791 6.15000E+03-1.36500E+03 8.50000E+02
 -1       792 6.15000E+03-1.36500E+03 5.90000E+02
 -1       793 6.15000E+03-9.35000E+02 5.90000E+02
 -1       798 6.03000E+03-1.15000E+03 7.95000E+02
 -1       799 6.27000E+03-1.15000E+03 7.95000E+02
 -1       800 6.27000E+03-1.15000E+03 6.45000E+02
 -1       801 6.03000E+03-1.15000E+03 6.45000E+02
 -1       824 8.25000E+03-9.35000E+02 8.50000E+02
 -1       825 8.25000E+03-1.36500E+03 8.50000E+02
 -1       826 8.25000E+03-1.36500E+03 5.90000E+02
 -1       827 8.25000E+03-9.35000E+02 5.90000E+02
 -1       832 8.13000E+03-1.15000E+03 7.95000E+02
 -1       833 8.37000E+03-1.15000E+03 7.95000E+02
 -1       834 8.37000E+03-1.15000E+03 6.45000E+02
 -1       835 8.13000E+03-1.15000E+03 6.45000E+02
 -1       858 1.03500E+04-9.35000E+02 8.50000E+02
 -1       859 1.03500E+04-1.36500E+03 8.50000E+02
 -1       860 1.03500E+04-1.36500E+03 5.90000E+02
 -1       861 1.03500E+04-9.35000E+02 5.90000E+02
 -1       866 1.02300E+04-1.15000E+03 7.95000E+02
 -1       867 1.04700E+04-1.15000E+03 7.95000E+02
 -1       868 1.04700E+04-1.15000E+03 6.45000E+02
 -1       869 1.02300E+04-1.15000E+03 6.45000E+02
 -1       892 1.65000E+04-9.35000E+02 8.50000E+02
 -1       893 1.65000E+04-1.36500E+03 8.50000E+02
 -1       894 1.65000E+04-1.36500E+03 5.90000E+02
 -1       895 1.65000E+04-9.35000E+02 5.90000E+02
 -1       900 1.63800E+04-1.15000E+03 7.95000E+02
 -1       901 1.66200E+04-1.15000E+03 7.95000E+02
 -1       902 1.66200E+04-1.15000E+03 6.45000E+02
 -1       903 1.63800E+04-1.15000E+03 6.45000E+02
 -1       926 2.26500E+04-9.35000E+02 8.50000E+02
 -1       927 2.26500E+04-1.36500E+03 8.50000E+02
 -1       928 2.26500E+04-1.36500E+03 5.90000E+02
 -1       929 2.26500E+04-9.35000E+02 5.90000E+02
 -1       934 2.25300E+04-1.15000E+03 7.95000E+02
 -1       935 2.27700E+04-1.15000E+03 7.95000E+02
 -1       936 2.27700E+04-1.15000E+03 6.45000E+02
 -1       937 2.25300E+04-1.15000E+03 6.45000E+02
 -1       960 2.47500E+04-9.35000E+02 8.50000E+02
 -1       961 2.47500E+04-1.36500E+03 8.50000E+02
 -1       962 2.47500E+04-1.36500E+03 5.90000E+02
 -1       963 2.47500E+04-9.35000E+02 5.90000E+02
 -1       968 2.46300E+04-1.15000E+03 7.95000E+02
 -1       969 2.48700E+04-1.15000E+03 7.95000E+02
 -1       970 2.48700E+04-1.15000E+03 6.45000E+02
 -1       971 2.46300E+04-1.15000E+03 6.45000E+02
 -1       976 2.46000E+04-1.15000E+03 8.40000E+02
 -1       977 2.49000E+04-1.15000E+03 8.40000E+02
 -1       978 2.49000E+04-1.15000E+03 6.00000E+02
 -1       979 2.46000E+04-1.15000E+03 6.00000E+02
 -1      1010 2.68500E+04-9.35000E+02 8.50000E+02
 -1      1011 2.68500E+04-1.36500E+03 8.50000E+02
 -1      1012 2.68500E+04-1.36500E+03 5.90000E+02
 -1      1013 2.68500E+04-9.35000E+02 5.90000E+02
 -1      1018 2.67300E+04-1.15000E+03 7.95000E+02
 -1      1019 2.69700E+04-1.15000E+03 7.95000E+02
 -1      1020 2.69700E+04-1.15000E+03 6.45000E+02
 -1      1021 2.67300E+04-1.15000E+03 6.45000E+02
 -1      1044 3.30000E+04-9.35000E+02 8.50000E+02
 -1      1045 3.30000E+04-1.36500E+03 8.50000E+02
 -1      1046 3.30000E+04-1.36500E+03 5.90000E+02
 -1      1047 3.30000E+04-9.35000E+02 5.90000E+02
 -1      1052 3.28800E+04-1.15000E+03 7.95000E+02
 -1      1053 3.31200E+04-1.15000E+03 7.95000E+02
 -1      1054 3.31200E+04-1.15000E+03 6.45000E+02
 -1      1055 3.28800E+04-1.15000E+03 6.45000E+02
 -1      1078 3.91500E+04-9.35000E+02 8.50000E+02
 -1      1079 3.91500E+04-1.36500E+03 8.50000E+02
 -1      1080 3.91500E+04-1.36500E+03 5.90000E+02
 -1      1081 3.91500E+04-9.35000E+02 5.90000E+02
 -1      1086 3.90300E+04-1.15000E+03 7.95000E+02
 -1      1087 3.92700E+04-1.15000E+03 7.95000E+02
 -1      1088 3.92700E+04-1.15000E+03 6.45000E+02
 -1      1089 3.90300E+04-1.15000E+03 6.45000E+02
 -1      1112 4.12500E+04-9.35000E+02 8.50000E+02
 -1      1113 4.12500E+04-1.36500E+03 8.50000E+02
 -1      1114 4.12500E+04-1.36500E+03 5.90000E+02
 -1      1115 4.12500E+04-9.35000E+02 5.90000E+02
 -1      1120 4.11300E+04-1.15000E+03 7.95000E+02
 -1      1121 4.13700E+04-1.15000E+03 7.95000E+02
 -1      1122 4.13700E+04-1.15000E+03 6.45000E+02
 -1      1123 4.11300E+04-1.15000E+03 6.45000E+02
 -1      1146 4.33500E+04-9.35000E+02 8.50000E+02
 -1      1147 4.33500E+04-1.36500E+03 8.50000E+02
 -1      1148 4.33500E+04-1.36500E+03 5.90000E+02
 -1      1149 4.33500E+04-9.35000E+02 5.90000E+02
 -1      1154 4.32300E+04-1.15000E+03 7.95000E+02
 -1      1155 4.34700E+04-1.15000E+03 7.95000E+02
 -1      1156 4.34700E+04-1.15000E+03 6.45000E+02
 -1      1157 4.32300E+04-1.15000E+03 6.45000E+02
 -1      1180 4.95000E+04-9.35000E+02 8.50000E+02
 -1      1181 4.95000E+04-1.36500E+03 8.50000E+02
 -1      1182 4.95000E+04-1.36500E+03 5.90000E+02
 -1      1183 4.95000E+04-9.35000E+02 5.90000E+02
 -1      1188 4.93800E+04-1.15000E+03 7.95000E+02
 -1      1189 4.96200E+04-1.15000E+03 7.95000E+02
 -1      1190 4.96200E+04-1.15000E+03 6.45000E+02
 -1      1191 4.93800E+04-1.15000E+03 6.45000E+02
 -1      1214 5.56500E+04-9.35000E+02 8.50000E+02
 -1      1215 5.56500E+04-1.36500E+03 8.50000E+02
 -1      1216 5.56500E+04-1.36500E+03 5.90000E+02
 -1      1217 5.56500E+04-9.35000E+02 5.90000E+02
 -1      1222 5.55300E+04-1.15000E+03 7.95000E+02
 -1      1223 5.57700E+04-1.15000E+03 7.95000E+02
 -1      1224 5.57700E+04-1.15000E+03 6.45000E+02
 -1      1225 5.55300E+04-1.15000E+03 6.45000E+02
 -1      1248 5.77500E+04-9.35000E+02 8.50000E+02
 -1      1249 5.77500E+04-1.36500E+03 8.50000E+02
 -1      1250 5.77500E+04-1.36500E+03 5.90000E+02
 -1      1251 5.77500E+04-9.35000E+02 5.90000E+02
 -1      1256 5.76300E+04-1.15000E+03 7.95000E+02
 -1      1257 5.78700E+04-1.15000E+03 7.95000E+02
 -1      1258 5.78700E+04-1.15000E+03 6.45000E+02
 -1      1259 5.76300E+04-1.15000E+03 6.45000E+02
 -1      1282 5.98500E+04-9.35000E+02 8.50000E+02
 -1      1283 5.98500E+04-1.36500E+03 8.50000E+02
 -1      1284 5.98500E+04-1.36500E+03 5.90000E+02
 -1      1285 5.98500E+04-9.35000E+02 5.90000E+02
 -1      1290 5.97300E+04-1.15000E+03 7.95000E+02
 -1      1291 5.99700E+04-1.15000E+03 7.95000E+02
 -1      1292 5.99700E+04-1.15000E+03 6.45000E+02
 -1      1293 5.97300E+04-1.15000E+03 6.45000E+02
 -1      1316 6.60000E+04-9.35000E+02 8.50000E+02
 -1      1317 6.60000E+04-1.36500E+03 8.50000E+02
 -1      1318 6.60000E+04-1.36500E+03 5.90000E+02
 -1      1319 6.60000E+04-9.35000E+02 5.90000E+02
 -1      1324 6.58800E+04-1.15000E+03 7.95000E+02
 -1      1325 6.61200E+04-1.15000E+03 7.95000E+02
 -1      1326 6.61200E+04-1.15000E+03 6.45000E+02
 -1      1327 6.58800E+04-1.15000E+03 6.45000E+02
 -1      1350 7.21500E+04-9.35000E+02 8.50000E+02
 -1      1351 7.21500E+04-1.36500E+03 8.50000E+02
 -1      1352 7.21500E+04-1.36500E+03 5.90000E+02
 -1      1353 7.21500E+04-9.35000E+02 5.90000E+02
 -1      1358 7.20300E+04-1.15000E+03 7.95000E+02
 -1      1359 7.22700E+04-1.15000E+03 7.95000E+02
 -1      1360 7.22700E+04-1.15000E+03 6.45000E+02
 -1      1361 7.20300E+04-1.15000E+03 6.45000E+02
 -1      1384 7.42500E+04-9.35000E+02 8.50000E+02
 -1      1385 7.42500E+04-1.36500E+03 8.50000E+02
 -1      1386 7.42500E+04-1.36500E+03 5.90000E+02
 -1      1387 7.42500E+04-9.35000E+02 5.90000E+02
 -1      1392 7.41300E+04-1.15000E+03 7.95000E+02
 -1      1393 7.43700E+04-1.15000E+03 7.95000E+02
 -1      1394 7.43700E+04-1.15000E+03 6.45000E+02
 -1      1395 7.41300E+04-1.15000E+03 6.45000E+02
 -1      1418-7.42500E+04 1.36500E+03 8.50000E+02
 -1      1419-7.42500E+04 9.35000E+02 8.50000E+02
 -1      1420-7.42500E+04 9.35000E+02 5.90000E+02
 -1      1421-7.42500E+04 1.36500E+03 5.90000E+02
 -1      1426-7.43700E+04 1.15000E+03 7.95000E+02
 -1      1427-7.41300E+04 1.15000E+03 7.95000E+02
 -1      1428-7.41300E+04 1.15000E+03 6.45000E+02
 -1      1429-7.43700E+04 1.15000E+03 6.45000E+02
 -1      1452-7.21500E+04 1.36500E+03 8.50000E+02
 -1      1453-7.21500E+04 9.35000E+02 8.50000E+02
 -1      1454-7.21500E+04 9.35000E+02 5.90000E+02
 -1      1455-7.21500E+04 1.36500E+03 5.90000E+02
 -1      1460-7.22700E+04 1.15000E+03 7.95000E+02
 -1      1461-7.20300E+04 1.15000E+03 7.95000E+02
 -1      1462-7.20300E+04 1.15000E+03 6.45000E+02
 -1      1463-7.22700E+04 1.15000E+03 6.45000E+02
 -1      1486-6.60000E+04 1.36500E+03 8.50000E+02
 -1      1487-6.60000E+04 9.35000E+02 8.50000E+02
 -1      1488-6.60000E+04 9.35000E+02 5.90000E+02
 -1      1489-6.60000E+04 1.36500E+03 5.90000E+02
 -1      1494-6.61200E+04 1.15000E+03 7.95000E+02
 -1      1495-6.58800E+04 1.15000E+03 7.95000E+02
 -1      1496-6.58800E+04 1.15000E+03 6.45000E+02
 -1      1497-6.61200E+04 1.15000E+03 6.45000E+02
 -1      1520-5.98500E+04 1.36500E+03 8.50000E+02
 -1      1521-5.98500E+04 9.35000E+02 8.50000E+02
 -1      1522-5.98500E+04 9.35000E+02 5.90000E+02
 -1      1523-5.98500E+04 1.36500E+03 5.90000E+02
 -1      1528-5.99700E+04 1.15000E+03 7.95000E+02
 -1      1529-5.97300E+04 1.15000E+03 7.95000E+02
 -1      1530-5.97300E+04 1.15000E+03 6.45000E+02
 -1      1531-5.99700E+04 1.15000E+03 6.45000E+02
 -1      1554-5.77500E+04 1.36500E+03 8.50000E+02
 -1      1555-5.77500E+04 9.35000E+02 8.50000E+02
 -1      1556-5.77500E+04 9.35000E+02 5.90000E+02
 -1      1557-5.77500E+04 1.36500E+03 5.90000E+02
 -1      1562-5.78700E+04 1.15000E+03 7.95000E+02
 -1      1563-5.76300E+04 1.15000E+03 7.95000E+02
 -1      1564-5.76300E+04 1.15000E+03 6.45000E+02
 -1      1565-5.78700E+04 1.15000E+03 6.45000E+02
 -1      1588-5.56500E+04 1.36500E+03 8.50000E+02
 -1      1589-5.56500E+04 9.35000E+02 8.50000E+02
 -1      1590-5.56500E+04 9.35000E+02 5.90000E+02
 -1      1591-5.56500E+04 1.36500E+03 5.90000E+02
 -1      1596-5.57700E+04 1.15000E+03 7.95000E+02
 -1      1597-5.55300E+04 1.15000E+03 7.95000E+02
 -1      1598-5.55300E+04 1.15000E+03 6.45000E+02
 -1      1599-5.57700E+04 1.15000E+03 6.45000E+02
 -1      1622-4.95000E+04 1.36500E+03 8.50000E+02
 -1      1623-4.95000E+04 9.35000E+02 8.50000E+02
 -1      1624-4.95000E+04 9.35000E+02 5.90000E+02
 -1      1625-4.95000E+04 1.36500E+03 5.90000E+02
 -1      1630-4.96200E+04 1.15000E+03 7.95000E+02
 -1      1631-4.93800E+04 1.15000E+03 7.95000E+02
 -1      1632-4.93800E+04 1.15000E+03 6.45000E+02
 -1      1633-4.96200E+04 1.15000E+03 6.45000E+02
 -1      1656-4.33500E+04 1.36500E+03 8.50000E+02
 -1      1657-4.33500E+04 9.35000E+02 8.50000E+02
 -1      1658-4.33500E+04 9.35000E+02 5.90000E+02
 -1      1659-4.33500E+04 1.36500E+03 5.90000E+02
 -1      1664-4.34700E+04 1.15000E+03 7.95000E+02
 -1      1665-4.32300E+04 1.15000E+03 7.95000E+02
 -1      1666-4.32300E+04 1.15000E+03 6.45000E+02
 -1      1667-4.34700E+04 1.15000E+03 6.45000E+02
 -1      1690-4.12500E+04 1.36500E+03 8.50000E+02
 -1      1691-4.12500E+04 9.35000E+02 8.50000E+02
 -1      1692-4.12500E+04 9.35000E+02 5.90000E+02
 -1      1693-4.12500E+04 1.36500E+03 5.90000E+02
 -1      1698-4.13700E+04 1.15000E+03 7.95000E+02
 -1      1699-4.11300E+04 1.15000E+03 7.95000E+02
 -1      1700-4.11300E+04 1.15000E+03 6.45000E+02
 -1      1701-4.13700E+04 1.15000E+03 6.45000E+02
 -1      1724-3.91500E+04 1.36500E+03 8.50000E+02
 -1      1725-3.91500E+04 9.35000E+02 8.50000E+02
 -1      1726-3.91500E+04 9.35000E+02 5.90000E+02
 -1      1727-3.91500E+04 1.36500E+03 5.90000E+02
 -1      1732-3.92700E+04 1.15000E+03 7.95000E+02
 -1      1733-3.90300E+04 1.15000E+03 7.95000E+02
 -1      1734-3.90300E+04 1.15000E+03 6.45000E+02
 -1      1735-3.92700E+04 1.15000E+03 6.45000E+02
 -1      1758-3.30000E+04 1.36500E+03 8.50000E+02
 -1      1759-3.30000E+04 9.35000E+02 8.50000E+02
 -1      1760-3.30000E+04 9.35000E+02 5.90000E+02
 -1      1761-3.30000E+04 1.36500E+03 5.90000E+02
 -1      1766-3.31200E+04 1.15000E+03 7.95000E+02
 -1      1767-3.28800E+04 1.15000E+03 7.95000E+02
 -1      1768-3.28800E+04 1.15000E+03 6.45000E+02
 -1      1769-3.31200E+04 1.15000E+03 6.45000E+02
 -1      1792-2.68500E+04 1.36500E+03 8.50000E+02
 -1      1793-2.68500E+04 9.35000E+02 8.50000E+02
 -1      1794-2.68500E+04 9.35000E+02 5.90000E+02
 -1      1795-2.68500E+04 1.36500E+03 5.90000E+02
 -1      1800-2.69700E+04 1.15000E+03 7.95000E+02
 -1      1801-2.67300E+04 1.15000E+03 7.95000E+02
 -1      1802-2.67300E+04 1.15000E+03 6.45000E+02
 -1      1803-2.69700E+04 1.15000E+03 6.45000E+02
 -1      1826-2.47500E+04 1.36500E+03 8.50000E+02
 -1      1827-2.47500E+04 9.35000E+02 8.50000E+02
 -1      1828-2.47500E+04 9.35000E+02 5.90000E+02
 -1      1829-2.47500E+04 1.36500E+03 5.90000E+02
 -1      1834-2.48700E+04 1.15000E+03 7.95000E+02
 -1      1835-2.46300E+04 1.15000E+03 7.95000E+02
 -1      1836-2.46300E+04 1.15000E+03 6.45000E+02
 -1      1837-2.48700E+04 1.15000E+03 6.45000E+02
 -1      1842-2.49000E+04 1.15000E+03 8.40000E+02
 -1      1843-2.46000E+04 1.15000E+03 8.40000E+02
 -1      1844-2.46000E+04 1.15000E+03 6.00000E+02
 -1      1845-2.49000E+04 1.15000E+03 6.00000E+02
 -1      1876-2.26500E+04 1.36500E+03 8.50000E+02
 -1      1877-2.26500E+04 9.35000E+02 8.50000E+02
 -1      1878-2.26500E+04 9.35000E+02 5.90000E+02
 -1      1879-2.26500E+04 1.36500E+03 5.90000E+02
 -1      1884-2.27700E+04 1.15000E+03 7.95000E+02
 -1      1885-2.25300E+04 1.15000E+03 7.95000E+02
 -1      1886-2.25300E+04 1.15000E+03 6.45000E+02
 -1      1887-2.27700E+04 1.15000E+03 6.45000E+02
 -1      1910-1.65000E+04 1.36500E+03 8.50000E+02
 -1      1911-1.65000E+04 9.35000E+02 8.50000E+02
 -1      1912-1.65000E+04 9.35000E+02 5.90000E+02
 -1      1913-1.65000E+04 1.36500E+03 5.90000E+02
 -1      1918-1.66200E+04 1.15000E+03 7.95000E+02
 -1      1919-1.63800E+04 1.15000E+03 7.95000E+02
 -1      1920-1.63800E+04 1.15000E+03 6.45000E+02
 -1      1921-1.66200E+04 1.15000E+03 6.45000E+02
 -1      1944-1.03500E+04 1.36500E+03 8.50000E+02
 -1      1945-1.03500E+04 9.35000E+02 8.50000E+02
 -1      1946-1.03500E+04 9.35000E+02 5.90000E+02
 -1      1947-1.03500E+04 1.36500E+03 5.90000E+02
 -1      1952-1.04700E+04 1.15000E+03 7.95000E+02
 -1      1953-1.02300E+04 1.15000E+03 7.95000E+02
 -1      1954-1.02300E+04 1.15000E+03 6.45000E+02
 -1      1955-1.04700E+04 1.15000E+03 6.45000E+02
 -1      1978-8.25000E+03 1.36500E+03 8.50000E+02
 -1      1979-8.25000E+03 9.35000E+02 8.50000E+02
 -1      1980-8.25000E+03 9.35000E+02 5.90000E+02
 -1      1981-8.25000E+03 1.36500E+03 5.90000E+02
 -1      1986-8.37000E+03 1.15000E+03 7.95000E+02
 -1      1987-8.13000E+03 1.15000E+03 7.95000E+02
 -1      1988-8.13000E+03 1.15000E+03 6.45000E+02
 -1      1989-8.37000E+03 1.15000E+03 6.45000E+02
 -1      2012-6.15000E+03 1.36500E+03 8.50000E+02
 -1      2013-6.15000E+03 9.35000E+02 8.50000E+02
 -1      2014-6.15000E+03 9.35000E+02 5.90000E+02
 -1      2015-6.15000E+03 1.36500E+03 5.90000E+02
 -1      2020-6.27000E+03 1.15000E+03 7.95000E+02
 -1      2021-6.03000E+03 1.15000E+03 7.95000E+02
 -1      2022-6.03000E+03 1.15000E+03 6.45000E+02
 -1      2023-6.27000E+03 1.15000E+03 6.45000E+02
 -1      2046 0.00000E+00 1.36500E+03 8.50000E+02
 -1      2047 0.00000E+00 9.35000E+02 8.50000E+02
 -1      2048 0.00000E+00 9.35000E+02 5.90000E+02
 -1      2049 0.00000E+00 1.36500E+03 5.90000E+02
 -1      2054-1.20000E+02 1.15000E+03 7.95000E+02
 -1      2055 1.20000E+02 1.15000E+03 7.95000E+02
 -1      2056 1.20000E+02 1.15000E+03 6.45000E+02
 -1      2057-1.20000E+02 1.15000E+03 6.45000E+02
 -1      2080 6.15000E+03 1.36500E+03 8.50000E+02
 -1      2081 6.15000E+03 9.35000E+02 8.50000E+02
 -1      2082 6.15000E+03 9.35000E+02 5.90000E+02
 -1      2083 6.15000E+03 1.36500E+03 5.90000E+02
 -1      2088 6.03000E+03 1.15000E+03 7.95000E+02
 -1      2089 6.27000E+03 1.15000E+03 7.95000E+02
 -1      2090 6.27000E+03 1.15000E+03 6.45000E+02
 -1      2091 6.03000E+03 1.15000E+03 6.45000E+02
 -1      2114 8.25000E+03 1.36500E+03 8.50000E+02
 -1      2115 8.25000E+03 9.35000E+02 8.50000E+02
 -1      2116 8.25000E+03 9.35000E+02 5.90000E+02
 -1      2117 8.25000E+03 1.36500E+03 5.90000E+02
 -1      2122 8.13000E+03 1.15000E+03 7.95000E+02
 -1      2123 8.37000E+03 1.15000E+03 7.95000E+02
 -1      2124 8.37000E+03 1.15000E+03 6.45000E+02
 -1      2125 8.13000E+03 1.15000E+03 6.45000E+02
 -1      2148 1.03500E+04 1.36500E+03 8.50000E+02
 -1      2149 1.03500E+04 9.35000E+02 8.50000E+02
 -1      2150 1.03500E+04 9.35000E+02 5.90000E+02
 -1      2151 1.03500E+04 1.36500E+03 5.90000E+02
 -1      2156 1.02300E+04 1.15000E+03 7.95000E+02
 -1      2157 1.04700E+04 1.15000E+03 7.95000E+02
 -1      2158 1.04700E+04 1.15000E+03 6.45000E+02
 -1      2159 1.02300E+04 1.15000E+03 6.45000E+02
 -1      2182 1.65000E+04 1.36500E+03 8.50000E+02
 -1      2183 1.65000E+04 9.35000E+02 8.50000E+02
 -1      2184 1.65000E+04 9.35000E+02 5.90000E+02
 -1      2185 1.65000E+04 1.36500E+03 5.90000E+02
 -1      2190 1.63800E+04 1.15000E+03 7.95000E+02
 -1      2191 1.66200E+04 1.15000E+03 7.95000E+02
 -1      2192 1.66200E+04 1.15000E+03 6.45000E+02
 -1      2193 1.63800E+04 1.15000E+03 6.45000E+02
 -1      2216 2.26500E+04 1.36500E+03 8.50000E+02
 -1      2217 2.26500E+04 9.35000E+02 8.50000E+02
 -1      2218 2.26500E+04 9.35000E+02 5.90000E+02
 -1      2219 2.26500E+04 1.36500E+03 5.90000E+02
 -1      2224 2.25300E+04 1.15000E+03 7.95000E+02
 -1      2225 2.27700E+04 1.15000E+03 7.95000E+02
 -1      2226 2.27700E+04 1.15000E+03 6.45000E+02
 -1      2227 2.25300E+04 1.15000E+03 6.45000E+02
 -1      2250 2.47500E+04 1.36500E+03 8.50000E+02
 -1      2251 2.47500E+04 9.35000E+02 8.50000E+02
 -1      2252 2.47500E+04 9.35000E+02 5.90000E+02
 -1      2253 2.47500E+04 1.36500E+03 5.90000E+02
 -1      2258 2.46300E+04 1.15000E+03 7.95000E+02
 -1      2259 2.48700E+04 1.15000E+03 7.95000E+02
 -1      2260 2.48700E+04 1.15000E+03 6.45000E+02
 -1      2261 2.46300E+04 1.15000E+03 6.45000E+02
 -1      2266 2.46000E+04 1.15000E+03 8.40000E+02
 -1      2267 2.49000E+04 1.15000E+03 8.40000E+02
 -1      2268 2.49000E+04 1.15000E+03 6.00000E+02
 -1      2269 2.46000E+04 1.15000E+03 6.00000E+02
 -1      2300 2.68500E+04 1.36500E+03 8.50000E+02
 -1      2301 2.68500E+04 9.35000E+02 8.50000E+02
 -1      2302 2.68500E+04 9.35000E+02 5.90000E+02
 -1      2303 2.68500E+04 1.36500E+03 5.90000E+02
 -1      2308 2.67300E+04 1.15000E+03 7.95000E+02
 -1      2309 2.69700E+04 1.15000E+03 7.95000E+02
 -1      2310 2.69700E+04 1.15000E+03 6.45000E+02
 -1      2311 2.67300E+04 1.15000E+03 6.45000E+02
 -1      2334 3.30000E+04 1.36500E+03 8.50000E+02
 -1      2335 3.30000E+04 9.35000E+02 8.50000E+02
 -1      2336 3.30000E+04 9.35000E+02 5.90000E+02
 -1      2337 3.30000E+04 1.36500E+03 5.90000E+02
 -1      2342 3.28800E+04 1.15000E+03 7.95000E+02
 -1      2343 3.31200E+04 1.15000E+03 7.95000E+02
 -1      2344 3.31200E+04 1.15000E+03 6.45000E+02
 -1      2345 3.28800E+04 1.15000E+03 6.45000E+02
 -1      2368 3.91500E+04 1.36500E+03 8.50000E+02
 -1      2369 3.91500E+04 9.35000E+02 8.50000E+02
 -1      2370 3.91500E+04 9.35000E+02 5.90000E+02
 -1      2371 3.91500E+04 1.36500E+03 5.90000E+02
 -1      2376 3.90300E+04 1.15000E+03 7.95000E+02
 -1      2377 3.92700E+04 1.15000E+03 7.95000E+02
 -1      2378 3.92700E+04 1.15000E+03 6.45000E+02
 -1      2379 3.90300E+04 1.15000E+03 6.45000E+02
 -1      2402 4.12500E+04 1.36500E+03 8.50000E+02
 -1      2403 4.12500E+04 9.35000E+02 8.50000E+02
 -1      2404 4.12500E+04 9.35000E+02 5.90000E+02
 -1      2405 4.12500E+04 1.36500E+03 5.90000E+02
 -1      2410 4.11300E+04 1.15000E+03 7.95000E+02
 -1      2411 4.13700E+04 1.15000E+03 7.95000E+02
 -1      2412 4.13700E+04 1.15000E+03 6.45000E+02
 -1      2413 4.11300E+04 1.15000E+03 6.45000E+02
 -1      2436 4.33500E+04 1.36500E+03 8.50000E+02
 -1      2437 4.33500E+04 9.35000E+02 8.50000E+02
 -1      2438 4.33500E+04 9.35000E+02 5.90000E+02
 -1      2439 4.33500E+04 1.36500E+03 5.90000E+02
 -1      2444 4.32300E+04 1.15000E+03 7.95000E+02
 -1      2445 4.34700E+04 1.15000E+03 7.95000E+02
 -1      2446 4.34700E+04 1.15000E+03 6.45000E+02
 -1      2447 4.32300E+04 1.15000E+03 6.45000E+02
 -1      2470 4.95000E+04 1.36500E+03 8.50000E+02
 -1      2471 4.95000E+04 9.35000E+02 8.50000E+02
 -1      2472 4.95000E+04 9.35000E+02 5.90000E+02
 -1      2473 4.95000E+04 1.36500E+03 5.90000E+02
 -1      2478 4.93800E+04 1.15000E+03 7.95000E+02
 -1      2479 4.96200E+04 1.15000E+03 7.95000E+02
 -1      2480 4.96200E+04 1.15000E+03 6.45000E+02
 -1      2481 4.93800E+04 1.15000E+03 6.45000E+02
 -1      2504 5.56500E+04 1.36500E+03 8.50000E+02
 -1      2505 5.56500E+04 9.35000E+02 8.50000E+02
 -1      2506 5.56500E+04 9.35000E+02 5.90000E+02
 -1      2507 5.56500E+04 1.36500E+03 5.90000E+02
 -1      2512 5.55300E+04 1.15000E+03 7.95000E+02
 -1      2513 5.57700E+04 1.15000E+03 7.95000E+02
 -1      2514 5.57700E+04 1.15000E+03 6.45000E+02
 -1      2515 5.55300E+04 1.15000E+03 6.45000E+02
 -1      2538 5.77500E+04 1.36500E+03 8.50000E+02
 -1      2539 5.77500E+04 9.35000E+02 8.50000E+02
 -1      2540 5.77500E+04 9.35000E+02 5.90000E+02
 -1      2541 5.77500E+04 1.36500E+03 5.90000E+02
 -1      2546 5.76300E+04 1.15000E+03 7.95000E+02
 -1      2547 5.78700E+04 1.15000E+03 7.95000E+02
 -1      2548 5.78700E+04 1.15000E+03 6.45000E+02
 -1      2549 5.76300E+04 1.15000E+03 6.45000E+02
 -1      2572 5.98500E+04 1.36500E+03 8.50000E+02
 -1      2573 5.98500E+04 9.35000E+02 8.50000E+02
 -1      2574 5.98500E+04 9.35000E+02 5.90000E+02
 -1      2575 5.98500E+04 1.36500E+03 5.90000E+02
 -1      2580 5.97300E+04 1.15000E+03 7.95000E+02
 -1      2581 5.99700E+04 1.15000E+03 7.95000E+02
 -1      2582 5.99700E+04 1.15000E+03 6.45000E+02
 -1      2583 5.97300E+04 1.15000E+03 6.45000E+02
 -1      2606 6.60000E+04 1.36500E+03 8.50000E+02
 -1      2607 6.60000E+04 9.35000E+02 8.50000E+02
 -1      2608 6.60000E+04 9.35000E+02 5.90000E+02
 -1      2609 6.60000E+04 1.36500E+03 5.90000E+02
 -1      2614 6.58800E+04 1.15000E+03 7.95000E+02
 -1      2615 6.61200E+04 1.15000E+03 7.95000E+02
 -1      2616 6.61200E+04 1.15000E+03 6.45000E+02
 -1      2617 6.58800E+04 1.15000E+03 6.45000E+02
 -1      2640 7.21500E+04 1.36500E+03 8.50000E+02
 -1      2641 7.21500E+04 9.35000E+02 8.50000E+02
 -1      2642 7.21500E+04 9.35000E+02 5.90000E+02
 -1      2643 7.21500E+04 1.36500E+03 5.90000E+02
 -1      2648 7.20300E+04 1.15000E+03 7.95000E+02
 -1      2649 7.22700E+04 1.15000E+03 7.95000E+02
 -1      2650 7.22700E+04 1.15000E+03 6.45000E+02
 -1      2651 7.20300E+04 1.15000E+03 6.45000E+02
 -1      2674 7.42500E+04 1.36500E+03 8.50000E+02
 -1      2675 7.42500E+04 9.35000E+02 8.50000E+02
 -1      2676 7.42500E+04 9.35000E+02 5.90000E+02
 -1      2677 7.42500E+04 1.36500E+03 5.90000E+02
 -1      2682 7.41300E+04 1.15000E+03 7.95000E+02
 -1      2683 7.43700E+04 1.15000E+03 7.95000E+02
 -1      2684 7.43700E+04 1.15000E+03 6.45000E+02
 -1      2685 7.41300E+04 1.15000E+03 6.45000E+02
 -1      2708-7.42500E+04 1.80000E+02 7.60000E+02
 -1      2709-7.42500E+04-1.80000E+02 7.60000E+02
 -1      2710-7.42500E+04-1.80000E+02 5.40000E+02
 -1      2711-7.42500E+04 1.80000E+02 5.40000E+02
 -1      2716-7.21500E+04 1.80000E+02 7.60000E+02
 -1      2717-7.21500E+04-1.80000E+02 7.60000E+02
 -1      2718-7.21500E+04-1.80000E+02 5.40000E+02
 -1      2719-7.21500E+04 1.80000E+02 5.40000E+02
 -1      2724-6.60000E+04 1.80000E+02 7.60000E+02
 -1      2725-6.60000E+04-1.80000E+02 7.60000E+02
 -1      2726-6.60000E+04-1.80000E+02 5.40000E+02
 -1      2727-6.60000E+04 1.80000E+02 5.40000E+02
 -1      2732-5.98500E+04 1.80000E+02 7.60000E+02
 -1      2733-5.98500E+04-1.80000E+02 7.60000E+02
 -1      2734-5.98500E+04-1.80000E+02 5.40000E+02
 -1      2735-5.98500E+04 1.80000E+02 5.40000E+02
 -1      2740-5.77500E+04 1.80000E+02 7.60000E+02
 -1      2741-5.77500E+04-1.80000E+02 7.60000E+02
 -1      2742-5.77500E+04-1.80000E+02 5.40000E+02
 -1      2743-5.77500E+04 1.80000E+02 5.40000E+02
 -1      2748-5.56500E+04 1.80000E+02 7.60000E+02
 -1      2749-5.56500E+04-1.80000E+02 7.60000E+02
 -1      2750-5.56500E+04-1.80000E+02 5.40000E+02
 -1      2751-5.56500E+04 1.80000E+02 5.40000E+02
 -1      2756-4.95000E+04 1.80000E+02 7.60000E+02
 -1      2757-4.95000E+04-1.80000E+02 7.60000E+02
 -1      2758-4.95000E+04-1.80000E+02 5.40000E+02
 -1      2759-4.95000E+04 1.80000E+02 5.40000E+02
 -1      2764-4.33500E+04 1.80000E+02 7.60000E+02
 -1      2765-4.33500E+04-1.80000E+02 7.60000E+02
 -1      2766-4.33500E+04-1.80000E+02 5.40000E+02
 -1      2767-4.33500E+04 1.80000E+02 5.40000E+02
 -1      2772-4.12500E+04 1.80000E+02 7.60000E+02
 -1      2773-4.12500E+04-1.80000E+02 7.60000E+02
 -1      2774-4.12500E+04-1.80000E+02 5.40000E+02
 -1      2775-4.12500E+04 1.80000E+02 5.40000E+02
 -1      2780-3.91500E+04 1.80000E+02 7.60000E+02
 -1      2781-3.91500E+04-1.80000E+02 7.60000E+02
 -1      2782-3.91500E+04-1.80000E+02 5.40000E+02
 -1      2783-3.91500E+04 1.80000E+02 5.40000E+02
 -1      2788-3.30000E+04 1.80000E+02 7.60000E+02
 -1      2789-3.30000E+04-1.80000E+02 7.60000E+02
 -1      2790-3.30000E+04-1.80000E+02 5.40000E+02
 -1      2791-3.30000E+04 1.80000E+02 5.40000E+02
 -1      2796-2.68500E+04 1.80000E+02 7.60000E+02
 -1      2797-2.68500E+04-1.80000E+02 7.60000E+02
 -1      2798-2.68500E+04-1.80000E+02 5.40000E+02
 -1      2799-2.68500E+04 1.80000E+02 5.40000E+02
 -1      2804-2.47500E+04 1.80000E+02 7.60000E+02
 -1      2805-2.47500E+04-1.80000E+02 7.60000E+02
 -1      2806-2.47500E+04-1.80000E+02 5.40000E+02
 -1      2807-2.47500E+04 1.80000E+02 5.40000E+02
 -1      2812-2.26500E+04 1.80000E+02 7.60000E+02
 -1      2813-2.26500E+04-1.80000E+02 7.60000E+02
 -1      2814-2.26500E+04-1.80000E+02 5.40000E+02
 -1      2815-2.26500E+04 1.80000E+02 5.40000E+02
 -1      2820-1.65000E+04 1.80000E+02 7.60000E+02
 -1      2821-1.65000E+04-1.80000E+02 7.60000E+02
 -1      2822-1.65000E+04-1.80000E+02 5.40000E+02
 -1      2823-1.65000E+04 1.80000E+02 5.40000E+02
 -1      2828-1.03500E+04 1.80000E+02 7.60000E+02
 -1      2829-1.03500E+04-1.80000E+02 7.60000E+02
 -1      2830-1.03500E+04-1.80000E+02 5.40000E+02
 -1      2831-1.03500E+04 1.80000E+02 5.40000E+02
 -1      2836-8.25000E+03 1.80000E+02 7.60000E+02
 -1      2837-8.25000E+03-1.80000E+02 7.60000E+02
 -1      2838-8.25000E+03-1.80000E+02 5.40000E+02
 -1      2839-8.25000E+03 1.80000E+02 5.40000E+02
 -1      2844-6.15000E+03 1.80000E+02 7.60000E+02
 -1      2845-6.15000E+03-1.80000E+02 7.60000E+02
 -1      2846-6.15000E+03-1.80000E+02 5.40000E+02
 -1      2847-6.15000E+03 1.80000E+02 5.40000E+02
 -1      2852 0.00000E+00 1.80000E+02 7.60000E+02
 -1      2853 0.00000E+00-1.80000E+02 7.60000E+02
 -1      2854 0.00000E+00-1.80000E+02 5.40000E+02
 -1      2855 0.00000E+00 1.80000E+02 5.40000E+02
 -1      2860 6.15000E+03 1.80000E+02 7.60000E+02
 -1      2861 6.15000E+03-1.80000E+02 7.60000E+02
 -1      2862 6.15000E+03-1.80000E+02 5.40000E+02
 -1      2863 6.15000E+03 1.80000E+02 5.40000E+02
 -1      2868 8.25000E+03 1.80000E+02 7.60000E+02
 -1      2869 8.25000E+03-1.80000E+02 7.60000E+02
 -1      2870 8.25000E+03-1.80000E+02 5.40000E+02
 -1      2871 8.25000E+03 1.80000E+02 5.40000E+02
 -1      2876 1.03500E+04 1.80000E+02 7.60000E+02
 -1      2877 1.03500E+04-1.80000E+02 7.60000E+02
 -1      2878 1.03500E+04-1.80000E+02 5.40000E+02
 -1      2879 1.03500E+04 1.80000E+02 5.40000E+02
 -1      2884 1.65000E+04 1.80000E+02 7.60000E+02
 -1      2885 1.65000E+04-1.80000E+02 7.60000E+02
 -1      2886 1.65000E+04-1.80000E+02 5.40000E+02
 -1      2887 1.65000E+04 1.80000E+02 5.40000E+02
 -1      2892 2.26500E+04 1.80000E+02 7.60000E+02
 -1      2893 2.26500E+04-1.80000E+02 7.60000E+02
 -1      2894 2.26500E+04-1.80000E+02 5.40000E+02
 -1      2895 2.26500E+04 1.80000E+02 5.40000E+02
 -1      2900 2.47500E+04 1.80000E+02 7.60000E+02
 -1      2901 2.47500E+04-1.80000E+02 7.60000E+02
 -1      2902 2.47500E+04-1.80000E+02 5.40000E+02
 -1      2903 2.47500E+04 1.80000E+02 5.40000E+02
 -1      2908 2.68500E+04 1.80000E+02 7.60000E+02
 -1      2909 2.68500E+04-1.80000E+02 7.60000E+02
 -1      2910 2.68500E+04-1.80000E+02 5.40000E+02
 -1      2911 2.68500E+04 1.80000E+02 5.40000E+02
 -1      2916 3.30000E+04 1.80000E+02 7.60000E+02
 -1      2917 3.30000E+04-1.80000E+02 7.60000E+02
 -1      2918 3.30000E+04-1.80000E+02 5.40000E+02
 -1      2919 3.30000E+04 1.80000E+02 5.40000E+02
 -1      2924 3.91500E+04 1.80000E+02 7.60000E+02
 -1      2925 3.91500E+04-1.80000E+02 7.60000E+02
 -1      2926 3.91500E+04-1.80000E+02 5.40000E+02
 -1      2927 3.91500E+04 1.80000E+02 5.40000E+02
 -1      2932 4.12500E+04 1.80000E+02 7.60000E+02
 -1      2933 4.12500E+04-1.80000E+02 7.60000E+02
 -1      2934 4.12500E+04-1.80000E+02 5.40000E+02
 -1      2935 4.12500E+04 1.80000E+02 5.40000E+02
 -1      2940 4.33500E+04 1.80000E+02 7.60000E+02
 -1      2941 4.33500E+04-1.80000E+02 7.60000E+02
 -1      2942 4.33500E+04-1.80000E+02 5.40000E+02
 -1      2943 4.33500E+04 1.80000E+02 5.40000E+02
 -1      2948 4.95000E+04 1.80000E+02 7.60000E+02
 -1      2949 4.95000E+04-1.80000E+02 7.60000E+02
 -1      2950 4.95000E+04-1.80000E+02 5.40000E+02
 -1      2951 4.95000E+04 1.80000E+02 5.40000E+02
 -1      2956 5.56500E+04 1.80000E+02 7.60000E+02
 -1      2957 5.56500E+04-1.80000E+02 7.60000E+02
 -1      2958 5.56500E+04-1.80000E+02 5.40000E+02
 -1      2959 5.56500E+04 1.80000E+02 5.40000E+02
 -1      2964 5.77500E+04 1.80000E+02 7.60000E+02
 -1      2965 5.77500E+04-1.80000E+02 7.60000E+02
 -1      2966 5.77500E+04-1.80000E+02 5.40000E+02
 -1      2967 5.77500E+04 1.80000E+02 5.40000E+02
 -1      2972 5.98500E+04 1.80000E+02 7.60000E+02
 -1      2973 5.98500E+04-1.80000E+02 7.60000E+02
 -1      2974 5.98500E+04-1.80000E+02 5.40000E+02
 -1      2975 5.98500E+04 1.80000E+02 5.40000E+02
 -1      2980 6.60000E+04 1.80000E+02 7.60000E+02
 -1      2981 6.60000E+04-1.80000E+02 7.60000E+02
 -1      2982 6.60000E+04-1.80000E+02 5.40000E+02
 -1      2983 6.60000E+04 1.80000E+02 5.40000E+02
 -1      2988 7.21500E+04 1.80000E+02 7.60000E+02
 -1      2989 7.21500E+04-1.80000E+02 7.60000E+02
 -1      2990 7.21500E+04-1.80000E+02 5.40000E+02
 -1      2991 7.21500E+04 1.80000E+02 5.40000E+02
 -1      2996 7.42500E+04 1.80000E+02 7.60000E+02
 -1      2997 7.42500E+04-1.80000E+02 7.60000E+02
 -1      2998 7.42500E+04-1.80000E+02 5.40000E+02
 -1      2999 7.42500E+04 1.80000E+02 5.40000E+02
 -1      3004-2.53700E+04-6.80000E+02 2.91000E+03
 -1      3005-2.53700E+04-8.40000E+02 2.91000E+03
 -1      3006-2.53700E+04-8.40000E+02 2.79000E+03
 -1      3007-2.53700E+04-6.80000E+02 2.79000E+03
 -1      3012-2.41300E+04-6.80000E+02 2.91000E+03
 -1      3013-2.41300E+04-8.40000E+02 2.91000E+03
 -1      3014-2.41300E+04-8.40000E+02 2.79000E+03
 -1      3015-2.41300E+04-6.80000E+02 2.79000E+03
 -1      3020-2.53700E+04-6.10000E+02 8.40000E+02
 -1      3021-2.53700E+04-9.10000E+02 8.40000E+02
 -1      3022-2.53700E+04-9.10000E+02 6.00000E+02
 -1      3023-2.53700E+04-6.10000E+02 6.00000E+02
 -1      3028-2.41300E+04-6.10000E+02 8.40000E+02
 -1      3029-2.41300E+04-9.10000E+02 8.40000E+02
 -1      3030-2.41300E+04-9.10000E+02 6.00000E+02
 -1      3031-2.41300E+04-6.10000E+02 6.00000E+02
 -1      3036-2.53700E+04 8.40000E+02 2.91000E+03
 -1      3037-2.53700E+04 6.80000E+02 2.91000E+03
 -1      3038-2.53700E+04 6.80000E+02 2.79000E+03
 -1      3039-2.53700E+04 8.40000E+02 2.79000E+03
 -1      3044-2.41300E+04 8.40000E+02 2.91000E+03
 -1      3045-2.41300E+04 6.80000E+02 2.91000E+03
 -1      3046-2.41300E+04 6.80000E+02 2.79000E+03
 -1      3047-2.41300E+04 8.40000E+02 2.79000E+03
 -1      3052-2.53700E+04 9.10000E+02 8.40000E+02
 -1      3053-2.53700E+04 6.10000E+02 8.40000E+02
 -1      3054-2.53700E+04 6.10000E+02 6.00000E+02
 -1      3055-2.53700E+04 9.10000E+02 6.00000E+02
 -1      3060-2.41300E+04 9.10000E+02 8.40000E+02
 -1      3061-2.41300E+04 6.10000E+02 8.40000E+02
 -1      3062-2.41300E+04 6.10000E+02 6.00000E+02
 -1      3063-2.41300E+04 9.10000E+02 6.00000E+02
 -1      3068 2.41300E+04-6.80000E+02 2.91000E+03
 -1      3069 2.41300E+04-8.40000E+02 2.91000E+03
 -1      3070 2.41300E+04-8.40000E+02 2.79000E+03
 -1      3071 2.41300E+04-6.80000E+02 2.79000E+03
 -1      3076 2.53700E+04-6.80000E+02 2.91000E+03
 -1      3077 2.53700E+04-8.40000E+02 2.91000E+03
 -1      3078 2.53700E+04-8.40000E+02 2.79000E+03
 -1      3079 2.53700E+04-6.80000E+02 2.79000E+03
 -1      3084 2.41300E+04-6.10000E+02 8.40000E+02
 -1      3085 2.41300E+04-9.10000E+02 8.40000E+02
 -1      3086 2.41300E+04-9.10000E+02 6.00000E+02
 -1      3087 2.41300E+04-6.10000E+02 6.00000E+02
 -1      3092 2.53700E+04-6.10000E+02 8.40000E+02
 -1      3093 2.53700E+04-9.10000E+02 8.40000E+02
 -1      3094 2.53700E+04-9.10000E+02 6.00000E+02
 -1      3095 2.53700E+04-6.10000E+02 6.00000E+02
 -1      3100 2.41300E+04 8.40000E+02 2.91000E+03
 -1      3101 2.41300E+04 6.80000E+02 2.91000E+03
 -1      3102 2.41300E+04 6.80000E+02 2.79000E+03
 -1      3103 2.41300E+04 8.40000E+02 2.79000E+03
 -1      3108 2.53700E+04 8.40000E+02 2.91000E+03
 -1      3109 2.53700E+04 6.80000E+02 2.91000E+03
 -1      3110 2.53700E+04 6.80000E+02 2.79000E+03
 -1      3111 2.53700E+04 8.40000E+02 2.79000E+03
 -1      3116 2.41300E+04 9.10000E+02 8.40000E+02
 -1      3117 2.41300E+04 6.10000E+02 8.40000E+02
 -1      3118 2.41300E+04 6.10000E+02 6.00000E+02
 -1      3119 2.41300E+04 9.10000E+02 6.00000E+02
 -1      3124 2.53700E+04 9.10000E+02 8.40000E+02
 -1      3125 2.53700E+04 6.10000E+02 8.40000E+02
 -1      3126 2.53700E+04 6.10000E+02 6.00000E+02
 -1      3127 2.53700E+04 9.10000E+02 6.00000E+02
 -3
    3C                           155                                     1
 -1         1    1    0    1
 -2       128       162       163       129       131       165       164       130
 -1         2    1    0    1
 -2       162       196       197       163       165       199       198       164
 -1         3    1    0    1
 -2       196       230       231       197       199       233       232       198
 -1         4    1    0    1
 -2       230       264       265       231       233       267       266       232
 -1         5    1    0    1
 -2       264       298       299       265       267       301       300       266
 -1         6    1    0    1
 -2       298       332       333       299       301       335       334       300
 -1         7    1    0    1
 -2       332       366       367       333       335       369       368       334
 -1         8    1    0    1
 -2       366       400       401       367       369       403       402       368
 -1         9    1    0    1
 -2       400       434       435       401       403       437       436       402
 -1        10    1    0    1
 -2       434       468       469       435       437       471       470       436
 -1        11    1    0    1
 -2       468       502       503       469       471       505       504       470
 -1        12    1    0    1
 -2       502       536       537       503       505       539       538       504
 -1        13    1    0    1
 -2       536       586       587       537       539       589       588       538
 -1        14    1    0    1
 -2       586       620       621       587       589       623       622       588
 -1        15    1    0    1
 -2       620       654       655       621       623       657       656       622
 -1        16    1    0    1
 -2       654       688       689       655       657       691       690       656
 -1        17    1    0    1
 -2       688       722       723       689       691       725       724       690
 -1        18    1    0    1
 -2       722       756       757       723       725       759       758       724
 -1        19    1    0    1
 -2       756       790       791       757       759       793       792       758
 -1        20    1    0    1
 -2       790       824       825       791       793       827       826       792
 -1        21    1    0    1
 -2       824       858       859       825       827       861       860       826
 -1        22    1    0    1
 -2       858       892       893       859       861       895       894       860
 -1        23    1    0    1
 -2       892       926       927       893       895       929       928       894
 -1        24    1    0    1
 -2       926       960       961       927       929       963       962       928
 -1        25    1    0    1
 -2       960      1010      1011       961       963      1013      1012       962
 -1        26    1    0    1
 -2      1010      1044      1045      1011      1013      1047      1046      1012
 -1        27    1    0    1
 -2      1044      1078      1079      1045      1047      1081      1080      1046
 -1        28    1    0    1
 -2      1078      1112      1113      1079      1081      1115      1114      1080
 -1        29    1    0    1
 -2      1112      1146      1147      1113      1115      1149      1148      1114
 -1        30    1    0    1
 -2      1146      1180      1181      1147      1149      1183      1182      1148
 -1        31    1    0    1
 -2      1180      1214      1215      1181      1183      1217      1216      1182
 -1        32    1    0    1
 -2      1214      1248      1249      1215      1217      1251      1250      1216
 -1        33    1    0    1
 -2      1248      1282      1283      1249      1251      1285      1284      1250
 -1        34    1    0    1
 -2      1282      1316      1317      1283      1285      1319      1318      1284
 -1        35    1    0    1
 -2      1316      1350      1351      1317      1319      1353      1352      1318
 -1        36    1    0    1
 -2      1350      1384      1385      1351      1353      1387      1386      1352
 -1        37    1    0    1
 -2      1418      1452      1453      1419      1421      1455      1454      1420
 -1        38    1    0    1
 -2      1452      1486      1487      1453      1455      1489      1488      1454
 -1        39    1    0    1
 -2      1486      1520      1521      1487      1489      1523      1522      1488
 -1        40    1    0    1
 -2      1520      1554      1555      1521      1523      1557      1556      1522
 -1        41    1    0    1
 -2      1554      1588      1589      1555      1557      1591      1590      1556
 -1        42    1    0    1
 -2      1588      1622      1623      1589      1591      1625      1624      1590
 -1        43    1    0    1
 -2      1622      1656      1657      1623      1625      1659      1658      1624
 -1        44    1    0    1
 -2      1656      1690      1691      1657      1659      1693      1692      1658
 -1        45    1    0    1
 -2      1690      1724      1725      1691      1693      1727      1726      1692
 -1        46    1    0    1
 -2      1724      1758      1759      1725      1727      1761      1760      1726
 -1        47    1    0    1
 -2      1758      1792      1793      1759      1761      1795      1794      1760
 -1        48    1    0    1
 -2      1792      1826      1827      1793      1795      1829      1828      1794
 -1        49    1    0    1
 -2      1826      1876      1877      1827      1829      1879      1878      1828
 -1        50    1    0    1
 -2      1876      1910      1911      1877      1879      1913      1912      1878
 -1        51    1    0    1
 -2      1910      1944      1945      1911      1913      1947      1946      1912
 -1        52    1    0    1
 -2      1944      1978      1979      1945      1947      1981      1980      1946
 -1        53    1    0    1
 -2      1978      2012      2013      1979      1981      2015      2014      1980
 -1        54    1    0    1
 -2      2012      2046      2047      2013      2015      2049      2048      2014
 -1        55    1    0    1
 -2      2046      2080      2081      2047      2049      2083      2082      2048
 -1        56    1    0    1
 -2      2080      2114      2115      2081      2083      2117      2116      2082
 -1        57    1    0    1
 -2      2114      2148      2149      2115      2117      2151      2150      2116
 -1        58    1    0    1
 -2      2148      2182      2183      2149      2151      2185      2184      2150
 -1        59    1    0    1
 -2      2182      2216      2217      2183      2185      2219      2218      2184
 -1        60    1    0    1
 -2      2216      2250      2251      2217      2219      2253      2252      2218
 -1        61    1    0    1
 -2      2250      2300      2301      2251      2253      2303      2302      2252
 -1        62    1    0    1
 -2      2300      2334      2335      2301      2303      2337      2336      2302
 -1        63    1    0    1
 -2      2334      2368      2369      2335      2337      2371      2370      2336
 -1        64    1    0    1
 -2      2368      2402      2403      2369      2371      2405      2404      2370
 -1        65    1    0    1
 -2      2402      2436      2437      2403      2405      2439      2438      2404
 -1        66    1    0    1
 -2      2436      2470      2471      2437      2439      2473      2472      2438
 -1        67    1    0    1
 -2      2470      2504      2505      2471      2473      2507      2506      2472
 -1        68    1    0    1
 -2      2504      2538      2539      2505      2507      2541      2540      2506
 -1        69    1    0    1
 -2      2538      2572      2573      2539      2541      2575      2574      2540
 -1        70    1    0    1
 -2      2572      2606      2607      2573      2575      2609      2608      2574
 -1        71    1    0    1
 -2      2606      2640      2641      2607      2609      2643      2642      2608
 -1        72    1    0    1
 -2      2640      2674      2675      2641      2643      2677      2676      2642
 -1        73    1    0    1
 -2      2708      2716      2717      2709      2711      2719      2718      2710
 -1        74    1    0    1
 -2      2716      2724      2725      2717      2719      2727      2726      2718
 -1        75    1    0    1
 -2      2724      2732      2733      2725      2727      2735      2734      2726
 -1        76    1    0    1
 -2      2732      2740      2741      2733      2735      2743      2742      2734
 -1        77    1    0    1
 -2      2740      2748      2749      2741      2743      2751      2750      2742
 -1        78    1    0    1
 -2      2748      2756      2757      2749      2751      2759      2758      2750
 -1        79    1    0    1
 -2      2756      2764      2765      2757      2759      2767      2766      2758
 -1        80    1    0    1
 -2      2764      2772      2773      2765      2767      2775      2774      2766
 -1        81    1    0    1
 -2      2772      2780      2781      2773      2775      2783      2782      2774
 -1        82    1    0    1
 -2      2780      2788      2789      2781      2783      2791      2790      2782
 -1        83    1    0    1
 -2      2788      2796      2797      2789      2791      2799      2798      2790
 -1        84    1    0    1
 -2      2796      2804      2805      2797      2799      2807      2806      2798
 -1        85    1    0    1
 -2      2804      2812      2813      2805      2807      2815      2814      2806
 -1        86    1    0    1
 -2      2812      2820      2821      2813      2815      2823      2822      2814
 -1        87    1    0    1
 -2      2820      2828      2829      2821      2823      2831      2830      2822
 -1        88    1    0    1
 -2      2828      2836      2837      2829      2831      2839      2838      2830
 -1        89    1    0    1
 -2      2836      2844      2845      2837      2839      2847      2846      2838
 -1        90    1    0    1
 -2      2844      2852      2853      2845      2847      2855      2854      2846
 -1        91    1    0    1
 -2      2852      2860      2861      2853      2855      2863      2862      2854
 -1        92    1    0    1
 -2      2860      2868      2869      2861      2863      2871      2870      2862
 -1        93    1    0    1
 -2      2868      2876      2877      2869      2871      2879      2878      2870
 -1        94    1    0    1
 -2      2876      2884      2885      2877      2879      2887      2886      2878
 -1        95    1    0    1
 -2      2884      2892      2893      2885      2887      2895      2894      2886
 -1        96    1    0    1
 -2      2892      2900      2901      2893      2895      2903      2902      2894
 -1        97    1    0    1
 -2      2900      2908      2909      2901      2903      2911      2910      2902
 -1        98    1    0    1
 -2      2908      2916      2917      2909      2911      2919      2918      2910
 -1        99    1    0    1
 -2      2916      2924      2925      2917      2919      2927      2926      2918
 -1       100    1    0    1
 -2      2924      2932      2933      2925      2927      2935      2934      2926
 -1       101    1    0    1
 -2      2932      2940      2941      2933      2935      2943      2942      2934
 -1       102    1    0    1
 -2      2940      2948      2949      2941      2943      2951      2950      2942
 -1       103    1    0    1
 -2      2948      2956      2957      2949      2951      2959      2958      2950
 -1       104    1    0    1
 -2      2956      2964      2965      2957      2959      2967      2966      2958
 -1       105    1    0    1
 -2      2964      2972      2973      2965      2967      2975      2974      2966
 -1       106    1    0    1
 -2      2972      2980      2981      2973      2975      2983      2982      2974
 -1       107    1    0    1
 -2      2980      2988      2989      2981      2983      2991      2990      2982
 -1       108    1    0    1
 -2      2988      2996      2997      2989      2991      2999      2998      2990
 -1       109    1    0    1
 -2       136      1426      1427       137       139      1429      1428       138
 -1       110    1    0    1
 -2       170      1460      1461       171       173      1463      1462       172
 -1       111    1    0    1
 -2       204      1494      1495       205       207      1497      1496       206
 -1       112    1    0    1
 -2       238      1528      1529       239       241      1531      1530       240
 -1       113    1    0    1
 -2       272      1562      1563       273       275      1565      1564       274
 -1       114    1    0    1
 -2       306      1596      1597       307       309      1599      1598       308
 -1       115    1    0    1
 -2       340      1630      1631       341       343      1633      1632       342
 -1       116    1    0    1
 -2       374      1664      1665       375       377      1667      1666       376
 -1       117    1    0    1
 -2       408      1698      1699       409       411      1701      1700       410
 -1       118    1    0    1
 -2       442      1732      1733       443       445      1735      1734       444
 -1       119    1    0    1
 -2       476      1766      1767       477       479      1769      1768       478
 -1       120    1    0    1
 -2       510      1800      1801       511       513      1803      1802       512
 -1       121    1    0    1
 -2       544      1834      1835       545       547      1837      1836       546
 -1       122    1    0    1
 -2       594      1884      1885       595       597      1887      1886       596
 -1       123    1    0    1
 -2       628      1918      1919       629       631      1921      1920       630
 -1       124    1    0    1
 -2       662      1952      1953       663       665      1955      1954       664
 -1       125    1    0    1
 -2       696      1986      1987       697       699      1989      1988       698
 -1       126    1    0    1
 -2       730      2020      2021       731       733      2023      2022       732
 -1       127    1    0    1
 -2       764      2054      2055       765       767      2057      2056       766
 -1       128    1    0    1
 -2       798      2088      2089       799       801      2091      2090       800
 -1       129    1    0    1
 -2       832      2122      2123       833       835      2125      2124       834
 -1       130    1    0    1
 -2       866      2156      2157       867       869      2159      2158       868
 -1       131    1    0    1
 -2       900      2190      2191       901       903      2193      2192       902
 -1       132    1    0    1
 -2       934      2224      2225       935       937      2227      2226       936
 -1       133    1    0    1
 -2       968      2258      2259       969       971      2261      2260       970
 -1       134    1    0    1
 -2      1018      2308      2309      1019      1021      2311      2310      1020
 -1       135    1    0    1
 -2      1052      2342      2343      1053      1055      2345      2344      1054
 -1       136    1    0    1
 -2      1086      2376      2377      1087      1089      2379      2378      1088
 -1       137    1    0    1
 -2      1120      2410      2411      1121      1123      2413      2412      1122
 -1       138    1    0    1
 -2      1154      2444      2445      1155      1157      2447      2446      1156
 -1       139    1    0    1
 -2      1188      2478      2479      1189      1191      2481      2480      1190
 -1       140    1    0    1
 -2      1222      2512      2513      1223      1225      2515      2514      1224
 -1       141    1    0    1
 -2      1256      2546      2547      1257      1259      2549      2548      1258
 -1       142    1    0    1
 -2      1290      2580      2581      1291      1293      2583      2582      1292
 -1       143    1    0    1
 -2      1324      2614      2615      1325      1327      2617      2616      1326
 -1       144    1    0    1
 -2      1358      2648      2649      1359      1361      2651      2650      1360
 -1       145    1    0    1
 -2      1392      2682      2683      1393      1395      2685      2684      1394
 -1       146    1    0    1
 -2      3004      3012      3013      3005      3007      3015      3014      3006
 -1       147    1    0    1
 -2      3020      3028      3029      3021      3023      3031      3030      3022
 -1       148    1    0    1
 -2      3036      3044      3045      3037      3039      3047      3046      3038
 -1       149    1    0    1
 -2      3052      3060      3061      3053      3055      3063      3062      3054
 -1       150    1    0    1
 -2       552      1842      1843       553       555      1845      1844       554
 -1       151    1    0    1
 -2      3068      3076      3077      3069      3071      3079      3078      3070
 -1       152    1    0    1
 -2      3084      3092      3093      3085      3087      3095      3094      3086
 -1       153    1    0    1
 -2      3100      3108      3109      3101      3103      3111      3110      3102
 -1       154    1    0    1
 -2      3116      3124      3125      3117      3119      3127      3126      3118
 -1       155    1    0    1
 -2       976      2266      2267       977       979      2269      2268       978
 -3
 9999
