    1C
    1ULow-floor chassis supported at bogie connectors
    1UUSER
    1UDATE              14.august.2026
    1UTIME              09:15:56
    1UHOST
    1UPGM               CalculiX
    1UVERSION           Version 2.23
    1UCOMPILETIME       Sun Oct 19 18:23:34 CEST 2025
    1UDIR
    1UDBN
    1UMAT    1S355
    2C                           788                                     1
 -1       156-8.25000E+03-1.03500E+03 4.70000E+02
 -1       157-8.25000E+03-1.46500E+03 4.70000E+02
 -1       158-8.25000E+03-1.46500E+03 2.30000E+02
 -1       159-8.25000E+03-1.03500E+03 2.30000E+02
 -1       164-8.36000E+03-1.25000E+03 4.12500E+02
 -1       165-8.14000E+03-1.25000E+03 4.12500E+02
 -1       166-8.14000E+03-1.25000E+03 2.87500E+02
 -1       167-8.36000E+03-1.25000E+03 2.87500E+02
 -1       190-7.35000E+03-1.03500E+03 4.70000E+02
 -1       191-7.35000E+03-1.46500E+03 4.70000E+02
 -1       192-7.35000E+03-1.46500E+03 2.30000E+02
 -1       193-7.35000E+03-1.03500E+03 2.30000E+02
 -1       198-7.46000E+03-1.25000E+03 4.12500E+02
 -1       199-7.24000E+03-1.25000E+03 4.12500E+02
 -1       200-7.24000E+03-1.25000E+03 2.87500E+02
 -1       201-7.46000E+03-1.25000E+03 2.87500E+02
 -1       224-6.15000E+03-1.03500E+03 4.70000E+02
 -1       225-6.15000E+03-1.46500E+03 4.70000E+02
 -1       226-6.15000E+03-1.46500E+03 2.30000E+02
 -1       227-6.15000E+03-1.03500E+03 2.30000E+02
 -1       232-6.26000E+03-1.25000E+03 4.12500E+02
 -1       233-6.04000E+03-1.25000E+03 4.12500E+02
 -1       234-6.04000E+03-1.25000E+03 2.87500E+02
 -1       235-6.26000E+03-1.25000E+03 2.87500E+02
 -1       258-4.20000E+03-1.03500E+03 4.70000E+02
 -1       259-4.20000E+03-1.46500E+03 4.70000E+02
 -1       260-4.20000E+03-1.46500E+03 2.30000E+02
 -1       261-4.20000E+03-1.03500E+03 2.30000E+02
 -1       266-4.31000E+03-1.25000E+03 4.12500E+02
 -1       267-4.09000E+03-1.25000E+03 4.12500E+02
 -1       268-4.09000E+03-1.25000E+03 2.87500E+02
 -1       269-4.31000E+03-1.25000E+03 2.87500E+02
 -1       292-2.00000E+03-1.03500E+03 4.70000E+02
 -1       293-2.00000E+03-1.46500E+03 4.70000E+02
 -1       294-2.00000E+03-1.46500E+03 2.30000E+02
 -1       295-2.00000E+03-1.03500E+03 2.30000E+02
 -1       300-2.11000E+03-1.25000E+03 4.12500E+02
 -1       301-1.89000E+03-1.25000E+03 4.12500E+02
 -1       302-1.89000E+03-1.25000E+03 2.87500E+02
 -1       303-2.11000E+03-1.25000E+03 2.87500E+02
 -1       326 0.00000E+00-1.03500E+03 4.70000E+02
 -1       327 0.00000E+00-1.46500E+03 4.70000E+02
 -1       328 0.00000E+00-1.46500E+03 2.30000E+02
 -1       329 0.00000E+00-1.03500E+03 2.30000E+02
 -1       334-1.10000E+02-1.25000E+03 4.12500E+02
 -1       335 1.10000E+02-1.25000E+03 4.12500E+02
 -1       336 1.10000E+02-1.25000E+03 2.87500E+02
 -1       337-1.10000E+02-1.25000E+03 2.87500E+02
 -1       360 2.00000E+03-1.03500E+03 4.70000E+02
 -1       361 2.00000E+03-1.46500E+03 4.70000E+02
 -1       362 2.00000E+03-1.46500E+03 2.30000E+02
 -1       363 2.00000E+03-1.03500E+03 2.30000E+02
 -1       368 1.89000E+03-1.25000E+03 4.12500E+02
 -1       369 2.11000E+03-1.25000E+03 4.12500E+02
 -1       370 2.11000E+03-1.25000E+03 2.87500E+02
 -1       371 1.89000E+03-1.25000E+03 2.87500E+02
 -1       394 4.20000E+03-1.03500E+03 4.70000E+02
 -1       395 4.20000E+03-1.46500E+03 4.70000E+02
 -1       396 4.20000E+03-1.46500E+03 2.30000E+02
 -1       397 4.20000E+03-1.03500E+03 2.30000E+02
 -1       402 4.09000E+03-1.25000E+03 4.12500E+02
 -1       403 4.31000E+03-1.25000E+03 4.12500E+02
 -1       404 4.31000E+03-1.25000E+03 2.87500E+02
 -1       405 4.09000E+03-1.25000E+03 2.87500E+02
 -1       428 6.15000E+03-1.03500E+03 4.70000E+02
 -1       429 6.15000E+03-1.46500E+03 4.70000E+02
 -1       430 6.15000E+03-1.46500E+03 2.30000E+02
 -1       431 6.15000E+03-1.03500E+03 2.30000E+02
 -1       436 6.04000E+03-1.25000E+03 4.12500E+02
 -1       437 6.26000E+03-1.25000E+03 4.12500E+02
 -1       438 6.26000E+03-1.25000E+03 2.87500E+02
 -1       439 6.04000E+03-1.25000E+03 2.87500E+02
 -1       462 7.35000E+03-1.03500E+03 4.70000E+02
 -1       463 7.35000E+03-1.46500E+03 4.70000E+02
 -1       464 7.35000E+03-1.46500E+03 2.30000E+02
 -1       465 7.35000E+03-1.03500E+03 2.30000E+02
 -1       470 7.24000E+03-1.25000E+03 4.12500E+02
 -1       471 7.46000E+03-1.25000E+03 4.12500E+02
 -1       472 7.46000E+03-1.25000E+03 2.87500E+02
 -1       473 7.24000E+03-1.25000E+03 2.87500E+02
 -1       496 8.25000E+03-1.03500E+03 4.70000E+02
 -1       497 8.25000E+03-1.46500E+03 4.70000E+02
 -1       498 8.25000E+03-1.46500E+03 2.30000E+02
 -1       499 8.25000E+03-1.03500E+03 2.30000E+02
 -1       504 8.14000E+03-1.25000E+03 4.12500E+02
 -1       505 8.36000E+03-1.25000E+03 4.12500E+02
 -1       506 8.36000E+03-1.25000E+03 2.87500E+02
 -1       507 8.14000E+03-1.25000E+03 2.87500E+02
 -1       530-8.25000E+03 1.46500E+03 4.70000E+02
 -1       531-8.25000E+03 1.03500E+03 4.70000E+02
 -1       532-8.25000E+03 1.03500E+03 2.30000E+02
 -1       533-8.25000E+03 1.46500E+03 2.30000E+02
 -1       538-8.36000E+03 1.25000E+03 4.12500E+02
 -1       539-8.14000E+03 1.25000E+03 4.12500E+02
 -1       540-8.14000E+03 1.25000E+03 2.87500E+02
 -1       541-8.36000E+03 1.25000E+03 2.87500E+02
 -1       564-7.35000E+03 1.46500E+03 4.70000E+02
 -1       565-7.35000E+03 1.03500E+03 4.70000E+02
 -1       566-7.35000E+03 1.03500E+03 2.30000E+02
 -1       567-7.35000E+03 1.46500E+03 2.30000E+02
 -1       572-7.46000E+03 1.25000E+03 4.12500E+02
 -1       573-7.24000E+03 1.25000E+03 4.12500E+02
 -1       574-7.24000E+03 1.25000E+03 2.87500E+02
 -1       575-7.46000E+03 1.25000E+03 2.87500E+02
 -1       598-6.15000E+03 1.46500E+03 4.70000E+02
 -1       599-6.15000E+03 1.03500E+03 4.70000E+02
 -1       600-6.15000E+03 1.03500E+03 2.30000E+02
 -1       601-6.15000E+03 1.46500E+03 2.30000E+02
 -1       606-6.26000E+03 1.25000E+03 4.12500E+02
 -1       607-6.04000E+03 1.25000E+03 4.12500E+02
 -1       608-6.04000E+03 1.25000E+03 2.87500E+02
 -1       609-6.26000E+03 1.25000E+03 2.87500E+02
 -1       632-4.20000E+03 1.46500E+03 4.70000E+02
 -1       633-4.20000E+03 1.03500E+03 4.70000E+02
 -1       634-4.20000E+03 1.03500E+03 2.30000E+02
 -1       635-4.20000E+03 1.46500E+03 2.30000E+02
 -1       640-4.31000E+03 1.25000E+03 4.12500E+02
 -1       641-4.09000E+03 1.25000E+03 4.12500E+02
 -1       642-4.09000E+03 1.25000E+03 2.87500E+02
 -1       643-4.31000E+03 1.25000E+03 2.87500E+02
 -1       666-2.00000E+03 1.46500E+03 4.70000E+02
 -1       667-2.00000E+03 1.03500E+03 4.70000E+02
 -1       668-2.00000E+03 1.03500E+03 2.30000E+02
 -1       669-2.00000E+03 1.46500E+03 2.30000E+02
 -1       674-2.11000E+03 1.25000E+03 4.12500E+02
 -1       675-1.89000E+03 1.25000E+03 4.12500E+02
 -1       676-1.89000E+03 1.25000E+03 2.87500E+02
 -1       677-2.11000E+03 1.25000E+03 2.87500E+02
 -1       700 0.00000E+00 1.46500E+03 4.70000E+02
 -1       701 0.00000E+00 1.03500E+03 4.70000E+02
 -1       702 0.00000E+00 1.03500E+03 2.30000E+02
 -1       703 0.00000E+00 1.46500E+03 2.30000E+02
 -1       708-1.10000E+02 1.25000E+03 4.12500E+02
 -1       709 1.10000E+02 1.25000E+03 4.12500E+02
 -1       710 1.10000E+02 1.25000E+03 2.87500E+02
 -1       711-1.10000E+02 1.25000E+03 2.87500E+02
 -1       734 2.00000E+03 1.46500E+03 4.70000E+02
 -1       735 2.00000E+03 1.03500E+03 4.70000E+02
 -1       736 2.00000E+03 1.03500E+03 2.30000E+02
 -1       737 2.00000E+03 1.46500E+03 2.30000E+02
 -1       742 1.89000E+03 1.25000E+03 4.12500E+02
 -1       743 2.11000E+03 1.25000E+03 4.12500E+02
 -1       744 2.11000E+03 1.25000E+03 2.87500E+02
 -1       745 1.89000E+03 1.25000E+03 2.87500E+02
 -1       768 4.20000E+03 1.46500E+03 4.70000E+02
 -1       769 4.20000E+03 1.03500E+03 4.70000E+02
 -1       770 4.20000E+03 1.03500E+03 2.30000E+02
 -1       771 4.20000E+03 1.46500E+03 2.30000E+02
 -1       776 4.09000E+03 1.25000E+03 4.12500E+02
 -1       777 4.31000E+03 1.25000E+03 4.12500E+02
 -1       778 4.31000E+03 1.25000E+03 2.87500E+02
 -1       779 4.09000E+03 1.25000E+03 2.87500E+02
 -1       802 6.15000E+03 1.46500E+03 4.70000E+02
 -1       803 6.15000E+03 1.03500E+03 4.70000E+02
 -1       804 6.15000E+03 1.03500E+03 2.30000E+02
 -1       805 6.15000E+03 1.46500E+03 2.30000E+02
 -1       810 6.04000E+03 1.25000E+03 4.12500E+02
 -1       811 6.26000E+03 1.25000E+03 4.12500E+02
 -1       812 6.26000E+03 1.25000E+03 2.87500E+02
 -1       813 6.04000E+03 1.25000E+03 2.87500E+02
 -1       836 7.35000E+03 1.46500E+03 4.70000E+02
 -1       837 7.35000E+03 1.03500E+03 4.70000E+02
 -1       838 7.35000E+03 1.03500E+03 2.30000E+02
 -1       839 7.35000E+03 1.46500E+03 2.30000E+02
 -1       844 7.24000E+03 1.25000E+03 4.12500E+02
 -1       845 7.46000E+03 1.25000E+03 4.12500E+02
 -1       846 7.46000E+03 1.25000E+03 2.87500E+02
 -1       847 7.24000E+03 1.25000E+03 2.87500E+02
 -1       870 8.25000E+03 1.46500E+03 4.70000E+02
 -1       871 8.25000E+03 1.03500E+03 4.70000E+02
 -1       872 8.25000E+03 1.03500E+03 2.30000E+02
 -1       873 8.25000E+03 1.46500E+03 2.30000E+02
 -1       878 8.14000E+03 1.25000E+03 4.12500E+02
 -1       879 8.36000E+03 1.25000E+03 4.12500E+02
 -1       880 8.36000E+03 1.25000E+03 2.87500E+02
 -1       881 8.14000E+03 1.25000E+03 2.87500E+02
 -1       904-7.35000E+03-5.70000E+02 4.32500E+02
 -1       905-7.35000E+03-8.30000E+02 4.32500E+02
 -1       906-7.35000E+03-8.30000E+02 2.67500E+02
 -1       907-7.35000E+03-5.70000E+02 2.67500E+02
 -1       912-7.46000E+03-7.00000E+02 4.12500E+02
 -1       913-7.24000E+03-7.00000E+02 4.12500E+02
 -1       914-7.24000E+03-7.00000E+02 2.87500E+02
 -1       915-7.46000E+03-7.00000E+02 2.87500E+02
 -1       938-6.15000E+03-5.70000E+02 4.32500E+02
 -1       939-6.15000E+03-8.30000E+02 4.32500E+02
 -1       940-6.15000E+03-8.30000E+02 2.67500E+02
 -1       941-6.15000E+03-5.70000E+02 2.67500E+02
 -1       946-6.26000E+03-7.00000E+02 4.12500E+02
 -1       947-6.04000E+03-7.00000E+02 4.12500E+02
 -1       948-6.04000E+03-7.00000E+02 2.87500E+02
 -1       949-6.26000E+03-7.00000E+02 2.87500E+02
 -1       972-4.20000E+03-5.70000E+02 4.32500E+02
 -1       973-4.20000E+03-8.30000E+02 4.32500E+02
 -1       974-4.20000E+03-8.30000E+02 2.67500E+02
 -1       975-4.20000E+03-5.70000E+02 2.67500E+02
 -1       980-4.31000E+03-7.00000E+02 4.12500E+02
 -1       981-4.09000E+03-7.00000E+02 4.12500E+02
 -1       982-4.09000E+03-7.00000E+02 2.87500E+02
 -1       983-4.31000E+03-7.00000E+02 2.87500E+02
 -1      1006-2.00000E+03-5.70000E+02 4.32500E+02
 -1      1007-2.00000E+03-8.30000E+02 4.32500E+02
 -1      1008-2.00000E+03-8.30000E+02 2.67500E+02
 -1      1009-2.00000E+03-5.70000E+02 2.67500E+02
 -1      1014-2.11000E+03-7.00000E+02 4.12500E+02
 -1      1015-1.89000E+03-7.00000E+02 4.12500E+02
 -1      1016-1.89000E+03-7.00000E+02 2.87500E+02
 -1      1017-2.11000E+03-7.00000E+02 2.87500E+02
 -1      1040 0.00000E+00-5.70000E+02 4.32500E+02
 -1      1041 0.00000E+00-8.30000E+02 4.32500E+02
 -1      1042 0.00000E+00-8.30000E+02 2.67500E+02
 -1      1043 0.00000E+00-5.70000E+02 2.67500E+02
 -1      1048-1.10000E+02-7.00000E+02 4.12500E+02
 -1      1049 1.10000E+02-7.00000E+02 4.12500E+02
 -1      1050 1.10000E+02-7.00000E+02 2.87500E+02
 -1      1051-1.10000E+02-7.00000E+02 2.87500E+02
 -1      1074 2.00000E+03-5.70000E+02 4.32500E+02
 -1      1075 2.00000E+03-8.30000E+02 4.32500E+02
 -1      1076 2.00000E+03-8.30000E+02 2.67500E+02
 -1      1077 2.00000E+03-5.70000E+02 2.67500E+02
 -1      1082 1.89000E+03-7.00000E+02 4.12500E+02
 -1      1083 2.11000E+03-7.00000E+02 4.12500E+02
 -1      1084 2.11000E+03-7.00000E+02 2.87500E+02
 -1      1085 1.89000E+03-7.00000E+02 2.87500E+02
 -1      1108 4.20000E+03-5.70000E+02 4.32500E+02
 -1      1109 4.20000E+03-8.30000E+02 4.32500E+02
 -1      1110 4.20000E+03-8.30000E+02 2.67500E+02
 -1      1111 4.20000E+03-5.70000E+02 2.67500E+02
 -1      1116 4.09000E+03-7.00000E+02 4.12500E+02
 -1      1117 4.31000E+03-7.00000E+02 4.12500E+02
 -1      1118 4.31000E+03-7.00000E+02 2.87500E+02
 -1      1119 4.09000E+03-7.00000E+02 2.87500E+02
 -1      1142 6.15000E+03-5.70000E+02 4.32500E+02
 -1      1143 6.15000E+03-8.30000E+02 4.32500E+02
 -1      1144 6.15000E+03-8.30000E+02 2.67500E+02
 -1      1145 6.15000E+03-5.70000E+02 2.67500E+02
 -1      1150 6.04000E+03-7.00000E+02 4.12500E+02
 -1      1151 6.26000E+03-7.00000E+02 4.12500E+02
 -1      1152 6.26000E+03-7.00000E+02 2.87500E+02
 -1      1153 6.04000E+03-7.00000E+02 2.87500E+02
 -1      1176 7.35000E+03-5.70000E+02 4.32500E+02
 -1      1177 7.35000E+03-8.30000E+02 4.32500E+02
 -1      1178 7.35000E+03-8.30000E+02 2.67500E+02
 -1      1179 7.35000E+03-5.70000E+02 2.67500E+02
 -1      1184 7.24000E+03-7.00000E+02 4.12500E+02
 -1      1185 7.46000E+03-7.00000E+02 4.12500E+02
 -1      1186 7.46000E+03-7.00000E+02 2.87500E+02
 -1      1187 7.24000E+03-7.00000E+02 2.87500E+02
 -1      1210 8.25000E+03-5.70000E+02 4.32500E+02
 -1      1211 8.25000E+03-8.30000E+02 4.32500E+02
 -1      1212 8.25000E+03-8.30000E+02 2.67500E+02
 -1      1213 8.25000E+03-5.70000E+02 2.67500E+02
 -1      1218 8.14000E+03-7.00000E+02 4.12500E+02
 -1      1219 8.36000E+03-7.00000E+02 4.12500E+02
 -1      1220 8.36000E+03-7.00000E+02 2.87500E+02
 -1      1221 8.14000E+03-7.00000E+02 2.87500E+02
 -1      1244-7.35000E+03 8.30000E+02 4.32500E+02
 -1      1245-7.35000E+03 5.70000E+02 4.32500E+02
 -1      1246-7.35000E+03 5.70000E+02 2.67500E+02
 -1      1247-7.35000E+03 8.30000E+02 2.67500E+02
 -1      1252-7.46000E+03 7.00000E+02 4.12500E+02
 -1      1253-7.24000E+03 7.00000E+02 4.12500E+02
 -1      1254-7.24000E+03 7.00000E+02 2.87500E+02
 -1      1255-7.46000E+03 7.00000E+02 2.87500E+02
 -1      1278-6.15000E+03 8.30000E+02 4.32500E+02
 -1      1279-6.15000E+03 5.70000E+02 4.32500E+02
 -1      1280-6.15000E+03 5.70000E+02 2.67500E+02
 -1      1281-6.15000E+03 8.30000E+02 2.67500E+02
 -1      1286-6.26000E+03 7.00000E+02 4.12500E+02
 -1      1287-6.04000E+03 7.00000E+02 4.12500E+02
 -1      1288-6.04000E+03 7.00000E+02 2.87500E+02
 -1      1289-6.26000E+03 7.00000E+02 2.87500E+02
 -1      1312-4.20000E+03 8.30000E+02 4.32500E+02
 -1      1313-4.20000E+03 5.70000E+02 4.32500E+02
 -1      1314-4.20000E+03 5.70000E+02 2.67500E+02
 -1      1315-4.20000E+03 8.30000E+02 2.67500E+02
 -1      1320-4.31000E+03 7.00000E+02 4.12500E+02
 -1      1321-4.09000E+03 7.00000E+02 4.12500E+02
 -1      1322-4.09000E+03 7.00000E+02 2.87500E+02
 -1      1323-4.31000E+03 7.00000E+02 2.87500E+02
 -1      1346-2.00000E+03 8.30000E+02 4.32500E+02
 -1      1347-2.00000E+03 5.70000E+02 4.32500E+02
 -1      1348-2.00000E+03 5.70000E+02 2.67500E+02
 -1      1349-2.00000E+03 8.30000E+02 2.67500E+02
 -1      1354-2.11000E+03 7.00000E+02 4.12500E+02
 -1      1355-1.89000E+03 7.00000E+02 4.12500E+02
 -1      1356-1.89000E+03 7.00000E+02 2.87500E+02
 -1      1357-2.11000E+03 7.00000E+02 2.87500E+02
 -1      1380 0.00000E+00 8.30000E+02 4.32500E+02
 -1      1381 0.00000E+00 5.70000E+02 4.32500E+02
 -1      1382 0.00000E+00 5.70000E+02 2.67500E+02
 -1      1383 0.00000E+00 8.30000E+02 2.67500E+02
 -1      1388-1.10000E+02 7.00000E+02 4.12500E+02
 -1      1389 1.10000E+02 7.00000E+02 4.12500E+02
 -1      1390 1.10000E+02 7.00000E+02 2.87500E+02
 -1      1391-1.10000E+02 7.00000E+02 2.87500E+02
 -1      1414 2.00000E+03 8.30000E+02 4.32500E+02
 -1      1415 2.00000E+03 5.70000E+02 4.32500E+02
 -1      1416 2.00000E+03 5.70000E+02 2.67500E+02
 -1      1417 2.00000E+03 8.30000E+02 2.67500E+02
 -1      1422 1.89000E+03 7.00000E+02 4.12500E+02
 -1      1423 2.11000E+03 7.00000E+02 4.12500E+02
 -1      1424 2.11000E+03 7.00000E+02 2.87500E+02
 -1      1425 1.89000E+03 7.00000E+02 2.87500E+02
 -1      1448 4.20000E+03 8.30000E+02 4.32500E+02
 -1      1449 4.20000E+03 5.70000E+02 4.32500E+02
 -1      1450 4.20000E+03 5.70000E+02 2.67500E+02
 -1      1451 4.20000E+03 8.30000E+02 2.67500E+02
 -1      1456 4.09000E+03 7.00000E+02 4.12500E+02
 -1      1457 4.31000E+03 7.00000E+02 4.12500E+02
 -1      1458 4.31000E+03 7.00000E+02 2.87500E+02
 -1      1459 4.09000E+03 7.00000E+02 2.87500E+02
 -1      1482 6.15000E+03 8.30000E+02 4.32500E+02
 -1      1483 6.15000E+03 5.70000E+02 4.32500E+02
 -1      1484 6.15000E+03 5.70000E+02 2.67500E+02
 -1      1485 6.15000E+03 8.30000E+02 2.67500E+02
 -1      1490 6.04000E+03 7.00000E+02 4.12500E+02
 -1      1491 6.26000E+03 7.00000E+02 4.12500E+02
 -1      1492 6.26000E+03 7.00000E+02 2.87500E+02
 -1      1493 6.04000E+03 7.00000E+02 2.87500E+02
 -1      1516 7.35000E+03 8.30000E+02 4.32500E+02
 -1      1517 7.35000E+03 5.70000E+02 4.32500E+02
 -1      1518 7.35000E+03 5.70000E+02 2.67500E+02
 -1      1519 7.35000E+03 8.30000E+02 2.67500E+02
 -1      1524 7.24000E+03 7.00000E+02 4.12500E+02
 -1      1525 7.46000E+03 7.00000E+02 4.12500E+02
 -1      1526 7.46000E+03 7.00000E+02 2.87500E+02
 -1      1527 7.24000E+03 7.00000E+02 2.87500E+02
 -1      1550 8.25000E+03 8.30000E+02 4.32500E+02
 -1      1551 8.25000E+03 5.70000E+02 4.32500E+02
 -1      1552 8.25000E+03 5.70000E+02 2.67500E+02
 -1      1553 8.25000E+03 8.30000E+02 2.67500E+02
 -1      1558 8.14000E+03 7.00000E+02 4.12500E+02
 -1      1559 8.36000E+03 7.00000E+02 4.12500E+02
 -1      1560 8.36000E+03 7.00000E+02 2.87500E+02
 -1      1561 8.14000E+03 7.00000E+02 2.87500E+02
 -1      1584-7.35000E+03-3.05000E+02 4.05000E+02
 -1      1585-7.35000E+03-5.55000E+02 4.05000E+02
 -1      1586-7.35000E+03-5.55000E+02 2.55000E+02
 -1      1587-7.35000E+03-3.05000E+02 2.55000E+02
 -1      1592-6.15000E+03-3.05000E+02 4.05000E+02
 -1      1593-6.15000E+03-5.55000E+02 4.05000E+02
 -1      1594-6.15000E+03-5.55000E+02 2.55000E+02
 -1      1595-6.15000E+03-3.05000E+02 2.55000E+02
 -1      1600-4.20000E+03-3.05000E+02 4.05000E+02
 -1      1601-4.20000E+03-5.55000E+02 4.05000E+02
 -1      1602-4.20000E+03-5.55000E+02 2.55000E+02
 -1      1603-4.20000E+03-3.05000E+02 2.55000E+02
 -1      1608-2.00000E+03-3.05000E+02 4.05000E+02
 -1      1609-2.00000E+03-5.55000E+02 4.05000E+02
 -1      1610-2.00000E+03-5.55000E+02 2.55000E+02
 -1      1611-2.00000E+03-3.05000E+02 2.55000E+02
 -1      1616 0.00000E+00-3.05000E+02 4.05000E+02
 -1      1617 0.00000E+00-5.55000E+02 4.05000E+02
 -1      1618 0.00000E+00-5.55000E+02 2.55000E+02
 -1      1619 0.00000E+00-3.05000E+02 2.55000E+02
 -1      1624 2.00000E+03-3.05000E+02 4.05000E+02
 -1      1625 2.00000E+03-5.55000E+02 4.05000E+02
 -1      1626 2.00000E+03-5.55000E+02 2.55000E+02
 -1      1627 2.00000E+03-3.05000E+02 2.55000E+02
 -1      1632 4.20000E+03-3.05000E+02 4.05000E+02
 -1      1633 4.20000E+03-5.55000E+02 4.05000E+02
 -1      1634 4.20000E+03-5.55000E+02 2.55000E+02
 -1      1635 4.20000E+03-3.05000E+02 2.55000E+02
 -1      1640 6.15000E+03-3.05000E+02 4.05000E+02
 -1      1641 6.15000E+03-5.55000E+02 4.05000E+02
 -1      1642 6.15000E+03-5.55000E+02 2.55000E+02
 -1      1643 6.15000E+03-3.05000E+02 2.55000E+02
 -1      1648 7.35000E+03-3.05000E+02 4.05000E+02
 -1      1649 7.35000E+03-5.55000E+02 4.05000E+02
 -1      1650 7.35000E+03-5.55000E+02 2.55000E+02
 -1      1651 7.35000E+03-3.05000E+02 2.55000E+02
 -1      1656 8.25000E+03-3.05000E+02 4.05000E+02
 -1      1657 8.25000E+03-5.55000E+02 4.05000E+02
 -1      1658 8.25000E+03-5.55000E+02 2.55000E+02
 -1      1659 8.25000E+03-3.05000E+02 2.55000E+02
 -1      1664-7.35000E+03 5.55000E+02 4.05000E+02
 -1      1665-7.35000E+03 3.05000E+02 4.05000E+02
 -1      1666-7.35000E+03 3.05000E+02 2.55000E+02
 -1      1667-7.35000E+03 5.55000E+02 2.55000E+02
 -1      1672-6.15000E+03 5.55000E+02 4.05000E+02
 -1      1673-6.15000E+03 3.05000E+02 4.05000E+02
 -1      1674-6.15000E+03 3.05000E+02 2.55000E+02
 -1      1675-6.15000E+03 5.55000E+02 2.55000E+02
 -1      1680-4.20000E+03 5.55000E+02 4.05000E+02
 -1      1681-4.20000E+03 3.05000E+02 4.05000E+02
 -1      1682-4.20000E+03 3.05000E+02 2.55000E+02
 -1      1683-4.20000E+03 5.55000E+02 2.55000E+02
 -1      1688-2.00000E+03 5.55000E+02 4.05000E+02
 -1      1689-2.00000E+03 3.05000E+02 4.05000E+02
 -1      1690-2.00000E+03 3.05000E+02 2.55000E+02
 -1      1691-2.00000E+03 5.55000E+02 2.55000E+02
 -1      1696 0.00000E+00 5.55000E+02 4.05000E+02
 -1      1697 0.00000E+00 3.05000E+02 4.05000E+02
 -1      1698 0.00000E+00 3.05000E+02 2.55000E+02
 -1      1699 0.00000E+00 5.55000E+02 2.55000E+02
 -1      1704 2.00000E+03 5.55000E+02 4.05000E+02
 -1      1705 2.00000E+03 3.05000E+02 4.05000E+02
 -1      1706 2.00000E+03 3.05000E+02 2.55000E+02
 -1      1707 2.00000E+03 5.55000E+02 2.55000E+02
 -1      1712 4.20000E+03 5.55000E+02 4.05000E+02
 -1      1713 4.20000E+03 3.05000E+02 4.05000E+02
 -1      1714 4.20000E+03 3.05000E+02 2.55000E+02
 -1      1715 4.20000E+03 5.55000E+02 2.55000E+02
 -1      1720 6.15000E+03 5.55000E+02 4.05000E+02
 -1      1721 6.15000E+03 3.05000E+02 4.05000E+02
 -1      1722 6.15000E+03 3.05000E+02 2.55000E+02
 -1      1723 6.15000E+03 5.55000E+02 2.55000E+02
 -1      1728 7.35000E+03 5.55000E+02 4.05000E+02
 -1      1729 7.35000E+03 3.05000E+02 4.05000E+02
 -1      1730 7.35000E+03 3.05000E+02 2.55000E+02
 -1      1731 7.35000E+03 5.55000E+02 2.55000E+02
 -1      1736 8.25000E+03 5.55000E+02 4.05000E+02
 -1      1737 8.25000E+03 3.05000E+02 4.05000E+02
 -1      1738 8.25000E+03 3.05000E+02 2.55000E+02
 -1      1739 8.25000E+03 5.55000E+02 2.55000E+02
 -1      1744-7.35000E+03-6.57500E+02 5.60000E+02
 -1      1745-7.35000E+03-8.02500E+02 5.60000E+02
 -1      1746-7.35000E+03-8.02500E+02 4.70000E+02
 -1      1747-7.35000E+03-6.57500E+02 4.70000E+02
 -1      1752-6.15000E+03-6.57500E+02 5.60000E+02
 -1      1753-6.15000E+03-8.02500E+02 5.60000E+02
 -1      1754-6.15000E+03-8.02500E+02 4.70000E+02
 -1      1755-6.15000E+03-6.57500E+02 4.70000E+02
 -1      1760-4.20000E+03-6.57500E+02 5.60000E+02
 -1      1761-4.20000E+03-8.02500E+02 5.60000E+02
 -1      1762-4.20000E+03-8.02500E+02 4.70000E+02
 -1      1763-4.20000E+03-6.57500E+02 4.70000E+02
 -1      1768-2.00000E+03-6.57500E+02 5.60000E+02
 -1      1769-2.00000E+03-8.02500E+02 5.60000E+02
 -1      1770-2.00000E+03-8.02500E+02 4.70000E+02
 -1      1771-2.00000E+03-6.57500E+02 4.70000E+02
 -1      1776 0.00000E+00-6.57500E+02 5.60000E+02
 -1      1777 0.00000E+00-8.02500E+02 5.60000E+02
 -1      1778 0.00000E+00-8.02500E+02 4.70000E+02
 -1      1779 0.00000E+00-6.57500E+02 4.70000E+02
 -1      1784 2.00000E+03-6.57500E+02 5.60000E+02
 -1      1785 2.00000E+03-8.02500E+02 5.60000E+02
 -1      1786 2.00000E+03-8.02500E+02 4.70000E+02
 -1      1787 2.00000E+03-6.57500E+02 4.70000E+02
 -1      1792 4.20000E+03-6.57500E+02 5.60000E+02
 -1      1793 4.20000E+03-8.02500E+02 5.60000E+02
 -1      1794 4.20000E+03-8.02500E+02 4.70000E+02
 -1      1795 4.20000E+03-6.57500E+02 4.70000E+02
 -1      1800 6.15000E+03-6.57500E+02 5.60000E+02
 -1      1801 6.15000E+03-8.02500E+02 5.60000E+02
 -1      1802 6.15000E+03-8.02500E+02 4.70000E+02
 -1      1803 6.15000E+03-6.57500E+02 4.70000E+02
 -1      1808 7.35000E+03-6.57500E+02 5.60000E+02
 -1      1809 7.35000E+03-8.02500E+02 5.60000E+02
 -1      1810 7.35000E+03-8.02500E+02 4.70000E+02
 -1      1811 7.35000E+03-6.57500E+02 4.70000E+02
 -1      1816 8.25000E+03-6.57500E+02 5.60000E+02
 -1      1817 8.25000E+03-8.02500E+02 5.60000E+02
 -1      1818 8.25000E+03-8.02500E+02 4.70000E+02
 -1      1819 8.25000E+03-6.57500E+02 4.70000E+02
 -1      1824-7.35000E+03 8.02500E+02 5.60000E+02
 -1      1825-7.35000E+03 6.57500E+02 5.60000E+02
 -1      1826-7.35000E+03 6.57500E+02 4.70000E+02
 -1      1827-7.35000E+03 8.02500E+02 4.70000E+02
 -1      1832-6.15000E+03 8.02500E+02 5.60000E+02
 -1      1833-6.15000E+03 6.57500E+02 5.60000E+02
 -1      1834-6.15000E+03 6.57500E+02 4.70000E+02
 -1      1835-6.15000E+03 8.02500E+02 4.70000E+02
 -1      1840-4.20000E+03 8.02500E+02 5.60000E+02
 -1      1841-4.20000E+03 6.57500E+02 5.60000E+02
 -1      1842-4.20000E+03 6.57500E+02 4.70000E+02
 -1      1843-4.20000E+03 8.02500E+02 4.70000E+02
 -1      1848-2.00000E+03 8.02500E+02 5.60000E+02
 -1      1849-2.00000E+03 6.57500E+02 5.60000E+02
 -1      1850-2.00000E+03 6.57500E+02 4.70000E+02
 -1      1851-2.00000E+03 8.02500E+02 4.70000E+02
 -1      1856 0.00000E+00 8.02500E+02 5.60000E+02
 -1      1857 0.00000E+00 6.57500E+02 5.60000E+02
 -1      1858 0.00000E+00 6.57500E+02 4.70000E+02
 -1      1859 0.00000E+00 8.02500E+02 4.70000E+02
 -1      1864 2.00000E+03 8.02500E+02 5.60000E+02
 -1      1865 2.00000E+03 6.57500E+02 5.60000E+02
 -1      1866 2.00000E+03 6.57500E+02 4.70000E+02
 -1      1867 2.00000E+03 8.02500E+02 4.70000E+02
 -1      1872 4.20000E+03 8.02500E+02 5.60000E+02
 -1      1873 4.20000E+03 6.57500E+02 5.60000E+02
 -1      1874 4.20000E+03 6.57500E+02 4.70000E+02
 -1      1875 4.20000E+03 8.02500E+02 4.70000E+02
 -1      1880 6.15000E+03 8.02500E+02 5.60000E+02
 -1      1881 6.15000E+03 6.57500E+02 5.60000E+02
 -1      1882 6.15000E+03 6.57500E+02 4.70000E+02
 -1      1883 6.15000E+03 8.02500E+02 4.70000E+02
 -1      1888 7.35000E+03 8.02500E+02 5.60000E+02
 -1      1889 7.35000E+03 6.57500E+02 5.60000E+02
 -1      1890 7.35000E+03 6.57500E+02 4.70000E+02
 -1      1891 7.35000E+03 8.02500E+02 4.70000E+02
 -1      1896 8.25000E+03 8.02500E+02 5.60000E+02
 -1      1897 8.25000E+03 6.57500E+02 5.60000E+02
 -1      1898 8.25000E+03 6.57500E+02 4.70000E+02
 -1      1899 8.25000E+03 8.02500E+02 4.70000E+02
 -1      1904-8.36000E+03-7.00000E+02 4.12500E+02
 -1      1905-8.14000E+03-7.00000E+02 4.12500E+02
 -1      1906-8.14000E+03-7.00000E+02 2.87500E+02
 -1      1907-8.36000E+03-7.00000E+02 2.87500E+02
 -1      1912-8.36000E+03-4.30000E+02 4.12500E+02
 -1      1913-8.14000E+03-4.30000E+02 4.12500E+02
 -1      1914-8.14000E+03-4.30000E+02 2.87500E+02
 -1      1915-8.36000E+03-4.30000E+02 2.87500E+02
 -1      1920-8.36000E+03 0.00000E+00 4.12500E+02
 -1      1921-8.14000E+03 0.00000E+00 4.12500E+02
 -1      1922-8.14000E+03 0.00000E+00 2.87500E+02
 -1      1923-8.36000E+03 0.00000E+00 2.87500E+02
 -1      1928-8.36000E+03 4.30000E+02 4.12500E+02
 -1      1929-8.14000E+03 4.30000E+02 4.12500E+02
 -1      1930-8.14000E+03 4.30000E+02 2.87500E+02
 -1      1931-8.36000E+03 4.30000E+02 2.87500E+02
 -1      1936-8.36000E+03 7.00000E+02 4.12500E+02
 -1      1937-8.14000E+03 7.00000E+02 4.12500E+02
 -1      1938-8.14000E+03 7.00000E+02 2.87500E+02
 -1      1939-8.36000E+03 7.00000E+02 2.87500E+02
 -1      1944-7.46000E+03-4.30000E+02 4.12500E+02
 -1      1945-7.24000E+03-4.30000E+02 4.12500E+02
 -1      1946-7.24000E+03-4.30000E+02 2.87500E+02
 -1      1947-7.46000E+03-4.30000E+02 2.87500E+02
 -1      1952-7.46000E+03 0.00000E+00 4.12500E+02
 -1      1953-7.24000E+03 0.00000E+00 4.12500E+02
 -1      1954-7.24000E+03 0.00000E+00 2.87500E+02
 -1      1955-7.46000E+03 0.00000E+00 2.87500E+02
 -1      1960-7.46000E+03 4.30000E+02 4.12500E+02
 -1      1961-7.24000E+03 4.30000E+02 4.12500E+02
 -1      1962-7.24000E+03 4.30000E+02 2.87500E+02
 -1      1963-7.46000E+03 4.30000E+02 2.87500E+02
 -1      1968-6.26000E+03-4.30000E+02 4.12500E+02
 -1      1969-6.04000E+03-4.30000E+02 4.12500E+02
 -1      1970-6.04000E+03-4.30000E+02 2.87500E+02
 -1      1971-6.26000E+03-4.30000E+02 2.87500E+02
 -1      1976-6.26000E+03 0.00000E+00 4.12500E+02
 -1      1977-6.04000E+03 0.00000E+00 4.12500E+02
 -1      1978-6.04000E+03 0.00000E+00 2.87500E+02
 -1      1979-6.26000E+03 0.00000E+00 2.87500E+02
 -1      1984-6.26000E+03 4.30000E+02 4.12500E+02
 -1      1985-6.04000E+03 4.30000E+02 4.12500E+02
 -1      1986-6.04000E+03 4.30000E+02 2.87500E+02
 -1      1987-6.26000E+03 4.30000E+02 2.87500E+02
 -1      1992-4.31000E+03-4.30000E+02 4.12500E+02
 -1      1993-4.09000E+03-4.30000E+02 4.12500E+02
 -1      1994-4.09000E+03-4.30000E+02 2.87500E+02
 -1      1995-4.31000E+03-4.30000E+02 2.87500E+02
 -1      2000-4.31000E+03 0.00000E+00 4.12500E+02
 -1      2001-4.09000E+03 0.00000E+00 4.12500E+02
 -1      2002-4.09000E+03 0.00000E+00 2.87500E+02
 -1      2003-4.31000E+03 0.00000E+00 2.87500E+02
 -1      2008-4.31000E+03 4.30000E+02 4.12500E+02
 -1      2009-4.09000E+03 4.30000E+02 4.12500E+02
 -1      2010-4.09000E+03 4.30000E+02 2.87500E+02
 -1      2011-4.31000E+03 4.30000E+02 2.87500E+02
 -1      2016-4.29000E+03-6.10000E+02 5.72500E+02
 -1      2017-4.11000E+03-6.10000E+02 5.72500E+02
 -1      2018-4.11000E+03-6.10000E+02 4.07500E+02
 -1      2019-4.29000E+03-6.10000E+02 4.07500E+02
 -1      2024-4.29000E+03 6.10000E+02 5.72500E+02
 -1      2025-4.11000E+03 6.10000E+02 5.72500E+02
 -1      2026-4.11000E+03 6.10000E+02 4.07500E+02
 -1      2027-4.29000E+03 6.10000E+02 4.07500E+02
 -1      2032-2.11000E+03-4.30000E+02 4.12500E+02
 -1      2033-1.89000E+03-4.30000E+02 4.12500E+02
 -1      2034-1.89000E+03-4.30000E+02 2.87500E+02
 -1      2035-2.11000E+03-4.30000E+02 2.87500E+02
 -1      2040-2.11000E+03 0.00000E+00 4.12500E+02
 -1      2041-1.89000E+03 0.00000E+00 4.12500E+02
 -1      2042-1.89000E+03 0.00000E+00 2.87500E+02
 -1      2043-2.11000E+03 0.00000E+00 2.87500E+02
 -1      2048-2.11000E+03 4.30000E+02 4.12500E+02
 -1      2049-1.89000E+03 4.30000E+02 4.12500E+02
 -1      2050-1.89000E+03 4.30000E+02 2.87500E+02
 -1      2051-2.11000E+03 4.30000E+02 2.87500E+02
 -1      2056-2.09000E+03-6.10000E+02 5.72500E+02
 -1      2057-1.91000E+03-6.10000E+02 5.72500E+02
 -1      2058-1.91000E+03-6.10000E+02 4.07500E+02
 -1      2059-2.09000E+03-6.10000E+02 4.07500E+02
 -1      2064-2.09000E+03 6.10000E+02 5.72500E+02
 -1      2065-1.91000E+03 6.10000E+02 5.72500E+02
 -1      2066-1.91000E+03 6.10000E+02 4.07500E+02
 -1      2067-2.09000E+03 6.10000E+02 4.07500E+02
 -1      2072-1.10000E+02-4.30000E+02 4.12500E+02
 -1      2073 1.10000E+02-4.30000E+02 4.12500E+02
 -1      2074 1.10000E+02-4.30000E+02 2.87500E+02
 -1      2075-1.10000E+02-4.30000E+02 2.87500E+02
 -1      2080-1.10000E+02 0.00000E+00 4.12500E+02
 -1      2081 1.10000E+02 0.00000E+00 4.12500E+02
 -1      2082 1.10000E+02 0.00000E+00 2.87500E+02
 -1      2083-1.10000E+02 0.00000E+00 2.87500E+02
 -1      2088-1.10000E+02 4.30000E+02 4.12500E+02
 -1      2089 1.10000E+02 4.30000E+02 4.12500E+02
 -1      2090 1.10000E+02 4.30000E+02 2.87500E+02
 -1      2091-1.10000E+02 4.30000E+02 2.87500E+02
 -1      2096-9.00000E+01-6.10000E+02 5.72500E+02
 -1      2097 9.00000E+01-6.10000E+02 5.72500E+02
 -1      2098 9.00000E+01-6.10000E+02 4.07500E+02
 -1      2099-9.00000E+01-6.10000E+02 4.07500E+02
 -1      2104-9.00000E+01 6.10000E+02 5.72500E+02
 -1      2105 9.00000E+01 6.10000E+02 5.72500E+02
 -1      2106 9.00000E+01 6.10000E+02 4.07500E+02
 -1      2107-9.00000E+01 6.10000E+02 4.07500E+02
 -1      2112 1.89000E+03-4.30000E+02 4.12500E+02
 -1      2113 2.11000E+03-4.30000E+02 4.12500E+02
 -1      2114 2.11000E+03-4.30000E+02 2.87500E+02
 -1      2115 1.89000E+03-4.30000E+02 2.87500E+02
 -1      2120 1.89000E+03 0.00000E+00 4.12500E+02
 -1      2121 2.11000E+03 0.00000E+00 4.12500E+02
 -1      2122 2.11000E+03 0.00000E+00 2.87500E+02
 -1      2123 1.89000E+03 0.00000E+00 2.87500E+02
 -1      2128 1.89000E+03 4.30000E+02 4.12500E+02
 -1      2129 2.11000E+03 4.30000E+02 4.12500E+02
 -1      2130 2.11000E+03 4.30000E+02 2.87500E+02
 -1      2131 1.89000E+03 4.30000E+02 2.87500E+02
 -1      2136 1.91000E+03-6.10000E+02 5.72500E+02
 -1      2137 2.09000E+03-6.10000E+02 5.72500E+02
 -1      2138 2.09000E+03-6.10000E+02 4.07500E+02
 -1      2139 1.91000E+03-6.10000E+02 4.07500E+02
 -1      2144 1.91000E+03 6.10000E+02 5.72500E+02
 -1      2145 2.09000E+03 6.10000E+02 5.72500E+02
 -1      2146 2.09000E+03 6.10000E+02 4.07500E+02
 -1      2147 1.91000E+03 6.10000E+02 4.07500E+02
 -1      2152 4.09000E+03-4.30000E+02 4.12500E+02
 -1      2153 4.31000E+03-4.30000E+02 4.12500E+02
 -1      2154 4.31000E+03-4.30000E+02 2.87500E+02
 -1      2155 4.09000E+03-4.30000E+02 2.87500E+02
 -1      2160 4.09000E+03 0.00000E+00 4.12500E+02
 -1      2161 4.31000E+03 0.00000E+00 4.12500E+02
 -1      2162 4.31000E+03 0.00000E+00 2.87500E+02
 -1      2163 4.09000E+03 0.00000E+00 2.87500E+02
 -1      2168 4.09000E+03 4.30000E+02 4.12500E+02
 -1      2169 4.31000E+03 4.30000E+02 4.12500E+02
 -1      2170 4.31000E+03 4.30000E+02 2.87500E+02
 -1      2171 4.09000E+03 4.30000E+02 2.87500E+02
 -1      2176 4.11000E+03-6.10000E+02 5.72500E+02
 -1      2177 4.29000E+03-6.10000E+02 5.72500E+02
 -1      2178 4.29000E+03-6.10000E+02 4.07500E+02
 -1      2179 4.11000E+03-6.10000E+02 4.07500E+02
 -1      2184 4.11000E+03 6.10000E+02 5.72500E+02
 -1      2185 4.29000E+03 6.10000E+02 5.72500E+02
 -1      2186 4.29000E+03 6.10000E+02 4.07500E+02
 -1      2187 4.11000E+03 6.10000E+02 4.07500E+02
 -1      2192 6.04000E+03-4.30000E+02 4.12500E+02
 -1      2193 6.26000E+03-4.30000E+02 4.12500E+02
 -1      2194 6.26000E+03-4.30000E+02 2.87500E+02
 -1      2195 6.04000E+03-4.30000E+02 2.87500E+02
 -1      2200 6.04000E+03 0.00000E+00 4.12500E+02
 -1      2201 6.26000E+03 0.00000E+00 4.12500E+02
 -1      2202 6.26000E+03 0.00000E+00 2.87500E+02
 -1      2203 6.04000E+03 0.00000E+00 2.87500E+02
 -1      2208 6.04000E+03 4.30000E+02 4.12500E+02
 -1      2209 6.26000E+03 4.30000E+02 4.12500E+02
 -1      2210 6.26000E+03 4.30000E+02 2.87500E+02
 -1      2211 6.04000E+03 4.30000E+02 2.87500E+02
 -1      2216 7.24000E+03-4.30000E+02 4.12500E+02
 -1      2217 7.46000E+03-4.30000E+02 4.12500E+02
 -1      2218 7.46000E+03-4.30000E+02 2.87500E+02
 -1      2219 7.24000E+03-4.30000E+02 2.87500E+02
 -1      2224 7.24000E+03 0.00000E+00 4.12500E+02
 -1      2225 7.46000E+03 0.00000E+00 4.12500E+02
 -1      2226 7.46000E+03 0.00000E+00 2.87500E+02
 -1      2227 7.24000E+03 0.00000E+00 2.87500E+02
 -1      2232 7.24000E+03 4.30000E+02 4.12500E+02
 -1      2233 7.46000E+03 4.30000E+02 4.12500E+02
 -1      2234 7.46000E+03 4.30000E+02 2.87500E+02
 -1      2235 7.24000E+03 4.30000E+02 2.87500E+02
 -1      2240 8.14000E+03-4.30000E+02 4.12500E+02
 -1      2241 8.36000E+03-4.30000E+02 4.12500E+02
 -1      2242 8.36000E+03-4.30000E+02 2.87500E+02
 -1      2243 8.14000E+03-4.30000E+02 2.87500E+02
 -1      2248 8.14000E+03 0.00000E+00 4.12500E+02
 -1      2249 8.36000E+03 0.00000E+00 4.12500E+02
 -1      2250 8.36000E+03 0.00000E+00 2.87500E+02
 -1      2251 8.14000E+03 0.00000E+00 2.87500E+02
 -1      2256 8.14000E+03 4.30000E+02 4.12500E+02
 -1      2257 8.36000E+03 4.30000E+02 4.12500E+02
 -1      2258 8.36000E+03 4.30000E+02 2.87500E+02
 -1      2259 8.14000E+03 4.30000E+02 2.87500E+02
 -1      2264-6.67000E+03-1.11000E+03 6.40000E+02
 -1      2265-6.67000E+03-1.39000E+03 6.40000E+02
 -1      2266-6.67000E+03-1.39000E+03 3.80000E+02
 -1      2267-6.67000E+03-1.11000E+03 3.80000E+02
 -1      2272-5.63000E+03-1.11000E+03 6.40000E+02
 -1      2273-5.63000E+03-1.39000E+03 6.40000E+02
 -1      2274-5.63000E+03-1.39000E+03 3.80000E+02
 -1      2275-5.63000E+03-1.11000E+03 3.80000E+02
 -1      2280-6.67000E+03-5.60000E+02 6.40000E+02
 -1      2281-6.67000E+03-8.40000E+02 6.40000E+02
 -1      2282-6.67000E+03-8.40000E+02 3.80000E+02
 -1      2283-6.67000E+03-5.60000E+02 3.80000E+02
 -1      2288-5.63000E+03-5.60000E+02 6.40000E+02
 -1      2289-5.63000E+03-8.40000E+02 6.40000E+02
 -1      2290-5.63000E+03-8.40000E+02 3.80000E+02
 -1      2291-5.63000E+03-5.60000E+02 3.80000E+02
 -1      2296-6.67000E+03 8.40000E+02 6.40000E+02
 -1      2297-6.67000E+03 5.60000E+02 6.40000E+02
 -1      2298-6.67000E+03 5.60000E+02 3.80000E+02
 -1      2299-6.67000E+03 8.40000E+02 3.80000E+02
 -1      2304-5.63000E+03 8.40000E+02 6.40000E+02
 -1      2305-5.63000E+03 5.60000E+02 6.40000E+02
 -1      2306-5.63000E+03 5.60000E+02 3.80000E+02
 -1      2307-5.63000E+03 8.40000E+02 3.80000E+02
 -1      2312-6.67000E+03 1.39000E+03 6.40000E+02
 -1      2313-6.67000E+03 1.11000E+03 6.40000E+02
 -1      2314-6.67000E+03 1.11000E+03 3.80000E+02
 -1      2315-6.67000E+03 1.39000E+03 3.80000E+02
 -1      2320-5.63000E+03 1.39000E+03 6.40000E+02
 -1      2321-5.63000E+03 1.11000E+03 6.40000E+02
 -1      2322-5.63000E+03 1.11000E+03 3.80000E+02
 -1      2323-5.63000E+03 1.39000E+03 3.80000E+02
 -1      2328-6.29000E+03-1.25000E+03 6.40000E+02
 -1      2329-6.01000E+03-1.25000E+03 6.40000E+02
 -1      2330-6.01000E+03-1.25000E+03 3.80000E+02
 -1      2331-6.29000E+03-1.25000E+03 3.80000E+02
 -1      2336-6.29000E+03 1.25000E+03 6.40000E+02
 -1      2337-6.01000E+03 1.25000E+03 6.40000E+02
 -1      2338-6.01000E+03 1.25000E+03 3.80000E+02
 -1      2339-6.29000E+03 1.25000E+03 3.80000E+02
 -1      2344-4.65430E+03-8.40000E+02 4.59049E+02
 -1      2345-4.65430E+03-5.60000E+02 4.59049E+02
 -1      2346-4.68570E+03-5.60000E+02 2.00951E+02
 -1      2347-4.68570E+03-8.40000E+02 2.00951E+02
 -1      2352-6.13430E+03-8.40000E+02 6.39049E+02
 -1      2353-6.13430E+03-5.60000E+02 6.39049E+02
 -1      2354-6.16570E+03-5.60000E+02 3.80951E+02
 -1      2355-6.16570E+03-8.40000E+02 3.80951E+02
 -1      2360-4.65430E+03 5.60000E+02 4.59049E+02
 -1      2361-4.65430E+03 8.40000E+02 4.59049E+02
 -1      2362-4.68570E+03 8.40000E+02 2.00951E+02
 -1      2363-4.68570E+03 5.60000E+02 2.00951E+02
 -1      2368-6.13430E+03 5.60000E+02 6.39049E+02
 -1      2369-6.13430E+03 8.40000E+02 6.39049E+02
 -1      2370-6.16570E+03 8.40000E+02 3.80951E+02
 -1      2371-6.16570E+03 5.60000E+02 3.80951E+02
 -1      2376 5.63000E+03-1.11000E+03 6.40000E+02
 -1      2377 5.63000E+03-1.39000E+03 6.40000E+02
 -1      2378 5.63000E+03-1.39000E+03 3.80000E+02
 -1      2379 5.63000E+03-1.11000E+03 3.80000E+02
 -1      2384 6.67000E+03-1.11000E+03 6.40000E+02
 -1      2385 6.67000E+03-1.39000E+03 6.40000E+02
 -1      2386 6.67000E+03-1.39000E+03 3.80000E+02
 -1      2387 6.67000E+03-1.11000E+03 3.80000E+02
 -1      2392 5.63000E+03-5.60000E+02 6.40000E+02
 -1      2393 5.63000E+03-8.40000E+02 6.40000E+02
 -1      2394 5.63000E+03-8.40000E+02 3.80000E+02
 -1      2395 5.63000E+03-5.60000E+02 3.80000E+02
 -1      2400 6.67000E+03-5.60000E+02 6.40000E+02
 -1      2401 6.67000E+03-8.40000E+02 6.40000E+02
 -1      2402 6.67000E+03-8.40000E+02 3.80000E+02
 -1      2403 6.67000E+03-5.60000E+02 3.80000E+02
 -1      2408 5.63000E+03 8.40000E+02 6.40000E+02
 -1      2409 5.63000E+03 5.60000E+02 6.40000E+02
 -1      2410 5.63000E+03 5.60000E+02 3.80000E+02
 -1      2411 5.63000E+03 8.40000E+02 3.80000E+02
 -1      2416 6.67000E+03 8.40000E+02 6.40000E+02
 -1      2417 6.67000E+03 5.60000E+02 6.40000E+02
 -1      2418 6.67000E+03 5.60000E+02 3.80000E+02
 -1      2419 6.67000E+03 8.40000E+02 3.80000E+02
 -1      2424 5.63000E+03 1.39000E+03 6.40000E+02
 -1      2425 5.63000E+03 1.11000E+03 6.40000E+02
 -1      2426 5.63000E+03 1.11000E+03 3.80000E+02
 -1      2427 5.63000E+03 1.39000E+03 3.80000E+02
 -1      2432 6.67000E+03 1.39000E+03 6.40000E+02
 -1      2433 6.67000E+03 1.11000E+03 6.40000E+02
 -1      2434 6.67000E+03 1.11000E+03 3.80000E+02
 -1      2435 6.67000E+03 1.39000E+03 3.80000E+02
 -1      2440 6.01000E+03-1.25000E+03 6.40000E+02
 -1      2441 6.29000E+03-1.25000E+03 6.40000E+02
 -1      2442 6.29000E+03-1.25000E+03 3.80000E+02
 -1      2443 6.01000E+03-1.25000E+03 3.80000E+02
 -1      2448 6.01000E+03 1.25000E+03 6.40000E+02
 -1      2449 6.29000E+03 1.25000E+03 6.40000E+02
 -1      2450 6.29000E+03 1.25000E+03 3.80000E+02
 -1      2451 6.01000E+03 1.25000E+03 3.80000E+02
 -1      2456 4.65430E+03-5.60000E+02 4.59049E+02
 -1      2457 4.65430E+03-8.40000E+02 4.59049E+02
 -1      2458 4.68570E+03-8.40000E+02 2.00951E+02
 -1      2459 4.68570E+03-5.60000E+02 2.00951E+02
 -1      2464 6.13430E+03-5.60000E+02 6.39049E+02
 -1      2465 6.13430E+03-8.40000E+02 6.39049E+02
 -1      2466 6.16570E+03-8.40000E+02 3.80951E+02
 -1      2467 6.16570E+03-5.60000E+02 3.80951E+02
 -1      2472 4.65430E+03 8.40000E+02 4.59049E+02
 -1      2473 4.65430E+03 5.60000E+02 4.59049E+02
 -1      2474 4.68570E+03 5.60000E+02 2.00951E+02
 -1      2475 4.68570E+03 8.40000E+02 2.00951E+02
 -1      2480 6.13430E+03 8.40000E+02 6.39049E+02
 -1      2481 6.13430E+03 5.60000E+02 6.39049E+02
 -1      2482 6.16570E+03 5.60000E+02 3.80951E+02
 -1      2483 6.16570E+03 8.40000E+02 3.80951E+02
 -3
    3C                           159                                     1
 -1         1    1    0    1
 -2       156       190       191       157       159       193       192       158
 -1         2    1    0    1
 -2       190       224       225       191       193       227       226       192
 -1         3    1    0    1
 -2       224       258       259       225       227       261       260       226
 -1         4    1    0    1
 -2       258       292       293       259       261       295       294       260
 -1         5    1    0    1
 -2       292       326       327       293       295       329       328       294
 -1         6    1    0    1
 -2       326       360       361       327       329       363       362       328
 -1         7    1    0    1
 -2       360       394       395       361       363       397       396       362
 -1         8    1    0    1
 -2       394       428       429       395       397       431       430       396
 -1         9    1    0    1
 -2       428       462       463       429       431       465       464       430
 -1        10    1    0    1
 -2       462       496       497       463       465       499       498       464
 -1        11    1    0    1
 -2       530       564       565       531       533       567       566       532
 -1        12    1    0    1
 -2       564       598       599       565       567       601       600       566
 -1        13    1    0    1
 -2       598       632       633       599       601       635       634       600
 -1        14    1    0    1
 -2       632       666       667       633       635       669       668       634
 -1        15    1    0    1
 -2       666       700       701       667       669       703       702       668
 -1        16    1    0    1
 -2       700       734       735       701       703       737       736       702
 -1        17    1    0    1
 -2       734       768       769       735       737       771       770       736
 -1        18    1    0    1
 -2       768       802       803       769       771       805       804       770
 -1        19    1    0    1
 -2       802       836       837       803       805       839       838       804
 -1        20    1    0    1
 -2       836       870       871       837       839       873       872       838
 -1        21    1    0    1
 -2       904       938       939       905       907       941       940       906
 -1        22    1    0    1
 -2       938       972       973       939       941       975       974       940
 -1        23    1    0    1
 -2       972      1006      1007       973       975      1009      1008       974
 -1        24    1    0    1
 -2      1006      1040      1041      1007      1009      1043      1042      1008
 -1        25    1    0    1
 -2      1040      1074      1075      1041      1043      1077      1076      1042
 -1        26    1    0    1
 -2      1074      1108      1109      1075      1077      1111      1110      1076
 -1        27    1    0    1
 -2      1108      1142      1143      1109      1111      1145      1144      1110
 -1        28    1    0    1
 -2      1142      1176      1177      1143      1145      1179      1178      1144
 -1        29    1    0    1
 -2      1176      1210      1211      1177      1179      1213      1212      1178
 -1        30    1    0    1
 -2      1244      1278      1279      1245      1247      1281      1280      1246
 -1        31    1    0    1
 -2      1278      1312      1313      1279      1281      1315      1314      1280
 -1        32    1    0    1
 -2      1312      1346      1347      1313      1315      1349      1348      1314
 -1        33    1    0    1
 -2      1346      1380      1381      1347      1349      1383      1382      1348
 -1        34    1    0    1
 -2      1380      1414      1415      1381      1383      1417      1416      1382
 -1        35    1    0    1
 -2      1414      1448      1449      1415      1417      1451      1450      1416
 -1        36    1    0    1
 -2      1448      1482      1483      1449      1451      1485      1484      1450
 -1        37    1    0    1
 -2      1482      1516      1517      1483      1485      1519      1518      1484
 -1        38    1    0    1
 -2      1516      1550      1551      1517      1519      1553      1552      1518
 -1        39    1    0    1
 -2      1584      1592      1593      1585      1587      1595      1594      1586
 -1        40    1    0    1
 -2      1592      1600      1601      1593      1595      1603      1602      1594
 -1        41    1    0    1
 -2      1600      1608      1609      1601      1603      1611      1610      1602
 -1        42    1    0    1
 -2      1608      1616      1617      1609      1611      1619      1618      1610
 -1        43    1    0    1
 -2      1616      1624      1625      1617      1619      1627      1626      1618
 -1        44    1    0    1
 -2      1624      1632      1633      1625      1627      1635      1634      1626
 -1        45    1    0    1
 -2      1632      1640      1641      1633      1635      1643      1642      1634
 -1        46    1    0    1
 -2      1640      1648      1649      1641      1643      1651      1650      1642
 -1        47    1    0    1
 -2      1648      1656      1657      1649      1651      1659      1658      1650
 -1        48    1    0    1
 -2      1664      1672      1673      1665      1667      1675      1674      1666
 -1        49    1    0    1
 -2      1672      1680      1681      1673      1675      1683      1682      1674
 -1        50    1    0    1
 -2      1680      1688      1689      1681      1683      1691      1690      1682
 -1        51    1    0    1
 -2      1688      1696      1697      1689      1691      1699      1698      1690
 -1        52    1    0    1
 -2      1696      1704      1705      1697      1699      1707      1706      1698
 -1        53    1    0    1
 -2      1704      1712      1713      1705      1707      1715      1714      1706
 -1        54    1    0    1
 -2      1712      1720      1721      1713      1715      1723      1722      1714
 -1        55    1    0    1
 -2      1720      1728      1729      1721      1723      1731      1730      1722
 -1        56    1    0    1
 -2      1728      1736      1737      1729      1731      1739      1738      1730
 -1        57    1    0    1
 -2      1744      1752      1753      1745      1747      1755      1754      1746
 -1        58    1    0    1
 -2      1752      1760      1761      1753      1755      1763      1762      1754
 -1        59    1    0    1
 -2      1760      1768      1769      1761      1763      1771      1770      1762
 -1        60    1    0    1
 -2      1768      1776      1777      1769      1771      1779      1778      1770
 -1        61    1    0    1
 -2      1776      1784      1785      1777      1779      1787      1786      1778
 -1        62    1    0    1
 -2      1784      1792      1793      1785      1787      1795      1794      1786
 -1        63    1    0    1
 -2      1792      1800      1801      1793      1795      1803      1802      1794
 -1        64    1    0    1
 -2      1800      1808      1809      1801      1803      1811      1810      1802
 -1        65    1    0    1
 -2      1808      1816      1817      1809      1811      1819      1818      1810
 -1        66    1    0    1
 -2      1824      1832      1833      1825      1827      1835      1834      1826
 -1        67    1    0    1
 -2      1832      1840      1841      1833      1835      1843      1842      1834
 -1        68    1    0    1
 -2      1840      1848      1849      1841      1843      1851      1850      1842
 -1        69    1    0    1
 -2      1848      1856      1857      1849      1851      1859      1858      1850
 -1        70    1    0    1
 -2      1856      1864      1865      1857      1859      1867      1866      1858
 -1        71    1    0    1
 -2      1864      1872      1873      1865      1867      1875      1874      1866
 -1        72    1    0    1
 -2      1872      1880      1881      1873      1875      1883      1882      1874
 -1        73    1    0    1
 -2      1880      1888      1889      1881      1883      1891      1890      1882
 -1        74    1    0    1
 -2      1888      1896      1897      1889      1891      1899      1898      1890
 -1        75    1    0    1
 -2       164      1904      1905       165       167      1907      1906       166
 -1        76    1    0    1
 -2      1904      1912      1913      1905      1907      1915      1914      1906
 -1        77    1    0    1
 -2      1912      1920      1921      1913      1915      1923      1922      1914
 -1        78    1    0    1
 -2      1920      1928      1929      1921      1923      1931      1930      1922
 -1        79    1    0    1
 -2      1928      1936      1937      1929      1931      1939      1938      1930
 -1        80    1    0    1
 -2      1936       538       539      1937      1939       541       540      1938
 -1        81    1    0    1
 -2       198       912       913       199       201       915       914       200
 -1        82    1    0    1
 -2       912      1944      1945       913       915      1947      1946       914
 -1        83    1    0    1
 -2      1944      1952      1953      1945      1947      1955      1954      1946
 -1        84    1    0    1
 -2      1952      1960      1961      1953      1955      1963      1962      1954
 -1        85    1    0    1
 -2      1960      1252      1253      1961      1963      1255      1254      1962
 -1        86    1    0    1
 -2      1252       572       573      1253      1255       575       574      1254
 -1        87    1    0    1
 -2       232       946       947       233       235       949       948       234
 -1        88    1    0    1
 -2       946      1968      1969       947       949      1971      1970       948
 -1        89    1    0    1
 -2      1968      1976      1977      1969      1971      1979      1978      1970
 -1        90    1    0    1
 -2      1976      1984      1985      1977      1979      1987      1986      1978
 -1        91    1    0    1
 -2      1984      1286      1287      1985      1987      1289      1288      1986
 -1        92    1    0    1
 -2      1286       606       607      1287      1289       609       608      1288
 -1        93    1    0    1
 -2       266       980       981       267       269       983       982       268
 -1        94    1    0    1
 -2       980      1992      1993       981       983      1995      1994       982
 -1        95    1    0    1
 -2      1992      2000      2001      1993      1995      2003      2002      1994
 -1        96    1    0    1
 -2      2000      2008      2009      2001      2003      2011      2010      2002
 -1        97    1    0    1
 -2      2008      1320      1321      2009      2011      1323      1322      2010
 -1        98    1    0    1
 -2      1320       640       641      1321      1323       643       642      1322
 -1        99    1    0    1
 -2      2016      2024      2025      2017      2019      2027      2026      2018
 -1       100    1    0    1
 -2       300      1014      1015       301       303      1017      1016       302
 -1       101    1    0    1
 -2      1014      2032      2033      1015      1017      2035      2034      1016
 -1       102    1    0    1
 -2      2032      2040      2041      2033      2035      2043      2042      2034
 -1       103    1    0    1
 -2      2040      2048      2049      2041      2043      2051      2050      2042
 -1       104    1    0    1
 -2      2048      1354      1355      2049      2051      1357      1356      2050
 -1       105    1    0    1
 -2      1354       674       675      1355      1357       677       676      1356
 -1       106    1    0    1
 -2      2056      2064      2065      2057      2059      2067      2066      2058
 -1       107    1    0    1
 -2       334      1048      1049       335       337      1051      1050       336
 -1       108    1    0    1
 -2      1048      2072      2073      1049      1051      2075      2074      1050
 -1       109    1    0    1
 -2      2072      2080      2081      2073      2075      2083      2082      2074
 -1       110    1    0    1
 -2      2080      2088      2089      2081      2083      2091      2090      2082
 -1       111    1    0    1
 -2      2088      1388      1389      2089      2091      1391      1390      2090
 -1       112    1    0    1
 -2      1388       708       709      1389      1391       711       710      1390
 -1       113    1    0    1
 -2      2096      2104      2105      2097      2099      2107      2106      2098
 -1       114    1    0    1
 -2       368      1082      1083       369       371      1085      1084       370
 -1       115    1    0    1
 -2      1082      2112      2113      1083      1085      2115      2114      1084
 -1       116    1    0    1
 -2      2112      2120      2121      2113      2115      2123      2122      2114
 -1       117    1    0    1
 -2      2120      2128      2129      2121      2123      2131      2130      2122
 -1       118    1    0    1
 -2      2128      1422      1423      2129      2131      1425      1424      2130
 -1       119    1    0    1
 -2      1422       742       743      1423      1425       745       744      1424
 -1       120    1    0    1
 -2      2136      2144      2145      2137      2139      2147      2146      2138
 -1       121    1    0    1
 -2       402      1116      1117       403       405      1119      1118       404
 -1       122    1    0    1
 -2      1116      2152      2153      1117      1119      2155      2154      1118
 -1       123    1    0    1
 -2      2152      2160      2161      2153      2155      2163      2162      2154
 -1       124    1    0    1
 -2      2160      2168      2169      2161      2163      2171      2170      2162
 -1       125    1    0    1
 -2      2168      1456      1457      2169      2171      1459      1458      2170
 -1       126    1    0    1
 -2      1456       776       777      1457      1459       779       778      1458
 -1       127    1    0    1
 -2      2176      2184      2185      2177      2179      2187      2186      2178
 -1       128    1    0    1
 -2       436      1150      1151       437       439      1153      1152       438
 -1       129    1    0    1
 -2      1150      2192      2193      1151      1153      2195      2194      1152
 -1       130    1    0    1
 -2      2192      2200      2201      2193      2195      2203      2202      2194
 -1       131    1    0    1
 -2      2200      2208      2209      2201      2203      2211      2210      2202
 -1       132    1    0    1
 -2      2208      1490      1491      2209      2211      1493      1492      2210
 -1       133    1    0    1
 -2      1490       810       811      1491      1493       813       812      1492
 -1       134    1    0    1
 -2       470      1184      1185       471       473      1187      1186       472
 -1       135    1    0    1
 -2      1184      2216      2217      1185      1187      2219      2218      1186
 -1       136    1    0    1
 -2      2216      2224      2225      2217      2219      2227      2226      2218
 -1       137    1    0    1
 -2      2224      2232      2233      2225      2227      2235      2234      2226
 -1       138    1    0    1
 -2      2232      1524      1525      2233      2235      1527      1526      2234
 -1       139    1    0    1
 -2      1524       844       845      1525      1527       847       846      1526
 -1       140    1    0    1
 -2       504      1218      1219       505       507      1221      1220       506
 -1       141    1    0    1
 -2      1218      2240      2241      1219      1221      2243      2242      1220
 -1       142    1    0    1
 -2      2240      2248      2249      2241      2243      2251      2250      2242
 -1       143    1    0    1
 -2      2248      2256      2257      2249      2251      2259      2258      2250
 -1       144    1    0    1
 -2      2256      1558      1559      2257      2259      1561      1560      2258
 -1       145    1    0    1
 -2      1558       878       879      1559      1561       881       880      1560
 -1       146    1    0    1
 -2      2264      2272      2273      2265      2267      2275      2274      2266
 -1       147    1    0    1
 -2      2280      2288      2289      2281      2283      2291      2290      2282
 -1       148    1    0    1
 -2      2296      2304      2305      2297      2299      2307      2306      2298
 -1       149    1    0    1
 -2      2312      2320      2321      2313      2315      2323      2322      2314
 -1       150    1    0    1
 -2      2328      2336      2337      2329      2331      2339      2338      2330
 -1       151    1    0    1
 -2      2344      2352      2353      2345      2347      2355      2354      2346
 -1       152    1    0    1
 -2      2360      2368      2369      2361      2363      2371      2370      2362
 -1       153    1    0    1
 -2      2376      2384      2385      2377      2379      2387      2386      2378
 -1       154    1    0    1
 -2      2392      2400      2401      2393      2395      2403      2402      2394
 -1       155    1    0    1
 -2      2408      2416      2417      2409      2411      2419      2418      2410
 -1       156    1    0    1
 -2      2424      2432      2433      2425      2427      2435      2434      2426
 -1       157    1    0    1
 -2      2440      2448      2449      2441      2443      2451      2450      2442
 -1       158    1    0    1
 -2      2456      2464      2465      2457      2459      2467      2466      2458
 -1       159    1    0    1
 -2      2472      2480      2481      2473      2475      2483      2482      2474
 -3
 9999
