    1C
    1UOSR controlled member screening; mm N MPa                         
    1UUSER                                                              
    1UDATE              18.september.2026                               
    1UTIME              20:26:34                                        
    1UHOST                                                              
    1UPGM               CalculiX                                        
    1UVERSION           Version 2.23                             
    1UCOMPILETIME       Sun Oct 19 18:23:34 CEST 2025                    
    1UDIR                                                               
    1UDBN                                                               
    1UMAT    1STEEL                                                     
    2C                           104                                     1
 -1        18 0.00000E+00-9.00000E+01 1.36800E+02
 -1        19 0.00000E+00-9.00000E+01-1.36800E+02
 -1        20 0.00000E+00 9.00000E+01-1.36800E+02
 -1        21 0.00000E+00 9.00000E+01 1.36800E+02
 -1        22 0.00000E+00-9.00000E+01 0.00000E+00
 -1        23 0.00000E+00 0.00000E+00-1.36800E+02
 -1        24 0.00000E+00 9.00000E+01 0.00000E+00
 -1        25 0.00000E+00 0.00000E+00 1.36800E+02
 -1        26 1.65625E+02-9.00000E+01 1.36800E+02
 -1        27 1.65625E+02-9.00000E+01-1.36800E+02
 -1        28 1.65625E+02 9.00000E+01-1.36800E+02
 -1        29 1.65625E+02 9.00000E+01 1.36800E+02
 -1        34 3.31250E+02-9.00000E+01 1.36800E+02
 -1        35 3.31250E+02-9.00000E+01-1.36800E+02
 -1        36 3.31250E+02 9.00000E+01-1.36800E+02
 -1        37 3.31250E+02 9.00000E+01 1.36800E+02
 -1        38 3.31250E+02-9.00000E+01 0.00000E+00
 -1        39 3.31250E+02 0.00000E+00-1.36800E+02
 -1        40 3.31250E+02 9.00000E+01 0.00000E+00
 -1        41 3.31250E+02 0.00000E+00 1.36800E+02
 -1        42 4.96875E+02-9.00000E+01 1.36800E+02
 -1        43 4.96875E+02-9.00000E+01-1.36800E+02
 -1        44 4.96875E+02 9.00000E+01-1.36800E+02
 -1        45 4.96875E+02 9.00000E+01 1.36800E+02
 -1        50 6.62500E+02-9.00000E+01 1.36800E+02
 -1        51 6.62500E+02-9.00000E+01-1.36800E+02
 -1        52 6.62500E+02 9.00000E+01-1.36800E+02
 -1        53 6.62500E+02 9.00000E+01 1.36800E+02
 -1        54 6.62500E+02-9.00000E+01 0.00000E+00
 -1        55 6.62500E+02 0.00000E+00-1.36800E+02
 -1        56 6.62500E+02 9.00000E+01 0.00000E+00
 -1        57 6.62500E+02 0.00000E+00 1.36800E+02
 -1        58 8.28125E+02-9.00000E+01 1.36800E+02
 -1        59 8.28125E+02-9.00000E+01-1.36800E+02
 -1        60 8.28125E+02 9.00000E+01-1.36800E+02
 -1        61 8.28125E+02 9.00000E+01 1.36800E+02
 -1        66 9.93750E+02-9.00000E+01 1.36800E+02
 -1        67 9.93750E+02-9.00000E+01-1.36800E+02
 -1        68 9.93750E+02 9.00000E+01-1.36800E+02
 -1        69 9.93750E+02 9.00000E+01 1.36800E+02
 -1        70 9.93750E+02-9.00000E+01 0.00000E+00
 -1        71 9.93750E+02 0.00000E+00-1.36800E+02
 -1        72 9.93750E+02 9.00000E+01 0.00000E+00
 -1        73 9.93750E+02 0.00000E+00 1.36800E+02
 -1        74 1.15938E+03-9.00000E+01 1.36800E+02
 -1        75 1.15938E+03-9.00000E+01-1.36800E+02
 -1        76 1.15938E+03 9.00000E+01-1.36800E+02
 -1        77 1.15938E+03 9.00000E+01 1.36800E+02
 -1        82 1.32500E+03-9.00000E+01 1.36800E+02
 -1        83 1.32500E+03-9.00000E+01-1.36800E+02
 -1        84 1.32500E+03 9.00000E+01-1.36800E+02
 -1        85 1.32500E+03 9.00000E+01 1.36800E+02
 -1        86 1.32500E+03-9.00000E+01 0.00000E+00
 -1        87 1.32500E+03 0.00000E+00-1.36800E+02
 -1        88 1.32500E+03 9.00000E+01 0.00000E+00
 -1        89 1.32500E+03 0.00000E+00 1.36800E+02
 -1        90 1.49062E+03-9.00000E+01 1.36800E+02
 -1        91 1.49062E+03-9.00000E+01-1.36800E+02
 -1        92 1.49062E+03 9.00000E+01-1.36800E+02
 -1        93 1.49062E+03 9.00000E+01 1.36800E+02
 -1        98 1.65625E+03-9.00000E+01 1.36800E+02
 -1        99 1.65625E+03-9.00000E+01-1.36800E+02
 -1       100 1.65625E+03 9.00000E+01-1.36800E+02
 -1       101 1.65625E+03 9.00000E+01 1.36800E+02
 -1       102 1.65625E+03-9.00000E+01 0.00000E+00
 -1       103 1.65625E+03 0.00000E+00-1.36800E+02
 -1       104 1.65625E+03 9.00000E+01 0.00000E+00
 -1       105 1.65625E+03 0.00000E+00 1.36800E+02
 -1       106 1.82188E+03-9.00000E+01 1.36800E+02
 -1       107 1.82188E+03-9.00000E+01-1.36800E+02
 -1       108 1.82188E+03 9.00000E+01-1.36800E+02
 -1       109 1.82188E+03 9.00000E+01 1.36800E+02
 -1       114 1.98750E+03-9.00000E+01 1.36800E+02
 -1       115 1.98750E+03-9.00000E+01-1.36800E+02
 -1       116 1.98750E+03 9.00000E+01-1.36800E+02
 -1       117 1.98750E+03 9.00000E+01 1.36800E+02
 -1       118 1.98750E+03-9.00000E+01 0.00000E+00
 -1       119 1.98750E+03 0.00000E+00-1.36800E+02
 -1       120 1.98750E+03 9.00000E+01 0.00000E+00
 -1       121 1.98750E+03 0.00000E+00 1.36800E+02
 -1       122 2.15312E+03-9.00000E+01 1.36800E+02
 -1       123 2.15312E+03-9.00000E+01-1.36800E+02
 -1       124 2.15312E+03 9.00000E+01-1.36800E+02
 -1       125 2.15312E+03 9.00000E+01 1.36800E+02
 -1       130 2.31875E+03-9.00000E+01 1.36800E+02
 -1       131 2.31875E+03-9.00000E+01-1.36800E+02
 -1       132 2.31875E+03 9.00000E+01-1.36800E+02
 -1       133 2.31875E+03 9.00000E+01 1.36800E+02
 -1       134 2.31875E+03-9.00000E+01 0.00000E+00
 -1       135 2.31875E+03 0.00000E+00-1.36800E+02
 -1       136 2.31875E+03 9.00000E+01 0.00000E+00
 -1       137 2.31875E+03 0.00000E+00 1.36800E+02
 -1       138 2.48438E+03-9.00000E+01 1.36800E+02
 -1       139 2.48438E+03-9.00000E+01-1.36800E+02
 -1       140 2.48438E+03 9.00000E+01-1.36800E+02
 -1       141 2.48438E+03 9.00000E+01 1.36800E+02
 -1       146 2.65000E+03-9.00000E+01 1.36800E+02
 -1       147 2.65000E+03-9.00000E+01-1.36800E+02
 -1       148 2.65000E+03 9.00000E+01-1.36800E+02
 -1       149 2.65000E+03 9.00000E+01 1.36800E+02
 -1       150 2.65000E+03-9.00000E+01 0.00000E+00
 -1       151 2.65000E+03 0.00000E+00-1.36800E+02
 -1       152 2.65000E+03 9.00000E+01 0.00000E+00
 -1       153 2.65000E+03 0.00000E+00 1.36800E+02
 -3
    3C                             8                                     1
 -1         1    4    0    1
 -2        18        34        35        19        21        37        36        20        26        38
 -2        27        22        25        41        39        23        29        40        28        24
 -1         2    4    0    1
 -2        34        50        51        35        37        53        52        36        42        54
 -2        43        38        41        57        55        39        45        56        44        40
 -1         3    4    0    1
 -2        50        66        67        51        53        69        68        52        58        70
 -2        59        54        57        73        71        55        61        72        60        56
 -1         4    4    0    1
 -2        66        82        83        67        69        85        84        68        74        86
 -2        75        70        73        89        87        71        77        88        76        72
 -1         5    4    0    1
 -2        82        98        99        83        85       101       100        84        90       102
 -2        91        86        89       105       103        87        93       104        92        88
 -1         6    4    0    1
 -2        98       114       115        99       101       117       116       100       106       118
 -2       107       102       105       121       119       103       109       120       108       104
 -1         7    4    0    1
 -2       114       130       131       115       117       133       132       116       122       134
 -2       123       118       121       137       135       119       125       136       124       120
 -1         8    4    0    1
 -2       130       146       147       131       133       149       148       132       138       150
 -2       139       134       137       153       151       135       141       152       140       136
 -3
 9999
