    Blocking waiting for file lock on package cache
    Blocking waiting for file lock on package cache
    Blocking waiting for file lock on package cache
   Compiling osr-core v0.4.0 (/home/hayder/Documents/OpenSourceRail/crates/osr-core)
   Compiling osr-interlocking v0.4.0 (/home/hayder/Documents/OpenSourceRail/crates/osr-interlocking)
   Compiling osr-secbus v0.4.0 (/home/hayder/Documents/OpenSourceRail/crates/osr-secbus)
   Compiling osr-intrusion-detect v0.4.0 (/home/hayder/Documents/OpenSourceRail/crates/osr-intrusion-detect)
   Compiling osr-obstacle-detect v0.4.0 (/home/hayder/Documents/OpenSourceRail/crates/osr-obstacle-detect)
   Compiling osr-consensus v0.4.0 (/home/hayder/Documents/OpenSourceRail/crates/osr-consensus)
   Compiling osr-atp v0.4.0 (/home/hayder/Documents/OpenSourceRail/crates/osr-atp)
   Compiling osr-brake v0.4.0 (/home/hayder/Documents/OpenSourceRail/crates/osr-brake)
   Compiling osr-odometry v0.4.0 (/home/hayder/Documents/OpenSourceRail/crates/osr-odometry)
   Compiling osr-selftest v0.4.0 (/home/hayder/Documents/OpenSourceRail/crates/osr-selftest)
   Compiling osr-sim v0.4.0 (/home/hayder/Documents/OpenSourceRail/crates/osr-sim)
    Finished `release` profile [optimized] target(s) in 19.52s
resilience: running 80% end-of-life battery capacity
resilience: running maximum planning climate/HVAC duty
resilience: completed maximum planning climate/HVAC duty
resilience: completed 80% end-of-life battery capacity
resilience: running 50% charging-contact availability
resilience: running ten-hour all-site grid outage
resilience: completed ten-hour all-site grid outage
resilience: completed 50% charging-contact availability
resilience: running combined 80% aged battery and maximum climate/HVAC duty
resilience: running ten-hour single charging-pad outage
resilience: completed ten-hour single charging-pad outage
resilience: completed combined 80% aged battery and maximum climate/HVAC duty
resilience: running consecutive missed charging stops
resilience: running late-running shared-charger conflict
resilience: completed late-running shared-charger conflict
resilience: completed consecutive missed charging stops
wrote /home/hayder/Documents/OpenSourceRail/build/design-options/mosul-energy-topology/qualification.json (passed=True)
Per-line qualification: /home/hayder/Documents/OpenSourceRail/build/design-options/mosul-energy-topology/qualification.json (passed=True; operating_release=False)
