    1C
    1UOSR controlled member screening; mm N MPa                         
    1UUSER                                                              
    1UDATE              18.september.2026                               
    1UTIME              20:08:27                                        
    1UHOST                                                              
    1UPGM               CalculiX                                        
    1UVERSION           Version 2.23                             
    1UCOMPILETIME       Sun Oct 19 18:23:34 CEST 2025                    
    1UDIR                                                               
    1UDBN                                                               
    1UMAT    1STEEL                                                     
    2C                           200                                     1
 -1        34 0.00000E+00-9.00000E+01 1.36800E+02
 -1        35 0.00000E+00-9.00000E+01-1.36800E+02
 -1        36 0.00000E+00 9.00000E+01-1.36800E+02
 -1        37 0.00000E+00 9.00000E+01 1.36800E+02
 -1        38 0.00000E+00-9.00000E+01 0.00000E+00
 -1        39 0.00000E+00 0.00000E+00-1.36800E+02
 -1        40 0.00000E+00 9.00000E+01 0.00000E+00
 -1        41 0.00000E+00 0.00000E+00 1.36800E+02
 -1        42 8.28125E+01-9.00000E+01 1.36800E+02
 -1        43 8.28125E+01-9.00000E+01-1.36800E+02
 -1        44 8.28125E+01 9.00000E+01-1.36800E+02
 -1        45 8.28125E+01 9.00000E+01 1.36800E+02
 -1        50 1.65625E+02-9.00000E+01 1.36800E+02
 -1        51 1.65625E+02-9.00000E+01-1.36800E+02
 -1        52 1.65625E+02 9.00000E+01-1.36800E+02
 -1        53 1.65625E+02 9.00000E+01 1.36800E+02
 -1        54 1.65625E+02-9.00000E+01 0.00000E+00
 -1        55 1.65625E+02 0.00000E+00-1.36800E+02
 -1        56 1.65625E+02 9.00000E+01 0.00000E+00
 -1        57 1.65625E+02 0.00000E+00 1.36800E+02
 -1        58 2.48438E+02-9.00000E+01 1.36800E+02
 -1        59 2.48438E+02-9.00000E+01-1.36800E+02
 -1        60 2.48438E+02 9.00000E+01-1.36800E+02
 -1        61 2.48438E+02 9.00000E+01 1.36800E+02
 -1        66 3.31250E+02-9.00000E+01 1.36800E+02
 -1        67 3.31250E+02-9.00000E+01-1.36800E+02
 -1        68 3.31250E+02 9.00000E+01-1.36800E+02
 -1        69 3.31250E+02 9.00000E+01 1.36800E+02
 -1        70 3.31250E+02-9.00000E+01 0.00000E+00
 -1        71 3.31250E+02 0.00000E+00-1.36800E+02
 -1        72 3.31250E+02 9.00000E+01 0.00000E+00
 -1        73 3.31250E+02 0.00000E+00 1.36800E+02
 -1        74 4.14062E+02-9.00000E+01 1.36800E+02
 -1        75 4.14062E+02-9.00000E+01-1.36800E+02
 -1        76 4.14062E+02 9.00000E+01-1.36800E+02
 -1        77 4.14062E+02 9.00000E+01 1.36800E+02
 -1        82 4.96875E+02-9.00000E+01 1.36800E+02
 -1        83 4.96875E+02-9.00000E+01-1.36800E+02
 -1        84 4.96875E+02 9.00000E+01-1.36800E+02
 -1        85 4.96875E+02 9.00000E+01 1.36800E+02
 -1        86 4.96875E+02-9.00000E+01 0.00000E+00
 -1        87 4.96875E+02 0.00000E+00-1.36800E+02
 -1        88 4.96875E+02 9.00000E+01 0.00000E+00
 -1        89 4.96875E+02 0.00000E+00 1.36800E+02
 -1        90 5.79688E+02-9.00000E+01 1.36800E+02
 -1        91 5.79688E+02-9.00000E+01-1.36800E+02
 -1        92 5.79688E+02 9.00000E+01-1.36800E+02
 -1        93 5.79688E+02 9.00000E+01 1.36800E+02
 -1        98 6.62500E+02-9.00000E+01 1.36800E+02
 -1        99 6.62500E+02-9.00000E+01-1.36800E+02
 -1       100 6.62500E+02 9.00000E+01-1.36800E+02
 -1       101 6.62500E+02 9.00000E+01 1.36800E+02
 -1       102 6.62500E+02-9.00000E+01 0.00000E+00
 -1       103 6.62500E+02 0.00000E+00-1.36800E+02
 -1       104 6.62500E+02 9.00000E+01 0.00000E+00
 -1       105 6.62500E+02 0.00000E+00 1.36800E+02
 -1       106 7.45312E+02-9.00000E+01 1.36800E+02
 -1       107 7.45312E+02-9.00000E+01-1.36800E+02
 -1       108 7.45312E+02 9.00000E+01-1.36800E+02
 -1       109 7.45312E+02 9.00000E+01 1.36800E+02
 -1       114 8.28125E+02-9.00000E+01 1.36800E+02
 -1       115 8.28125E+02-9.00000E+01-1.36800E+02
 -1       116 8.28125E+02 9.00000E+01-1.36800E+02
 -1       117 8.28125E+02 9.00000E+01 1.36800E+02
 -1       118 8.28125E+02-9.00000E+01 0.00000E+00
 -1       119 8.28125E+02 0.00000E+00-1.36800E+02
 -1       120 8.28125E+02 9.00000E+01 0.00000E+00
 -1       121 8.28125E+02 0.00000E+00 1.36800E+02
 -1       122 9.10938E+02-9.00000E+01 1.36800E+02
 -1       123 9.10938E+02-9.00000E+01-1.36800E+02
 -1       124 9.10938E+02 9.00000E+01-1.36800E+02
 -1       125 9.10938E+02 9.00000E+01 1.36800E+02
 -1       130 9.93750E+02-9.00000E+01 1.36800E+02
 -1       131 9.93750E+02-9.00000E+01-1.36800E+02
 -1       132 9.93750E+02 9.00000E+01-1.36800E+02
 -1       133 9.93750E+02 9.00000E+01 1.36800E+02
 -1       134 9.93750E+02-9.00000E+01 0.00000E+00
 -1       135 9.93750E+02 0.00000E+00-1.36800E+02
 -1       136 9.93750E+02 9.00000E+01 0.00000E+00
 -1       137 9.93750E+02 0.00000E+00 1.36800E+02
 -1       138 1.07656E+03-9.00000E+01 1.36800E+02
 -1       139 1.07656E+03-9.00000E+01-1.36800E+02
 -1       140 1.07656E+03 9.00000E+01-1.36800E+02
 -1       141 1.07656E+03 9.00000E+01 1.36800E+02
 -1       146 1.15938E+03-9.00000E+01 1.36800E+02
 -1       147 1.15938E+03-9.00000E+01-1.36800E+02
 -1       148 1.15938E+03 9.00000E+01-1.36800E+02
 -1       149 1.15938E+03 9.00000E+01 1.36800E+02
 -1       150 1.15938E+03-9.00000E+01 0.00000E+00
 -1       151 1.15938E+03 0.00000E+00-1.36800E+02
 -1       152 1.15938E+03 9.00000E+01 0.00000E+00
 -1       153 1.15938E+03 0.00000E+00 1.36800E+02
 -1       154 1.24219E+03-9.00000E+01 1.36800E+02
 -1       155 1.24219E+03-9.00000E+01-1.36800E+02
 -1       156 1.24219E+03 9.00000E+01-1.36800E+02
 -1       157 1.24219E+03 9.00000E+01 1.36800E+02
 -1       162 1.32500E+03-9.00000E+01 1.36800E+02
 -1       163 1.32500E+03-9.00000E+01-1.36800E+02
 -1       164 1.32500E+03 9.00000E+01-1.36800E+02
 -1       165 1.32500E+03 9.00000E+01 1.36800E+02
 -1       166 1.32500E+03-9.00000E+01 0.00000E+00
 -1       167 1.32500E+03 0.00000E+00-1.36800E+02
 -1       168 1.32500E+03 9.00000E+01 0.00000E+00
 -1       169 1.32500E+03 0.00000E+00 1.36800E+02
 -1       170 1.40781E+03-9.00000E+01 1.36800E+02
 -1       171 1.40781E+03-9.00000E+01-1.36800E+02
 -1       172 1.40781E+03 9.00000E+01-1.36800E+02
 -1       173 1.40781E+03 9.00000E+01 1.36800E+02
 -1       178 1.49062E+03-9.00000E+01 1.36800E+02
 -1       179 1.49062E+03-9.00000E+01-1.36800E+02
 -1       180 1.49062E+03 9.00000E+01-1.36800E+02
 -1       181 1.49062E+03 9.00000E+01 1.36800E+02
 -1       182 1.49062E+03-9.00000E+01 0.00000E+00
 -1       183 1.49062E+03 0.00000E+00-1.36800E+02
 -1       184 1.49062E+03 9.00000E+01 0.00000E+00
 -1       185 1.49062E+03 0.00000E+00 1.36800E+02
 -1       186 1.57344E+03-9.00000E+01 1.36800E+02
 -1       187 1.57344E+03-9.00000E+01-1.36800E+02
 -1       188 1.57344E+03 9.00000E+01-1.36800E+02
 -1       189 1.57344E+03 9.00000E+01 1.36800E+02
 -1       194 1.65625E+03-9.00000E+01 1.36800E+02
 -1       195 1.65625E+03-9.00000E+01-1.36800E+02
 -1       196 1.65625E+03 9.00000E+01-1.36800E+02
 -1       197 1.65625E+03 9.00000E+01 1.36800E+02
 -1       198 1.65625E+03-9.00000E+01 0.00000E+00
 -1       199 1.65625E+03 0.00000E+00-1.36800E+02
 -1       200 1.65625E+03 9.00000E+01 0.00000E+00
 -1       201 1.65625E+03 0.00000E+00 1.36800E+02
 -1       202 1.73906E+03-9.00000E+01 1.36800E+02
 -1       203 1.73906E+03-9.00000E+01-1.36800E+02
 -1       204 1.73906E+03 9.00000E+01-1.36800E+02
 -1       205 1.73906E+03 9.00000E+01 1.36800E+02
 -1       210 1.82188E+03-9.00000E+01 1.36800E+02
 -1       211 1.82188E+03-9.00000E+01-1.36800E+02
 -1       212 1.82188E+03 9.00000E+01-1.36800E+02
 -1       213 1.82188E+03 9.00000E+01 1.36800E+02
 -1       214 1.82188E+03-9.00000E+01 0.00000E+00
 -1       215 1.82188E+03 0.00000E+00-1.36800E+02
 -1       216 1.82188E+03 9.00000E+01 0.00000E+00
 -1       217 1.82188E+03 0.00000E+00 1.36800E+02
 -1       218 1.90469E+03-9.00000E+01 1.36800E+02
 -1       219 1.90469E+03-9.00000E+01-1.36800E+02
 -1       220 1.90469E+03 9.00000E+01-1.36800E+02
 -1       221 1.90469E+03 9.00000E+01 1.36800E+02
 -1       226 1.98750E+03-9.00000E+01 1.36800E+02
 -1       227 1.98750E+03-9.00000E+01-1.36800E+02
 -1       228 1.98750E+03 9.00000E+01-1.36800E+02
 -1       229 1.98750E+03 9.00000E+01 1.36800E+02
 -1       230 1.98750E+03-9.00000E+01 0.00000E+00
 -1       231 1.98750E+03 0.00000E+00-1.36800E+02
 -1       232 1.98750E+03 9.00000E+01 0.00000E+00
 -1       233 1.98750E+03 0.00000E+00 1.36800E+02
 -1       234 2.07031E+03-9.00000E+01 1.36800E+02
 -1       235 2.07031E+03-9.00000E+01-1.36800E+02
 -1       236 2.07031E+03 9.00000E+01-1.36800E+02
 -1       237 2.07031E+03 9.00000E+01 1.36800E+02
 -1       242 2.15312E+03-9.00000E+01 1.36800E+02
 -1       243 2.15312E+03-9.00000E+01-1.36800E+02
 -1       244 2.15312E+03 9.00000E+01-1.36800E+02
 -1       245 2.15312E+03 9.00000E+01 1.36800E+02
 -1       246 2.15312E+03-9.00000E+01 0.00000E+00
 -1       247 2.15312E+03 0.00000E+00-1.36800E+02
 -1       248 2.15312E+03 9.00000E+01 0.00000E+00
 -1       249 2.15312E+03 0.00000E+00 1.36800E+02
 -1       250 2.23594E+03-9.00000E+01 1.36800E+02
 -1       251 2.23594E+03-9.00000E+01-1.36800E+02
 -1       252 2.23594E+03 9.00000E+01-1.36800E+02
 -1       253 2.23594E+03 9.00000E+01 1.36800E+02
 -1       258 2.31875E+03-9.00000E+01 1.36800E+02
 -1       259 2.31875E+03-9.00000E+01-1.36800E+02
 -1       260 2.31875E+03 9.00000E+01-1.36800E+02
 -1       261 2.31875E+03 9.00000E+01 1.36800E+02
 -1       262 2.31875E+03-9.00000E+01 0.00000E+00
 -1       263 2.31875E+03 0.00000E+00-1.36800E+02
 -1       264 2.31875E+03 9.00000E+01 0.00000E+00
 -1       265 2.31875E+03 0.00000E+00 1.36800E+02
 -1       266 2.40156E+03-9.00000E+01 1.36800E+02
 -1       267 2.40156E+03-9.00000E+01-1.36800E+02
 -1       268 2.40156E+03 9.00000E+01-1.36800E+02
 -1       269 2.40156E+03 9.00000E+01 1.36800E+02
 -1       274 2.48438E+03-9.00000E+01 1.36800E+02
 -1       275 2.48438E+03-9.00000E+01-1.36800E+02
 -1       276 2.48438E+03 9.00000E+01-1.36800E+02
 -1       277 2.48438E+03 9.00000E+01 1.36800E+02
 -1       278 2.48438E+03-9.00000E+01 0.00000E+00
 -1       279 2.48438E+03 0.00000E+00-1.36800E+02
 -1       280 2.48438E+03 9.00000E+01 0.00000E+00
 -1       281 2.48438E+03 0.00000E+00 1.36800E+02
 -1       282 2.56719E+03-9.00000E+01 1.36800E+02
 -1       283 2.56719E+03-9.00000E+01-1.36800E+02
 -1       284 2.56719E+03 9.00000E+01-1.36800E+02
 -1       285 2.56719E+03 9.00000E+01 1.36800E+02
 -1       290 2.65000E+03-9.00000E+01 1.36800E+02
 -1       291 2.65000E+03-9.00000E+01-1.36800E+02
 -1       292 2.65000E+03 9.00000E+01-1.36800E+02
 -1       293 2.65000E+03 9.00000E+01 1.36800E+02
 -1       294 2.65000E+03-9.00000E+01 0.00000E+00
 -1       295 2.65000E+03 0.00000E+00-1.36800E+02
 -1       296 2.65000E+03 9.00000E+01 0.00000E+00
 -1       297 2.65000E+03 0.00000E+00 1.36800E+02
 -3
    3C                            16                                     1
 -1         1    4    0    1
 -2        34        50        51        35        37        53        52        36        42        54
 -2        43        38        41        57        55        39        45        56        44        40
 -1         2    4    0    1
 -2        50        66        67        51        53        69        68        52        58        70
 -2        59        54        57        73        71        55        61        72        60        56
 -1         3    4    0    1
 -2        66        82        83        67        69        85        84        68        74        86
 -2        75        70        73        89        87        71        77        88        76        72
 -1         4    4    0    1
 -2        82        98        99        83        85       101       100        84        90       102
 -2        91        86        89       105       103        87        93       104        92        88
 -1         5    4    0    1
 -2        98       114       115        99       101       117       116       100       106       118
 -2       107       102       105       121       119       103       109       120       108       104
 -1         6    4    0    1
 -2       114       130       131       115       117       133       132       116       122       134
 -2       123       118       121       137       135       119       125       136       124       120
 -1         7    4    0    1
 -2       130       146       147       131       133       149       148       132       138       150
 -2       139       134       137       153       151       135       141       152       140       136
 -1         8    4    0    1
 -2       146       162       163       147       149       165       164       148       154       166
 -2       155       150       153       169       167       151       157       168       156       152
 -1         9    4    0    1
 -2       162       178       179       163       165       181       180       164       170       182
 -2       171       166       169       185       183       167       173       184       172       168
 -1        10    4    0    1
 -2       178       194       195       179       181       197       196       180       186       198
 -2       187       182       185       201       199       183       189       200       188       184
 -1        11    4    0    1
 -2       194       210       211       195       197       213       212       196       202       214
 -2       203       198       201       217       215       199       205       216       204       200
 -1        12    4    0    1
 -2       210       226       227       211       213       229       228       212       218       230
 -2       219       214       217       233       231       215       221       232       220       216
 -1        13    4    0    1
 -2       226       242       243       227       229       245       244       228       234       246
 -2       235       230       233       249       247       231       237       248       236       232
 -1        14    4    0    1
 -2       242       258       259       243       245       261       260       244       250       262
 -2       251       246       249       265       263       247       253       264       252       248
 -1        15    4    0    1
 -2       258       274       275       259       261       277       276       260       266       278
 -2       267       262       265       281       279       263       269       280       268       264
 -1        16    4    0    1
 -2       274       290       291       275       277       293       292       276       282       294
 -2       283       278       281       297       295       279       285       296       284       280
 -3
 9999
