Warning: Found angle of 133.81 degrees at edge 'l00_line-1_f006', segment 43.
Warning: Found angle of 133.81 degrees at edge 'l00_line-1_r006', segment 0.
Warning: Found angle of 165.38 degrees at edge 'l01_line-2_f007', segment 0.
Warning: Found angle of 155.43 degrees at edge 'l01_line-2_r007', segment 54.
Warning: Found angle of 165.38 degrees at edge 'l01_line-2_r007', segment 55.
Warning: 7 total messages of type: Found angle of % degrees at edge '%', segment %.
Success.
Loading net-file from 'city.net.xml' ... done (33ms).
Loading route-files incrementally from 'city.rou.xml'
Loading done.
Simulation version 1.27.1 started with time: 0.00.
Simulation ended at time: 8175.00.
Reason: The final simulation step has been reached.
Performance:
 Duration: 0.41s
 Real time factor: 19890.5
 UPS: 45143.552311
Vehicles:
 Inserted: 12
 Running: 0
 Waiting: 0
Statistics (avg of 12):
 RouteLength: 19444.19
 Speed: 12.37
 Duration: 1546.17
 WaitingTime: 0.00
 TimeLoss: 21.37
 DepartDelay: 0.00
