    1C
    1UFull car body side/roof frame screening model                     
    1UUSER                                                              
    1UDATE              03.june.2026                                    
    1UTIME              16:18:03                                        
    1UHOST                                                              
    1UPGM               CalculiX                                        
    1UVERSION           Version 2.23                             
    1UCOMPILETIME       Sun Oct 19 18:23:34 CEST 2025                    
    1UDIR                                                               
    1UDBN                                                               
    1UMAT    1S355                                                      
    2C                           720                                     1
 -1        73-8.50000E+03-1.20000E+03 4.35000E+02
 -1        74-8.50000E+03-1.50000E+03 4.35000E+02
 -1        75-8.50000E+03-1.50000E+03 2.65000E+02
 -1        76-8.50000E+03-1.20000E+03 2.65000E+02
 -1        81-8.56000E+03-1.29000E+03 3.50000E+02
 -1        82-8.56000E+03-1.41000E+03 3.50000E+02
 -1        83-8.44000E+03-1.41000E+03 3.50000E+02
 -1        84-8.44000E+03-1.29000E+03 3.50000E+02
 -1        89-8.56750E+03-1.35000E+03 3.97500E+02
 -1        90-8.43250E+03-1.35000E+03 3.97500E+02
 -1        91-8.43250E+03-1.35000E+03 3.02500E+02
 -1        92-8.56750E+03-1.35000E+03 3.02500E+02
 -1       123-6.40000E+03-1.20000E+03 4.35000E+02
 -1       124-6.40000E+03-1.50000E+03 4.35000E+02
 -1       125-6.40000E+03-1.50000E+03 2.65000E+02
 -1       126-6.40000E+03-1.20000E+03 2.65000E+02
 -1       131-6.46000E+03-1.29000E+03 3.50000E+02
 -1       132-6.46000E+03-1.41000E+03 3.50000E+02
 -1       133-6.34000E+03-1.41000E+03 3.50000E+02
 -1       134-6.34000E+03-1.29000E+03 3.50000E+02
 -1       139-6.46750E+03-1.35000E+03 3.97500E+02
 -1       140-6.33250E+03-1.35000E+03 3.97500E+02
 -1       141-6.33250E+03-1.35000E+03 3.02500E+02
 -1       142-6.46750E+03-1.35000E+03 3.02500E+02
 -1       173-4.20000E+03-1.20000E+03 4.35000E+02
 -1       174-4.20000E+03-1.50000E+03 4.35000E+02
 -1       175-4.20000E+03-1.50000E+03 2.65000E+02
 -1       176-4.20000E+03-1.20000E+03 2.65000E+02
 -1       181-4.26000E+03-1.29000E+03 3.50000E+02
 -1       182-4.26000E+03-1.41000E+03 3.50000E+02
 -1       183-4.14000E+03-1.41000E+03 3.50000E+02
 -1       184-4.14000E+03-1.29000E+03 3.50000E+02
 -1       189-4.26750E+03-1.35000E+03 3.97500E+02
 -1       190-4.13250E+03-1.35000E+03 3.97500E+02
 -1       191-4.13250E+03-1.35000E+03 3.02500E+02
 -1       192-4.26750E+03-1.35000E+03 3.02500E+02
 -1       223-2.10000E+03-1.20000E+03 4.35000E+02
 -1       224-2.10000E+03-1.50000E+03 4.35000E+02
 -1       225-2.10000E+03-1.50000E+03 2.65000E+02
 -1       226-2.10000E+03-1.20000E+03 2.65000E+02
 -1       231-2.16000E+03-1.29000E+03 3.50000E+02
 -1       232-2.16000E+03-1.41000E+03 3.50000E+02
 -1       233-2.04000E+03-1.41000E+03 3.50000E+02
 -1       234-2.04000E+03-1.29000E+03 3.50000E+02
 -1       239-2.16750E+03-1.35000E+03 3.97500E+02
 -1       240-2.03250E+03-1.35000E+03 3.97500E+02
 -1       241-2.03250E+03-1.35000E+03 3.02500E+02
 -1       242-2.16750E+03-1.35000E+03 3.02500E+02
 -1       273 0.00000E+00-1.20000E+03 4.35000E+02
 -1       274 0.00000E+00-1.50000E+03 4.35000E+02
 -1       275 0.00000E+00-1.50000E+03 2.65000E+02
 -1       276 0.00000E+00-1.20000E+03 2.65000E+02
 -1       281-6.00000E+01-1.29000E+03 3.50000E+02
 -1       282-6.00000E+01-1.41000E+03 3.50000E+02
 -1       283 6.00000E+01-1.41000E+03 3.50000E+02
 -1       284 6.00000E+01-1.29000E+03 3.50000E+02
 -1       289-6.75000E+01-1.35000E+03 3.97500E+02
 -1       290 6.75000E+01-1.35000E+03 3.97500E+02
 -1       291 6.75000E+01-1.35000E+03 3.02500E+02
 -1       292-6.75000E+01-1.35000E+03 3.02500E+02
 -1       323 2.10000E+03-1.20000E+03 4.35000E+02
 -1       324 2.10000E+03-1.50000E+03 4.35000E+02
 -1       325 2.10000E+03-1.50000E+03 2.65000E+02
 -1       326 2.10000E+03-1.20000E+03 2.65000E+02
 -1       331 2.04000E+03-1.29000E+03 3.50000E+02
 -1       332 2.04000E+03-1.41000E+03 3.50000E+02
 -1       333 2.16000E+03-1.41000E+03 3.50000E+02
 -1       334 2.16000E+03-1.29000E+03 3.50000E+02
 -1       339 2.03250E+03-1.35000E+03 3.97500E+02
 -1       340 2.16750E+03-1.35000E+03 3.97500E+02
 -1       341 2.16750E+03-1.35000E+03 3.02500E+02
 -1       342 2.03250E+03-1.35000E+03 3.02500E+02
 -1       373 4.20000E+03-1.20000E+03 4.35000E+02
 -1       374 4.20000E+03-1.50000E+03 4.35000E+02
 -1       375 4.20000E+03-1.50000E+03 2.65000E+02
 -1       376 4.20000E+03-1.20000E+03 2.65000E+02
 -1       381 4.14000E+03-1.29000E+03 3.50000E+02
 -1       382 4.14000E+03-1.41000E+03 3.50000E+02
 -1       383 4.26000E+03-1.41000E+03 3.50000E+02
 -1       384 4.26000E+03-1.29000E+03 3.50000E+02
 -1       389 4.13250E+03-1.35000E+03 3.97500E+02
 -1       390 4.26750E+03-1.35000E+03 3.97500E+02
 -1       391 4.26750E+03-1.35000E+03 3.02500E+02
 -1       392 4.13250E+03-1.35000E+03 3.02500E+02
 -1       423 6.40000E+03-1.20000E+03 4.35000E+02
 -1       424 6.40000E+03-1.50000E+03 4.35000E+02
 -1       425 6.40000E+03-1.50000E+03 2.65000E+02
 -1       426 6.40000E+03-1.20000E+03 2.65000E+02
 -1       431 6.34000E+03-1.29000E+03 3.50000E+02
 -1       432 6.34000E+03-1.41000E+03 3.50000E+02
 -1       433 6.46000E+03-1.41000E+03 3.50000E+02
 -1       434 6.46000E+03-1.29000E+03 3.50000E+02
 -1       439 6.33250E+03-1.35000E+03 3.97500E+02
 -1       440 6.46750E+03-1.35000E+03 3.97500E+02
 -1       441 6.46750E+03-1.35000E+03 3.02500E+02
 -1       442 6.33250E+03-1.35000E+03 3.02500E+02
 -1       473 8.50000E+03-1.20000E+03 4.35000E+02
 -1       474 8.50000E+03-1.50000E+03 4.35000E+02
 -1       475 8.50000E+03-1.50000E+03 2.65000E+02
 -1       476 8.50000E+03-1.20000E+03 2.65000E+02
 -1       481 8.44000E+03-1.29000E+03 3.50000E+02
 -1       482 8.44000E+03-1.41000E+03 3.50000E+02
 -1       483 8.56000E+03-1.41000E+03 3.50000E+02
 -1       484 8.56000E+03-1.29000E+03 3.50000E+02
 -1       489 8.43250E+03-1.35000E+03 3.97500E+02
 -1       490 8.56750E+03-1.35000E+03 3.97500E+02
 -1       491 8.56750E+03-1.35000E+03 3.02500E+02
 -1       492 8.43250E+03-1.35000E+03 3.02500E+02
 -1       523-8.50000E+03-1.29750E+03 1.56000E+03
 -1       524-8.50000E+03-1.40250E+03 1.56000E+03
 -1       525-8.50000E+03-1.40250E+03 1.44000E+03
 -1       526-8.50000E+03-1.29750E+03 1.44000E+03
 -1       531-8.56000E+03-1.29000E+03 1.50000E+03
 -1       532-8.56000E+03-1.41000E+03 1.50000E+03
 -1       533-8.44000E+03-1.41000E+03 1.50000E+03
 -1       534-8.44000E+03-1.29000E+03 1.50000E+03
 -1       557-6.40000E+03-1.29750E+03 1.56000E+03
 -1       558-6.40000E+03-1.40250E+03 1.56000E+03
 -1       559-6.40000E+03-1.40250E+03 1.44000E+03
 -1       560-6.40000E+03-1.29750E+03 1.44000E+03
 -1       565-6.46000E+03-1.29000E+03 1.50000E+03
 -1       566-6.46000E+03-1.41000E+03 1.50000E+03
 -1       567-6.34000E+03-1.41000E+03 1.50000E+03
 -1       568-6.34000E+03-1.29000E+03 1.50000E+03
 -1       591-4.20000E+03-1.29750E+03 1.56000E+03
 -1       592-4.20000E+03-1.40250E+03 1.56000E+03
 -1       593-4.20000E+03-1.40250E+03 1.44000E+03
 -1       594-4.20000E+03-1.29750E+03 1.44000E+03
 -1       599-4.26000E+03-1.29000E+03 1.50000E+03
 -1       600-4.26000E+03-1.41000E+03 1.50000E+03
 -1       601-4.14000E+03-1.41000E+03 1.50000E+03
 -1       602-4.14000E+03-1.29000E+03 1.50000E+03
 -1       625-2.10000E+03-1.29750E+03 1.56000E+03
 -1       626-2.10000E+03-1.40250E+03 1.56000E+03
 -1       627-2.10000E+03-1.40250E+03 1.44000E+03
 -1       628-2.10000E+03-1.29750E+03 1.44000E+03
 -1       633-2.16000E+03-1.29000E+03 1.50000E+03
 -1       634-2.16000E+03-1.41000E+03 1.50000E+03
 -1       635-2.04000E+03-1.41000E+03 1.50000E+03
 -1       636-2.04000E+03-1.29000E+03 1.50000E+03
 -1       659 0.00000E+00-1.29750E+03 1.56000E+03
 -1       660 0.00000E+00-1.40250E+03 1.56000E+03
 -1       661 0.00000E+00-1.40250E+03 1.44000E+03
 -1       662 0.00000E+00-1.29750E+03 1.44000E+03
 -1       667-6.00000E+01-1.29000E+03 1.50000E+03
 -1       668-6.00000E+01-1.41000E+03 1.50000E+03
 -1       669 6.00000E+01-1.41000E+03 1.50000E+03
 -1       670 6.00000E+01-1.29000E+03 1.50000E+03
 -1       693 2.10000E+03-1.29750E+03 1.56000E+03
 -1       694 2.10000E+03-1.40250E+03 1.56000E+03
 -1       695 2.10000E+03-1.40250E+03 1.44000E+03
 -1       696 2.10000E+03-1.29750E+03 1.44000E+03
 -1       701 2.04000E+03-1.29000E+03 1.50000E+03
 -1       702 2.04000E+03-1.41000E+03 1.50000E+03
 -1       703 2.16000E+03-1.41000E+03 1.50000E+03
 -1       704 2.16000E+03-1.29000E+03 1.50000E+03
 -1       727 4.20000E+03-1.29750E+03 1.56000E+03
 -1       728 4.20000E+03-1.40250E+03 1.56000E+03
 -1       729 4.20000E+03-1.40250E+03 1.44000E+03
 -1       730 4.20000E+03-1.29750E+03 1.44000E+03
 -1       735 4.14000E+03-1.29000E+03 1.50000E+03
 -1       736 4.14000E+03-1.41000E+03 1.50000E+03
 -1       737 4.26000E+03-1.41000E+03 1.50000E+03
 -1       738 4.26000E+03-1.29000E+03 1.50000E+03
 -1       761 6.40000E+03-1.29750E+03 1.56000E+03
 -1       762 6.40000E+03-1.40250E+03 1.56000E+03
 -1       763 6.40000E+03-1.40250E+03 1.44000E+03
 -1       764 6.40000E+03-1.29750E+03 1.44000E+03
 -1       769 6.34000E+03-1.29000E+03 1.50000E+03
 -1       770 6.34000E+03-1.41000E+03 1.50000E+03
 -1       771 6.46000E+03-1.41000E+03 1.50000E+03
 -1       772 6.46000E+03-1.29000E+03 1.50000E+03
 -1       795 8.50000E+03-1.29750E+03 1.56000E+03
 -1       796 8.50000E+03-1.40250E+03 1.56000E+03
 -1       797 8.50000E+03-1.40250E+03 1.44000E+03
 -1       798 8.50000E+03-1.29750E+03 1.44000E+03
 -1       803 8.44000E+03-1.29000E+03 1.50000E+03
 -1       804 8.44000E+03-1.41000E+03 1.50000E+03
 -1       805 8.56000E+03-1.41000E+03 1.50000E+03
 -1       806 8.56000E+03-1.29000E+03 1.50000E+03
 -1       829-8.50000E+03-1.26500E+03 2.86750E+03
 -1       830-8.50000E+03-1.43500E+03 2.86750E+03
 -1       831-8.50000E+03-1.43500E+03 2.73250E+03
 -1       832-8.50000E+03-1.26500E+03 2.73250E+03
 -1       837-8.56000E+03-1.29000E+03 2.80000E+03
 -1       838-8.56000E+03-1.41000E+03 2.80000E+03
 -1       839-8.44000E+03-1.41000E+03 2.80000E+03
 -1       840-8.44000E+03-1.29000E+03 2.80000E+03
 -1       863-6.40000E+03-1.26500E+03 2.86750E+03
 -1       864-6.40000E+03-1.43500E+03 2.86750E+03
 -1       865-6.40000E+03-1.43500E+03 2.73250E+03
 -1       866-6.40000E+03-1.26500E+03 2.73250E+03
 -1       871-6.46000E+03-1.29000E+03 2.80000E+03
 -1       872-6.46000E+03-1.41000E+03 2.80000E+03
 -1       873-6.34000E+03-1.41000E+03 2.80000E+03
 -1       874-6.34000E+03-1.29000E+03 2.80000E+03
 -1       897-4.20000E+03-1.26500E+03 2.86750E+03
 -1       898-4.20000E+03-1.43500E+03 2.86750E+03
 -1       899-4.20000E+03-1.43500E+03 2.73250E+03
 -1       900-4.20000E+03-1.26500E+03 2.73250E+03
 -1       905-4.26000E+03-1.29000E+03 2.80000E+03
 -1       906-4.26000E+03-1.41000E+03 2.80000E+03
 -1       907-4.14000E+03-1.41000E+03 2.80000E+03
 -1       908-4.14000E+03-1.29000E+03 2.80000E+03
 -1       931-2.10000E+03-1.26500E+03 2.86750E+03
 -1       932-2.10000E+03-1.43500E+03 2.86750E+03
 -1       933-2.10000E+03-1.43500E+03 2.73250E+03
 -1       934-2.10000E+03-1.26500E+03 2.73250E+03
 -1       939-2.16000E+03-1.29000E+03 2.80000E+03
 -1       940-2.16000E+03-1.41000E+03 2.80000E+03
 -1       941-2.04000E+03-1.41000E+03 2.80000E+03
 -1       942-2.04000E+03-1.29000E+03 2.80000E+03
 -1       965 0.00000E+00-1.26500E+03 2.86750E+03
 -1       966 0.00000E+00-1.43500E+03 2.86750E+03
 -1       967 0.00000E+00-1.43500E+03 2.73250E+03
 -1       968 0.00000E+00-1.26500E+03 2.73250E+03
 -1       973-6.00000E+01-1.29000E+03 2.80000E+03
 -1       974-6.00000E+01-1.41000E+03 2.80000E+03
 -1       975 6.00000E+01-1.41000E+03 2.80000E+03
 -1       976 6.00000E+01-1.29000E+03 2.80000E+03
 -1       999 2.10000E+03-1.26500E+03 2.86750E+03
 -1      1000 2.10000E+03-1.43500E+03 2.86750E+03
 -1      1001 2.10000E+03-1.43500E+03 2.73250E+03
 -1      1002 2.10000E+03-1.26500E+03 2.73250E+03
 -1      1007 2.04000E+03-1.29000E+03 2.80000E+03
 -1      1008 2.04000E+03-1.41000E+03 2.80000E+03
 -1      1009 2.16000E+03-1.41000E+03 2.80000E+03
 -1      1010 2.16000E+03-1.29000E+03 2.80000E+03
 -1      1033 4.20000E+03-1.26500E+03 2.86750E+03
 -1      1034 4.20000E+03-1.43500E+03 2.86750E+03
 -1      1035 4.20000E+03-1.43500E+03 2.73250E+03
 -1      1036 4.20000E+03-1.26500E+03 2.73250E+03
 -1      1041 4.14000E+03-1.29000E+03 2.80000E+03
 -1      1042 4.14000E+03-1.41000E+03 2.80000E+03
 -1      1043 4.26000E+03-1.41000E+03 2.80000E+03
 -1      1044 4.26000E+03-1.29000E+03 2.80000E+03
 -1      1067 6.40000E+03-1.26500E+03 2.86750E+03
 -1      1068 6.40000E+03-1.43500E+03 2.86750E+03
 -1      1069 6.40000E+03-1.43500E+03 2.73250E+03
 -1      1070 6.40000E+03-1.26500E+03 2.73250E+03
 -1      1075 6.34000E+03-1.29000E+03 2.80000E+03
 -1      1076 6.34000E+03-1.41000E+03 2.80000E+03
 -1      1077 6.46000E+03-1.41000E+03 2.80000E+03
 -1      1078 6.46000E+03-1.29000E+03 2.80000E+03
 -1      1101 8.50000E+03-1.26500E+03 2.86750E+03
 -1      1102 8.50000E+03-1.43500E+03 2.86750E+03
 -1      1103 8.50000E+03-1.43500E+03 2.73250E+03
 -1      1104 8.50000E+03-1.26500E+03 2.73250E+03
 -1      1109 8.44000E+03-1.29000E+03 2.80000E+03
 -1      1110 8.44000E+03-1.41000E+03 2.80000E+03
 -1      1111 8.56000E+03-1.41000E+03 2.80000E+03
 -1      1112 8.56000E+03-1.29000E+03 2.80000E+03
 -1      1135-8.50000E+03-1.29250E+03 3.50750E+03
 -1      1136-8.50000E+03-1.40750E+03 3.50750E+03
 -1      1137-8.50000E+03-1.40750E+03 3.39250E+03
 -1      1138-8.50000E+03-1.29250E+03 3.39250E+03
 -1      1143-8.56000E+03-1.29000E+03 3.45000E+03
 -1      1144-8.56000E+03-1.41000E+03 3.45000E+03
 -1      1145-8.44000E+03-1.41000E+03 3.45000E+03
 -1      1146-8.44000E+03-1.29000E+03 3.45000E+03
 -1      1151-8.56750E+03-1.35000E+03 3.49750E+03
 -1      1152-8.43250E+03-1.35000E+03 3.49750E+03
 -1      1153-8.43250E+03-1.35000E+03 3.40250E+03
 -1      1154-8.56750E+03-1.35000E+03 3.40250E+03
 -1      1185-6.40000E+03-1.29250E+03 3.50750E+03
 -1      1186-6.40000E+03-1.40750E+03 3.50750E+03
 -1      1187-6.40000E+03-1.40750E+03 3.39250E+03
 -1      1188-6.40000E+03-1.29250E+03 3.39250E+03
 -1      1193-6.46000E+03-1.29000E+03 3.45000E+03
 -1      1194-6.46000E+03-1.41000E+03 3.45000E+03
 -1      1195-6.34000E+03-1.41000E+03 3.45000E+03
 -1      1196-6.34000E+03-1.29000E+03 3.45000E+03
 -1      1201-6.46750E+03-1.35000E+03 3.49750E+03
 -1      1202-6.33250E+03-1.35000E+03 3.49750E+03
 -1      1203-6.33250E+03-1.35000E+03 3.40250E+03
 -1      1204-6.46750E+03-1.35000E+03 3.40250E+03
 -1      1235-4.20000E+03-1.29250E+03 3.50750E+03
 -1      1236-4.20000E+03-1.40750E+03 3.50750E+03
 -1      1237-4.20000E+03-1.40750E+03 3.39250E+03
 -1      1238-4.20000E+03-1.29250E+03 3.39250E+03
 -1      1243-4.26000E+03-1.29000E+03 3.45000E+03
 -1      1244-4.26000E+03-1.41000E+03 3.45000E+03
 -1      1245-4.14000E+03-1.41000E+03 3.45000E+03
 -1      1246-4.14000E+03-1.29000E+03 3.45000E+03
 -1      1251-4.26750E+03-1.35000E+03 3.49750E+03
 -1      1252-4.13250E+03-1.35000E+03 3.49750E+03
 -1      1253-4.13250E+03-1.35000E+03 3.40250E+03
 -1      1254-4.26750E+03-1.35000E+03 3.40250E+03
 -1      1285-2.10000E+03-1.29250E+03 3.50750E+03
 -1      1286-2.10000E+03-1.40750E+03 3.50750E+03
 -1      1287-2.10000E+03-1.40750E+03 3.39250E+03
 -1      1288-2.10000E+03-1.29250E+03 3.39250E+03
 -1      1293-2.16000E+03-1.29000E+03 3.45000E+03
 -1      1294-2.16000E+03-1.41000E+03 3.45000E+03
 -1      1295-2.04000E+03-1.41000E+03 3.45000E+03
 -1      1296-2.04000E+03-1.29000E+03 3.45000E+03
 -1      1301-2.16750E+03-1.35000E+03 3.49750E+03
 -1      1302-2.03250E+03-1.35000E+03 3.49750E+03
 -1      1303-2.03250E+03-1.35000E+03 3.40250E+03
 -1      1304-2.16750E+03-1.35000E+03 3.40250E+03
 -1      1335 0.00000E+00-1.29250E+03 3.50750E+03
 -1      1336 0.00000E+00-1.40750E+03 3.50750E+03
 -1      1337 0.00000E+00-1.40750E+03 3.39250E+03
 -1      1338 0.00000E+00-1.29250E+03 3.39250E+03
 -1      1343-6.00000E+01-1.29000E+03 3.45000E+03
 -1      1344-6.00000E+01-1.41000E+03 3.45000E+03
 -1      1345 6.00000E+01-1.41000E+03 3.45000E+03
 -1      1346 6.00000E+01-1.29000E+03 3.45000E+03
 -1      1351-6.75000E+01-1.35000E+03 3.49750E+03
 -1      1352 6.75000E+01-1.35000E+03 3.49750E+03
 -1      1353 6.75000E+01-1.35000E+03 3.40250E+03
 -1      1354-6.75000E+01-1.35000E+03 3.40250E+03
 -1      1385 2.10000E+03-1.29250E+03 3.50750E+03
 -1      1386 2.10000E+03-1.40750E+03 3.50750E+03
 -1      1387 2.10000E+03-1.40750E+03 3.39250E+03
 -1      1388 2.10000E+03-1.29250E+03 3.39250E+03
 -1      1393 2.04000E+03-1.29000E+03 3.45000E+03
 -1      1394 2.04000E+03-1.41000E+03 3.45000E+03
 -1      1395 2.16000E+03-1.41000E+03 3.45000E+03
 -1      1396 2.16000E+03-1.29000E+03 3.45000E+03
 -1      1401 2.03250E+03-1.35000E+03 3.49750E+03
 -1      1402 2.16750E+03-1.35000E+03 3.49750E+03
 -1      1403 2.16750E+03-1.35000E+03 3.40250E+03
 -1      1404 2.03250E+03-1.35000E+03 3.40250E+03
 -1      1435 4.20000E+03-1.29250E+03 3.50750E+03
 -1      1436 4.20000E+03-1.40750E+03 3.50750E+03
 -1      1437 4.20000E+03-1.40750E+03 3.39250E+03
 -1      1438 4.20000E+03-1.29250E+03 3.39250E+03
 -1      1443 4.14000E+03-1.29000E+03 3.45000E+03
 -1      1444 4.14000E+03-1.41000E+03 3.45000E+03
 -1      1445 4.26000E+03-1.41000E+03 3.45000E+03
 -1      1446 4.26000E+03-1.29000E+03 3.45000E+03
 -1      1451 4.13250E+03-1.35000E+03 3.49750E+03
 -1      1452 4.26750E+03-1.35000E+03 3.49750E+03
 -1      1453 4.26750E+03-1.35000E+03 3.40250E+03
 -1      1454 4.13250E+03-1.35000E+03 3.40250E+03
 -1      1485 6.40000E+03-1.29250E+03 3.50750E+03
 -1      1486 6.40000E+03-1.40750E+03 3.50750E+03
 -1      1487 6.40000E+03-1.40750E+03 3.39250E+03
 -1      1488 6.40000E+03-1.29250E+03 3.39250E+03
 -1      1493 6.34000E+03-1.29000E+03 3.45000E+03
 -1      1494 6.34000E+03-1.41000E+03 3.45000E+03
 -1      1495 6.46000E+03-1.41000E+03 3.45000E+03
 -1      1496 6.46000E+03-1.29000E+03 3.45000E+03
 -1      1501 6.33250E+03-1.35000E+03 3.49750E+03
 -1      1502 6.46750E+03-1.35000E+03 3.49750E+03
 -1      1503 6.46750E+03-1.35000E+03 3.40250E+03
 -1      1504 6.33250E+03-1.35000E+03 3.40250E+03
 -1      1535 8.50000E+03-1.29250E+03 3.50750E+03
 -1      1536 8.50000E+03-1.40750E+03 3.50750E+03
 -1      1537 8.50000E+03-1.40750E+03 3.39250E+03
 -1      1538 8.50000E+03-1.29250E+03 3.39250E+03
 -1      1543 8.44000E+03-1.29000E+03 3.45000E+03
 -1      1544 8.44000E+03-1.41000E+03 3.45000E+03
 -1      1545 8.56000E+03-1.41000E+03 3.45000E+03
 -1      1546 8.56000E+03-1.29000E+03 3.45000E+03
 -1      1551 8.43250E+03-1.35000E+03 3.49750E+03
 -1      1552 8.56750E+03-1.35000E+03 3.49750E+03
 -1      1553 8.56750E+03-1.35000E+03 3.40250E+03
 -1      1554 8.43250E+03-1.35000E+03 3.40250E+03
 -1      1585-8.50000E+03 1.50000E+03 4.35000E+02
 -1      1586-8.50000E+03 1.20000E+03 4.35000E+02
 -1      1587-8.50000E+03 1.20000E+03 2.65000E+02
 -1      1588-8.50000E+03 1.50000E+03 2.65000E+02
 -1      1593-8.56000E+03 1.41000E+03 3.50000E+02
 -1      1594-8.56000E+03 1.29000E+03 3.50000E+02
 -1      1595-8.44000E+03 1.29000E+03 3.50000E+02
 -1      1596-8.44000E+03 1.41000E+03 3.50000E+02
 -1      1601-8.56750E+03 1.35000E+03 3.97500E+02
 -1      1602-8.43250E+03 1.35000E+03 3.97500E+02
 -1      1603-8.43250E+03 1.35000E+03 3.02500E+02
 -1      1604-8.56750E+03 1.35000E+03 3.02500E+02
 -1      1635-6.40000E+03 1.50000E+03 4.35000E+02
 -1      1636-6.40000E+03 1.20000E+03 4.35000E+02
 -1      1637-6.40000E+03 1.20000E+03 2.65000E+02
 -1      1638-6.40000E+03 1.50000E+03 2.65000E+02
 -1      1643-6.46000E+03 1.41000E+03 3.50000E+02
 -1      1644-6.46000E+03 1.29000E+03 3.50000E+02
 -1      1645-6.34000E+03 1.29000E+03 3.50000E+02
 -1      1646-6.34000E+03 1.41000E+03 3.50000E+02
 -1      1651-6.46750E+03 1.35000E+03 3.97500E+02
 -1      1652-6.33250E+03 1.35000E+03 3.97500E+02
 -1      1653-6.33250E+03 1.35000E+03 3.02500E+02
 -1      1654-6.46750E+03 1.35000E+03 3.02500E+02
 -1      1685-4.20000E+03 1.50000E+03 4.35000E+02
 -1      1686-4.20000E+03 1.20000E+03 4.35000E+02
 -1      1687-4.20000E+03 1.20000E+03 2.65000E+02
 -1      1688-4.20000E+03 1.50000E+03 2.65000E+02
 -1      1693-4.26000E+03 1.41000E+03 3.50000E+02
 -1      1694-4.26000E+03 1.29000E+03 3.50000E+02
 -1      1695-4.14000E+03 1.29000E+03 3.50000E+02
 -1      1696-4.14000E+03 1.41000E+03 3.50000E+02
 -1      1701-4.26750E+03 1.35000E+03 3.97500E+02
 -1      1702-4.13250E+03 1.35000E+03 3.97500E+02
 -1      1703-4.13250E+03 1.35000E+03 3.02500E+02
 -1      1704-4.26750E+03 1.35000E+03 3.02500E+02
 -1      1735-2.10000E+03 1.50000E+03 4.35000E+02
 -1      1736-2.10000E+03 1.20000E+03 4.35000E+02
 -1      1737-2.10000E+03 1.20000E+03 2.65000E+02
 -1      1738-2.10000E+03 1.50000E+03 2.65000E+02
 -1      1743-2.16000E+03 1.41000E+03 3.50000E+02
 -1      1744-2.16000E+03 1.29000E+03 3.50000E+02
 -1      1745-2.04000E+03 1.29000E+03 3.50000E+02
 -1      1746-2.04000E+03 1.41000E+03 3.50000E+02
 -1      1751-2.16750E+03 1.35000E+03 3.97500E+02
 -1      1752-2.03250E+03 1.35000E+03 3.97500E+02
 -1      1753-2.03250E+03 1.35000E+03 3.02500E+02
 -1      1754-2.16750E+03 1.35000E+03 3.02500E+02
 -1      1785 0.00000E+00 1.50000E+03 4.35000E+02
 -1      1786 0.00000E+00 1.20000E+03 4.35000E+02
 -1      1787 0.00000E+00 1.20000E+03 2.65000E+02
 -1      1788 0.00000E+00 1.50000E+03 2.65000E+02
 -1      1793-6.00000E+01 1.41000E+03 3.50000E+02
 -1      1794-6.00000E+01 1.29000E+03 3.50000E+02
 -1      1795 6.00000E+01 1.29000E+03 3.50000E+02
 -1      1796 6.00000E+01 1.41000E+03 3.50000E+02
 -1      1801-6.75000E+01 1.35000E+03 3.97500E+02
 -1      1802 6.75000E+01 1.35000E+03 3.97500E+02
 -1      1803 6.75000E+01 1.35000E+03 3.02500E+02
 -1      1804-6.75000E+01 1.35000E+03 3.02500E+02
 -1      1835 2.10000E+03 1.50000E+03 4.35000E+02
 -1      1836 2.10000E+03 1.20000E+03 4.35000E+02
 -1      1837 2.10000E+03 1.20000E+03 2.65000E+02
 -1      1838 2.10000E+03 1.50000E+03 2.65000E+02
 -1      1843 2.04000E+03 1.41000E+03 3.50000E+02
 -1      1844 2.04000E+03 1.29000E+03 3.50000E+02
 -1      1845 2.16000E+03 1.29000E+03 3.50000E+02
 -1      1846 2.16000E+03 1.41000E+03 3.50000E+02
 -1      1851 2.03250E+03 1.35000E+03 3.97500E+02
 -1      1852 2.16750E+03 1.35000E+03 3.97500E+02
 -1      1853 2.16750E+03 1.35000E+03 3.02500E+02
 -1      1854 2.03250E+03 1.35000E+03 3.02500E+02
 -1      1885 4.20000E+03 1.50000E+03 4.35000E+02
 -1      1886 4.20000E+03 1.20000E+03 4.35000E+02
 -1      1887 4.20000E+03 1.20000E+03 2.65000E+02
 -1      1888 4.20000E+03 1.50000E+03 2.65000E+02
 -1      1893 4.14000E+03 1.41000E+03 3.50000E+02
 -1      1894 4.14000E+03 1.29000E+03 3.50000E+02
 -1      1895 4.26000E+03 1.29000E+03 3.50000E+02
 -1      1896 4.26000E+03 1.41000E+03 3.50000E+02
 -1      1901 4.13250E+03 1.35000E+03 3.97500E+02
 -1      1902 4.26750E+03 1.35000E+03 3.97500E+02
 -1      1903 4.26750E+03 1.35000E+03 3.02500E+02
 -1      1904 4.13250E+03 1.35000E+03 3.02500E+02
 -1      1935 6.40000E+03 1.50000E+03 4.35000E+02
 -1      1936 6.40000E+03 1.20000E+03 4.35000E+02
 -1      1937 6.40000E+03 1.20000E+03 2.65000E+02
 -1      1938 6.40000E+03 1.50000E+03 2.65000E+02
 -1      1943 6.34000E+03 1.41000E+03 3.50000E+02
 -1      1944 6.34000E+03 1.29000E+03 3.50000E+02
 -1      1945 6.46000E+03 1.29000E+03 3.50000E+02
 -1      1946 6.46000E+03 1.41000E+03 3.50000E+02
 -1      1951 6.33250E+03 1.35000E+03 3.97500E+02
 -1      1952 6.46750E+03 1.35000E+03 3.97500E+02
 -1      1953 6.46750E+03 1.35000E+03 3.02500E+02
 -1      1954 6.33250E+03 1.35000E+03 3.02500E+02
 -1      1985 8.50000E+03 1.50000E+03 4.35000E+02
 -1      1986 8.50000E+03 1.20000E+03 4.35000E+02
 -1      1987 8.50000E+03 1.20000E+03 2.65000E+02
 -1      1988 8.50000E+03 1.50000E+03 2.65000E+02
 -1      1993 8.44000E+03 1.41000E+03 3.50000E+02
 -1      1994 8.44000E+03 1.29000E+03 3.50000E+02
 -1      1995 8.56000E+03 1.29000E+03 3.50000E+02
 -1      1996 8.56000E+03 1.41000E+03 3.50000E+02
 -1      2001 8.43250E+03 1.35000E+03 3.97500E+02
 -1      2002 8.56750E+03 1.35000E+03 3.97500E+02
 -1      2003 8.56750E+03 1.35000E+03 3.02500E+02
 -1      2004 8.43250E+03 1.35000E+03 3.02500E+02
 -1      2035-8.50000E+03 1.40250E+03 1.56000E+03
 -1      2036-8.50000E+03 1.29750E+03 1.56000E+03
 -1      2037-8.50000E+03 1.29750E+03 1.44000E+03
 -1      2038-8.50000E+03 1.40250E+03 1.44000E+03
 -1      2043-8.56000E+03 1.41000E+03 1.50000E+03
 -1      2044-8.56000E+03 1.29000E+03 1.50000E+03
 -1      2045-8.44000E+03 1.29000E+03 1.50000E+03
 -1      2046-8.44000E+03 1.41000E+03 1.50000E+03
 -1      2069-6.40000E+03 1.40250E+03 1.56000E+03
 -1      2070-6.40000E+03 1.29750E+03 1.56000E+03
 -1      2071-6.40000E+03 1.29750E+03 1.44000E+03
 -1      2072-6.40000E+03 1.40250E+03 1.44000E+03
 -1      2077-6.46000E+03 1.41000E+03 1.50000E+03
 -1      2078-6.46000E+03 1.29000E+03 1.50000E+03
 -1      2079-6.34000E+03 1.29000E+03 1.50000E+03
 -1      2080-6.34000E+03 1.41000E+03 1.50000E+03
 -1      2103-4.20000E+03 1.40250E+03 1.56000E+03
 -1      2104-4.20000E+03 1.29750E+03 1.56000E+03
 -1      2105-4.20000E+03 1.29750E+03 1.44000E+03
 -1      2106-4.20000E+03 1.40250E+03 1.44000E+03
 -1      2111-4.26000E+03 1.41000E+03 1.50000E+03
 -1      2112-4.26000E+03 1.29000E+03 1.50000E+03
 -1      2113-4.14000E+03 1.29000E+03 1.50000E+03
 -1      2114-4.14000E+03 1.41000E+03 1.50000E+03
 -1      2137-2.10000E+03 1.40250E+03 1.56000E+03
 -1      2138-2.10000E+03 1.29750E+03 1.56000E+03
 -1      2139-2.10000E+03 1.29750E+03 1.44000E+03
 -1      2140-2.10000E+03 1.40250E+03 1.44000E+03
 -1      2145-2.16000E+03 1.41000E+03 1.50000E+03
 -1      2146-2.16000E+03 1.29000E+03 1.50000E+03
 -1      2147-2.04000E+03 1.29000E+03 1.50000E+03
 -1      2148-2.04000E+03 1.41000E+03 1.50000E+03
 -1      2171 0.00000E+00 1.40250E+03 1.56000E+03
 -1      2172 0.00000E+00 1.29750E+03 1.56000E+03
 -1      2173 0.00000E+00 1.29750E+03 1.44000E+03
 -1      2174 0.00000E+00 1.40250E+03 1.44000E+03
 -1      2179-6.00000E+01 1.41000E+03 1.50000E+03
 -1      2180-6.00000E+01 1.29000E+03 1.50000E+03
 -1      2181 6.00000E+01 1.29000E+03 1.50000E+03
 -1      2182 6.00000E+01 1.41000E+03 1.50000E+03
 -1      2205 2.10000E+03 1.40250E+03 1.56000E+03
 -1      2206 2.10000E+03 1.29750E+03 1.56000E+03
 -1      2207 2.10000E+03 1.29750E+03 1.44000E+03
 -1      2208 2.10000E+03 1.40250E+03 1.44000E+03
 -1      2213 2.04000E+03 1.41000E+03 1.50000E+03
 -1      2214 2.04000E+03 1.29000E+03 1.50000E+03
 -1      2215 2.16000E+03 1.29000E+03 1.50000E+03
 -1      2216 2.16000E+03 1.41000E+03 1.50000E+03
 -1      2239 4.20000E+03 1.40250E+03 1.56000E+03
 -1      2240 4.20000E+03 1.29750E+03 1.56000E+03
 -1      2241 4.20000E+03 1.29750E+03 1.44000E+03
 -1      2242 4.20000E+03 1.40250E+03 1.44000E+03
 -1      2247 4.14000E+03 1.41000E+03 1.50000E+03
 -1      2248 4.14000E+03 1.29000E+03 1.50000E+03
 -1      2249 4.26000E+03 1.29000E+03 1.50000E+03
 -1      2250 4.26000E+03 1.41000E+03 1.50000E+03
 -1      2273 6.40000E+03 1.40250E+03 1.56000E+03
 -1      2274 6.40000E+03 1.29750E+03 1.56000E+03
 -1      2275 6.40000E+03 1.29750E+03 1.44000E+03
 -1      2276 6.40000E+03 1.40250E+03 1.44000E+03
 -1      2281 6.34000E+03 1.41000E+03 1.50000E+03
 -1      2282 6.34000E+03 1.29000E+03 1.50000E+03
 -1      2283 6.46000E+03 1.29000E+03 1.50000E+03
 -1      2284 6.46000E+03 1.41000E+03 1.50000E+03
 -1      2307 8.50000E+03 1.40250E+03 1.56000E+03
 -1      2308 8.50000E+03 1.29750E+03 1.56000E+03
 -1      2309 8.50000E+03 1.29750E+03 1.44000E+03
 -1      2310 8.50000E+03 1.40250E+03 1.44000E+03
 -1      2315 8.44000E+03 1.41000E+03 1.50000E+03
 -1      2316 8.44000E+03 1.29000E+03 1.50000E+03
 -1      2317 8.56000E+03 1.29000E+03 1.50000E+03
 -1      2318 8.56000E+03 1.41000E+03 1.50000E+03
 -1      2341-8.50000E+03 1.43500E+03 2.86750E+03
 -1      2342-8.50000E+03 1.26500E+03 2.86750E+03
 -1      2343-8.50000E+03 1.26500E+03 2.73250E+03
 -1      2344-8.50000E+03 1.43500E+03 2.73250E+03
 -1      2349-8.56000E+03 1.41000E+03 2.80000E+03
 -1      2350-8.56000E+03 1.29000E+03 2.80000E+03
 -1      2351-8.44000E+03 1.29000E+03 2.80000E+03
 -1      2352-8.44000E+03 1.41000E+03 2.80000E+03
 -1      2375-6.40000E+03 1.43500E+03 2.86750E+03
 -1      2376-6.40000E+03 1.26500E+03 2.86750E+03
 -1      2377-6.40000E+03 1.26500E+03 2.73250E+03
 -1      2378-6.40000E+03 1.43500E+03 2.73250E+03
 -1      2383-6.46000E+03 1.41000E+03 2.80000E+03
 -1      2384-6.46000E+03 1.29000E+03 2.80000E+03
 -1      2385-6.34000E+03 1.29000E+03 2.80000E+03
 -1      2386-6.34000E+03 1.41000E+03 2.80000E+03
 -1      2409-4.20000E+03 1.43500E+03 2.86750E+03
 -1      2410-4.20000E+03 1.26500E+03 2.86750E+03
 -1      2411-4.20000E+03 1.26500E+03 2.73250E+03
 -1      2412-4.20000E+03 1.43500E+03 2.73250E+03
 -1      2417-4.26000E+03 1.41000E+03 2.80000E+03
 -1      2418-4.26000E+03 1.29000E+03 2.80000E+03
 -1      2419-4.14000E+03 1.29000E+03 2.80000E+03
 -1      2420-4.14000E+03 1.41000E+03 2.80000E+03
 -1      2443-2.10000E+03 1.43500E+03 2.86750E+03
 -1      2444-2.10000E+03 1.26500E+03 2.86750E+03
 -1      2445-2.10000E+03 1.26500E+03 2.73250E+03
 -1      2446-2.10000E+03 1.43500E+03 2.73250E+03
 -1      2451-2.16000E+03 1.41000E+03 2.80000E+03
 -1      2452-2.16000E+03 1.29000E+03 2.80000E+03
 -1      2453-2.04000E+03 1.29000E+03 2.80000E+03
 -1      2454-2.04000E+03 1.41000E+03 2.80000E+03
 -1      2477 0.00000E+00 1.43500E+03 2.86750E+03
 -1      2478 0.00000E+00 1.26500E+03 2.86750E+03
 -1      2479 0.00000E+00 1.26500E+03 2.73250E+03
 -1      2480 0.00000E+00 1.43500E+03 2.73250E+03
 -1      2485-6.00000E+01 1.41000E+03 2.80000E+03
 -1      2486-6.00000E+01 1.29000E+03 2.80000E+03
 -1      2487 6.00000E+01 1.29000E+03 2.80000E+03
 -1      2488 6.00000E+01 1.41000E+03 2.80000E+03
 -1      2511 2.10000E+03 1.43500E+03 2.86750E+03
 -1      2512 2.10000E+03 1.26500E+03 2.86750E+03
 -1      2513 2.10000E+03 1.26500E+03 2.73250E+03
 -1      2514 2.10000E+03 1.43500E+03 2.73250E+03
 -1      2519 2.04000E+03 1.41000E+03 2.80000E+03
 -1      2520 2.04000E+03 1.29000E+03 2.80000E+03
 -1      2521 2.16000E+03 1.29000E+03 2.80000E+03
 -1      2522 2.16000E+03 1.41000E+03 2.80000E+03
 -1      2545 4.20000E+03 1.43500E+03 2.86750E+03
 -1      2546 4.20000E+03 1.26500E+03 2.86750E+03
 -1      2547 4.20000E+03 1.26500E+03 2.73250E+03
 -1      2548 4.20000E+03 1.43500E+03 2.73250E+03
 -1      2553 4.14000E+03 1.41000E+03 2.80000E+03
 -1      2554 4.14000E+03 1.29000E+03 2.80000E+03
 -1      2555 4.26000E+03 1.29000E+03 2.80000E+03
 -1      2556 4.26000E+03 1.41000E+03 2.80000E+03
 -1      2579 6.40000E+03 1.43500E+03 2.86750E+03
 -1      2580 6.40000E+03 1.26500E+03 2.86750E+03
 -1      2581 6.40000E+03 1.26500E+03 2.73250E+03
 -1      2582 6.40000E+03 1.43500E+03 2.73250E+03
 -1      2587 6.34000E+03 1.41000E+03 2.80000E+03
 -1      2588 6.34000E+03 1.29000E+03 2.80000E+03
 -1      2589 6.46000E+03 1.29000E+03 2.80000E+03
 -1      2590 6.46000E+03 1.41000E+03 2.80000E+03
 -1      2613 8.50000E+03 1.43500E+03 2.86750E+03
 -1      2614 8.50000E+03 1.26500E+03 2.86750E+03
 -1      2615 8.50000E+03 1.26500E+03 2.73250E+03
 -1      2616 8.50000E+03 1.43500E+03 2.73250E+03
 -1      2621 8.44000E+03 1.41000E+03 2.80000E+03
 -1      2622 8.44000E+03 1.29000E+03 2.80000E+03
 -1      2623 8.56000E+03 1.29000E+03 2.80000E+03
 -1      2624 8.56000E+03 1.41000E+03 2.80000E+03
 -1      2647-8.50000E+03 1.40750E+03 3.50750E+03
 -1      2648-8.50000E+03 1.29250E+03 3.50750E+03
 -1      2649-8.50000E+03 1.29250E+03 3.39250E+03
 -1      2650-8.50000E+03 1.40750E+03 3.39250E+03
 -1      2655-8.56000E+03 1.41000E+03 3.45000E+03
 -1      2656-8.56000E+03 1.29000E+03 3.45000E+03
 -1      2657-8.44000E+03 1.29000E+03 3.45000E+03
 -1      2658-8.44000E+03 1.41000E+03 3.45000E+03
 -1      2663-8.56750E+03 1.35000E+03 3.49750E+03
 -1      2664-8.43250E+03 1.35000E+03 3.49750E+03
 -1      2665-8.43250E+03 1.35000E+03 3.40250E+03
 -1      2666-8.56750E+03 1.35000E+03 3.40250E+03
 -1      2697-6.40000E+03 1.40750E+03 3.50750E+03
 -1      2698-6.40000E+03 1.29250E+03 3.50750E+03
 -1      2699-6.40000E+03 1.29250E+03 3.39250E+03
 -1      2700-6.40000E+03 1.40750E+03 3.39250E+03
 -1      2705-6.46000E+03 1.41000E+03 3.45000E+03
 -1      2706-6.46000E+03 1.29000E+03 3.45000E+03
 -1      2707-6.34000E+03 1.29000E+03 3.45000E+03
 -1      2708-6.34000E+03 1.41000E+03 3.45000E+03
 -1      2713-6.46750E+03 1.35000E+03 3.49750E+03
 -1      2714-6.33250E+03 1.35000E+03 3.49750E+03
 -1      2715-6.33250E+03 1.35000E+03 3.40250E+03
 -1      2716-6.46750E+03 1.35000E+03 3.40250E+03
 -1      2747-4.20000E+03 1.40750E+03 3.50750E+03
 -1      2748-4.20000E+03 1.29250E+03 3.50750E+03
 -1      2749-4.20000E+03 1.29250E+03 3.39250E+03
 -1      2750-4.20000E+03 1.40750E+03 3.39250E+03
 -1      2755-4.26000E+03 1.41000E+03 3.45000E+03
 -1      2756-4.26000E+03 1.29000E+03 3.45000E+03
 -1      2757-4.14000E+03 1.29000E+03 3.45000E+03
 -1      2758-4.14000E+03 1.41000E+03 3.45000E+03
 -1      2763-4.26750E+03 1.35000E+03 3.49750E+03
 -1      2764-4.13250E+03 1.35000E+03 3.49750E+03
 -1      2765-4.13250E+03 1.35000E+03 3.40250E+03
 -1      2766-4.26750E+03 1.35000E+03 3.40250E+03
 -1      2797-2.10000E+03 1.40750E+03 3.50750E+03
 -1      2798-2.10000E+03 1.29250E+03 3.50750E+03
 -1      2799-2.10000E+03 1.29250E+03 3.39250E+03
 -1      2800-2.10000E+03 1.40750E+03 3.39250E+03
 -1      2805-2.16000E+03 1.41000E+03 3.45000E+03
 -1      2806-2.16000E+03 1.29000E+03 3.45000E+03
 -1      2807-2.04000E+03 1.29000E+03 3.45000E+03
 -1      2808-2.04000E+03 1.41000E+03 3.45000E+03
 -1      2813-2.16750E+03 1.35000E+03 3.49750E+03
 -1      2814-2.03250E+03 1.35000E+03 3.49750E+03
 -1      2815-2.03250E+03 1.35000E+03 3.40250E+03
 -1      2816-2.16750E+03 1.35000E+03 3.40250E+03
 -1      2847 0.00000E+00 1.40750E+03 3.50750E+03
 -1      2848 0.00000E+00 1.29250E+03 3.50750E+03
 -1      2849 0.00000E+00 1.29250E+03 3.39250E+03
 -1      2850 0.00000E+00 1.40750E+03 3.39250E+03
 -1      2855-6.00000E+01 1.41000E+03 3.45000E+03
 -1      2856-6.00000E+01 1.29000E+03 3.45000E+03
 -1      2857 6.00000E+01 1.29000E+03 3.45000E+03
 -1      2858 6.00000E+01 1.41000E+03 3.45000E+03
 -1      2863-6.75000E+01 1.35000E+03 3.49750E+03
 -1      2864 6.75000E+01 1.35000E+03 3.49750E+03
 -1      2865 6.75000E+01 1.35000E+03 3.40250E+03
 -1      2866-6.75000E+01 1.35000E+03 3.40250E+03
 -1      2897 2.10000E+03 1.40750E+03 3.50750E+03
 -1      2898 2.10000E+03 1.29250E+03 3.50750E+03
 -1      2899 2.10000E+03 1.29250E+03 3.39250E+03
 -1      2900 2.10000E+03 1.40750E+03 3.39250E+03
 -1      2905 2.04000E+03 1.41000E+03 3.45000E+03
 -1      2906 2.04000E+03 1.29000E+03 3.45000E+03
 -1      2907 2.16000E+03 1.29000E+03 3.45000E+03
 -1      2908 2.16000E+03 1.41000E+03 3.45000E+03
 -1      2913 2.03250E+03 1.35000E+03 3.49750E+03
 -1      2914 2.16750E+03 1.35000E+03 3.49750E+03
 -1      2915 2.16750E+03 1.35000E+03 3.40250E+03
 -1      2916 2.03250E+03 1.35000E+03 3.40250E+03
 -1      2947 4.20000E+03 1.40750E+03 3.50750E+03
 -1      2948 4.20000E+03 1.29250E+03 3.50750E+03
 -1      2949 4.20000E+03 1.29250E+03 3.39250E+03
 -1      2950 4.20000E+03 1.40750E+03 3.39250E+03
 -1      2955 4.14000E+03 1.41000E+03 3.45000E+03
 -1      2956 4.14000E+03 1.29000E+03 3.45000E+03
 -1      2957 4.26000E+03 1.29000E+03 3.45000E+03
 -1      2958 4.26000E+03 1.41000E+03 3.45000E+03
 -1      2963 4.13250E+03 1.35000E+03 3.49750E+03
 -1      2964 4.26750E+03 1.35000E+03 3.49750E+03
 -1      2965 4.26750E+03 1.35000E+03 3.40250E+03
 -1      2966 4.13250E+03 1.35000E+03 3.40250E+03
 -1      2997 6.40000E+03 1.40750E+03 3.50750E+03
 -1      2998 6.40000E+03 1.29250E+03 3.50750E+03
 -1      2999 6.40000E+03 1.29250E+03 3.39250E+03
 -1      3000 6.40000E+03 1.40750E+03 3.39250E+03
 -1      3005 6.34000E+03 1.41000E+03 3.45000E+03
 -1      3006 6.34000E+03 1.29000E+03 3.45000E+03
 -1      3007 6.46000E+03 1.29000E+03 3.45000E+03
 -1      3008 6.46000E+03 1.41000E+03 3.45000E+03
 -1      3013 6.33250E+03 1.35000E+03 3.49750E+03
 -1      3014 6.46750E+03 1.35000E+03 3.49750E+03
 -1      3015 6.46750E+03 1.35000E+03 3.40250E+03
 -1      3016 6.33250E+03 1.35000E+03 3.40250E+03
 -1      3047 8.50000E+03 1.40750E+03 3.50750E+03
 -1      3048 8.50000E+03 1.29250E+03 3.50750E+03
 -1      3049 8.50000E+03 1.29250E+03 3.39250E+03
 -1      3050 8.50000E+03 1.40750E+03 3.39250E+03
 -1      3055 8.44000E+03 1.41000E+03 3.45000E+03
 -1      3056 8.44000E+03 1.29000E+03 3.45000E+03
 -1      3057 8.56000E+03 1.29000E+03 3.45000E+03
 -1      3058 8.56000E+03 1.41000E+03 3.45000E+03
 -1      3063 8.43250E+03 1.35000E+03 3.49750E+03
 -1      3064 8.56750E+03 1.35000E+03 3.49750E+03
 -1      3065 8.56750E+03 1.35000E+03 3.40250E+03
 -1      3066 8.43250E+03 1.35000E+03 3.40250E+03
 -3
    3C                           136                                     1
 -1         1    1    0    1
 -2        73       123       124        74        76       126       125        75
 -1         2    1    0    1
 -2       123       173       174       124       126       176       175       125
 -1         3    1    0    1
 -2       173       223       224       174       176       226       225       175
 -1         4    1    0    1
 -2       223       273       274       224       226       276       275       225
 -1         5    1    0    1
 -2       273       323       324       274       276       326       325       275
 -1         6    1    0    1
 -2       323       373       374       324       326       376       375       325
 -1         7    1    0    1
 -2       373       423       424       374       376       426       425       375
 -1         8    1    0    1
 -2       423       473       474       424       426       476       475       425
 -1         9    1    0    1
 -2       523       557       558       524       526       560       559       525
 -1        10    1    0    1
 -2       557       591       592       558       560       594       593       559
 -1        11    1    0    1
 -2       591       625       626       592       594       628       627       593
 -1        12    1    0    1
 -2       625       659       660       626       628       662       661       627
 -1        13    1    0    1
 -2       659       693       694       660       662       696       695       661
 -1        14    1    0    1
 -2       693       727       728       694       696       730       729       695
 -1        15    1    0    1
 -2       727       761       762       728       730       764       763       729
 -1        16    1    0    1
 -2       761       795       796       762       764       798       797       763
 -1        17    1    0    1
 -2       829       863       864       830       832       866       865       831
 -1        18    1    0    1
 -2       863       897       898       864       866       900       899       865
 -1        19    1    0    1
 -2       897       931       932       898       900       934       933       899
 -1        20    1    0    1
 -2       931       965       966       932       934       968       967       933
 -1        21    1    0    1
 -2       965       999      1000       966       968      1002      1001       967
 -1        22    1    0    1
 -2       999      1033      1034      1000      1002      1036      1035      1001
 -1        23    1    0    1
 -2      1033      1067      1068      1034      1036      1070      1069      1035
 -1        24    1    0    1
 -2      1067      1101      1102      1068      1070      1104      1103      1069
 -1        25    1    0    1
 -2      1135      1185      1186      1136      1138      1188      1187      1137
 -1        26    1    0    1
 -2      1185      1235      1236      1186      1188      1238      1237      1187
 -1        27    1    0    1
 -2      1235      1285      1286      1236      1238      1288      1287      1237
 -1        28    1    0    1
 -2      1285      1335      1336      1286      1288      1338      1337      1287
 -1        29    1    0    1
 -2      1335      1385      1386      1336      1338      1388      1387      1337
 -1        30    1    0    1
 -2      1385      1435      1436      1386      1388      1438      1437      1387
 -1        31    1    0    1
 -2      1435      1485      1486      1436      1438      1488      1487      1437
 -1        32    1    0    1
 -2      1485      1535      1536      1486      1488      1538      1537      1487
 -1        33    1    0    1
 -2        81       531       532        82        84       534       533        83
 -1        34    1    0    1
 -2       531       837       838       532       534       840       839       533
 -1        35    1    0    1
 -2       837      1143      1144       838       840      1146      1145       839
 -1        36    1    0    1
 -2       131       565       566       132       134       568       567       133
 -1        37    1    0    1
 -2       565       871       872       566       568       874       873       567
 -1        38    1    0    1
 -2       871      1193      1194       872       874      1196      1195       873
 -1        39    1    0    1
 -2       181       599       600       182       184       602       601       183
 -1        40    1    0    1
 -2       599       905       906       600       602       908       907       601
 -1        41    1    0    1
 -2       905      1243      1244       906       908      1246      1245       907
 -1        42    1    0    1
 -2       231       633       634       232       234       636       635       233
 -1        43    1    0    1
 -2       633       939       940       634       636       942       941       635
 -1        44    1    0    1
 -2       939      1293      1294       940       942      1296      1295       941
 -1        45    1    0    1
 -2       281       667       668       282       284       670       669       283
 -1        46    1    0    1
 -2       667       973       974       668       670       976       975       669
 -1        47    1    0    1
 -2       973      1343      1344       974       976      1346      1345       975
 -1        48    1    0    1
 -2       331       701       702       332       334       704       703       333
 -1        49    1    0    1
 -2       701      1007      1008       702       704      1010      1009       703
 -1        50    1    0    1
 -2      1007      1393      1394      1008      1010      1396      1395      1009
 -1        51    1    0    1
 -2       381       735       736       382       384       738       737       383
 -1        52    1    0    1
 -2       735      1041      1042       736       738      1044      1043       737
 -1        53    1    0    1
 -2      1041      1443      1444      1042      1044      1446      1445      1043
 -1        54    1    0    1
 -2       431       769       770       432       434       772       771       433
 -1        55    1    0    1
 -2       769      1075      1076       770       772      1078      1077       771
 -1        56    1    0    1
 -2      1075      1493      1494      1076      1078      1496      1495      1077
 -1        57    1    0    1
 -2       481       803       804       482       484       806       805       483
 -1        58    1    0    1
 -2       803      1109      1110       804       806      1112      1111       805
 -1        59    1    0    1
 -2      1109      1543      1544      1110      1112      1546      1545      1111
 -1        60    1    0    1
 -2      1585      1635      1636      1586      1588      1638      1637      1587
 -1        61    1    0    1
 -2      1635      1685      1686      1636      1638      1688      1687      1637
 -1        62    1    0    1
 -2      1685      1735      1736      1686      1688      1738      1737      1687
 -1        63    1    0    1
 -2      1735      1785      1786      1736      1738      1788      1787      1737
 -1        64    1    0    1
 -2      1785      1835      1836      1786      1788      1838      1837      1787
 -1        65    1    0    1
 -2      1835      1885      1886      1836      1838      1888      1887      1837
 -1        66    1    0    1
 -2      1885      1935      1936      1886      1888      1938      1937      1887
 -1        67    1    0    1
 -2      1935      1985      1986      1936      1938      1988      1987      1937
 -1        68    1    0    1
 -2      2035      2069      2070      2036      2038      2072      2071      2037
 -1        69    1    0    1
 -2      2069      2103      2104      2070      2072      2106      2105      2071
 -1        70    1    0    1
 -2      2103      2137      2138      2104      2106      2140      2139      2105
 -1        71    1    0    1
 -2      2137      2171      2172      2138      2140      2174      2173      2139
 -1        72    1    0    1
 -2      2171      2205      2206      2172      2174      2208      2207      2173
 -1        73    1    0    1
 -2      2205      2239      2240      2206      2208      2242      2241      2207
 -1        74    1    0    1
 -2      2239      2273      2274      2240      2242      2276      2275      2241
 -1        75    1    0    1
 -2      2273      2307      2308      2274      2276      2310      2309      2275
 -1        76    1    0    1
 -2      2341      2375      2376      2342      2344      2378      2377      2343
 -1        77    1    0    1
 -2      2375      2409      2410      2376      2378      2412      2411      2377
 -1        78    1    0    1
 -2      2409      2443      2444      2410      2412      2446      2445      2411
 -1        79    1    0    1
 -2      2443      2477      2478      2444      2446      2480      2479      2445
 -1        80    1    0    1
 -2      2477      2511      2512      2478      2480      2514      2513      2479
 -1        81    1    0    1
 -2      2511      2545      2546      2512      2514      2548      2547      2513
 -1        82    1    0    1
 -2      2545      2579      2580      2546      2548      2582      2581      2547
 -1        83    1    0    1
 -2      2579      2613      2614      2580      2582      2616      2615      2581
 -1        84    1    0    1
 -2      2647      2697      2698      2648      2650      2700      2699      2649
 -1        85    1    0    1
 -2      2697      2747      2748      2698      2700      2750      2749      2699
 -1        86    1    0    1
 -2      2747      2797      2798      2748      2750      2800      2799      2749
 -1        87    1    0    1
 -2      2797      2847      2848      2798      2800      2850      2849      2799
 -1        88    1    0    1
 -2      2847      2897      2898      2848      2850      2900      2899      2849
 -1        89    1    0    1
 -2      2897      2947      2948      2898      2900      2950      2949      2899
 -1        90    1    0    1
 -2      2947      2997      2998      2948      2950      3000      2999      2949
 -1        91    1    0    1
 -2      2997      3047      3048      2998      3000      3050      3049      2999
 -1        92    1    0    1
 -2      1593      2043      2044      1594      1596      2046      2045      1595
 -1        93    1    0    1
 -2      2043      2349      2350      2044      2046      2352      2351      2045
 -1        94    1    0    1
 -2      2349      2655      2656      2350      2352      2658      2657      2351
 -1        95    1    0    1
 -2      1643      2077      2078      1644      1646      2080      2079      1645
 -1        96    1    0    1
 -2      2077      2383      2384      2078      2080      2386      2385      2079
 -1        97    1    0    1
 -2      2383      2705      2706      2384      2386      2708      2707      2385
 -1        98    1    0    1
 -2      1693      2111      2112      1694      1696      2114      2113      1695
 -1        99    1    0    1
 -2      2111      2417      2418      2112      2114      2420      2419      2113
 -1       100    1    0    1
 -2      2417      2755      2756      2418      2420      2758      2757      2419
 -1       101    1    0    1
 -2      1743      2145      2146      1744      1746      2148      2147      1745
 -1       102    1    0    1
 -2      2145      2451      2452      2146      2148      2454      2453      2147
 -1       103    1    0    1
 -2      2451      2805      2806      2452      2454      2808      2807      2453
 -1       104    1    0    1
 -2      1793      2179      2180      1794      1796      2182      2181      1795
 -1       105    1    0    1
 -2      2179      2485      2486      2180      2182      2488      2487      2181
 -1       106    1    0    1
 -2      2485      2855      2856      2486      2488      2858      2857      2487
 -1       107    1    0    1
 -2      1843      2213      2214      1844      1846      2216      2215      1845
 -1       108    1    0    1
 -2      2213      2519      2520      2214      2216      2522      2521      2215
 -1       109    1    0    1
 -2      2519      2905      2906      2520      2522      2908      2907      2521
 -1       110    1    0    1
 -2      1893      2247      2248      1894      1896      2250      2249      1895
 -1       111    1    0    1
 -2      2247      2553      2554      2248      2250      2556      2555      2249
 -1       112    1    0    1
 -2      2553      2955      2956      2554      2556      2958      2957      2555
 -1       113    1    0    1
 -2      1943      2281      2282      1944      1946      2284      2283      1945
 -1       114    1    0    1
 -2      2281      2587      2588      2282      2284      2590      2589      2283
 -1       115    1    0    1
 -2      2587      3005      3006      2588      2590      3008      3007      2589
 -1       116    1    0    1
 -2      1993      2315      2316      1994      1996      2318      2317      1995
 -1       117    1    0    1
 -2      2315      2621      2622      2316      2318      2624      2623      2317
 -1       118    1    0    1
 -2      2621      3055      3056      2622      2624      3058      3057      2623
 -1       119    1    0    1
 -2        89      1601      1602        90        92      1604      1603        91
 -1       120    1    0    1
 -2      1151      2663      2664      1152      1154      2666      2665      1153
 -1       121    1    0    1
 -2       139      1651      1652       140       142      1654      1653       141
 -1       122    1    0    1
 -2      1201      2713      2714      1202      1204      2716      2715      1203
 -1       123    1    0    1
 -2       189      1701      1702       190       192      1704      1703       191
 -1       124    1    0    1
 -2      1251      2763      2764      1252      1254      2766      2765      1253
 -1       125    1    0    1
 -2       239      1751      1752       240       242      1754      1753       241
 -1       126    1    0    1
 -2      1301      2813      2814      1302      1304      2816      2815      1303
 -1       127    1    0    1
 -2       289      1801      1802       290       292      1804      1803       291
 -1       128    1    0    1
 -2      1351      2863      2864      1352      1354      2866      2865      1353
 -1       129    1    0    1
 -2       339      1851      1852       340       342      1854      1853       341
 -1       130    1    0    1
 -2      1401      2913      2914      1402      1404      2916      2915      1403
 -1       131    1    0    1
 -2       389      1901      1902       390       392      1904      1903       391
 -1       132    1    0    1
 -2      1451      2963      2964      1452      1454      2966      2965      1453
 -1       133    1    0    1
 -2       439      1951      1952       440       442      1954      1953       441
 -1       134    1    0    1
 -2      1501      3013      3014      1502      1504      3016      3015      1503
 -1       135    1    0    1
 -2       489      2001      2002       490       492      2004      2003       491
 -1       136    1    0    1
 -2      1551      3063      3064      1552      1554      3066      3065      1553
 -3
 9999
