    1C
    1UTrain-to-train open joint lateral/racking screen
    1UUSER
    1UDATE              16.august.2026
    1UTIME              21:15:02
    1UHOST
    1UPGM               CalculiX
    1UVERSION           Version 2.23
    1UCOMPILETIME       Sun Oct 19 18:23:34 CEST 2025
    1UDIR
    1UDBN
    1UMAT    1S355
    2C                           280                                     1
 -1        49-9.32132E+02-1.03757E+03 7.20000E+02
 -1        50-6.77574E+02-1.29213E+03 7.20000E+02
 -1        51-5.07868E+02-1.12243E+03 7.20000E+02
 -1        52-7.62426E+02-8.67868E+02 7.20000E+02
 -1        57-6.84645E+02-1.08000E+03 5.71508E+02
 -1        58-8.68492E+02-1.08000E+03 7.55355E+02
 -1        59-7.55355E+02-1.08000E+03 8.68492E+02
 -1        60-5.71508E+02-1.08000E+03 6.84645E+02
 -1        83-9.32132E+02-1.03757E+03 7.60000E+02
 -1        84-6.77574E+02-1.29213E+03 7.60000E+02
 -1        85-5.07868E+02-1.12243E+03 7.60000E+02
 -1        86-7.62426E+02-8.67868E+02 7.60000E+02
 -1        91-6.84645E+02-1.08000E+03 6.11508E+02
 -1        92-8.68492E+02-1.08000E+03 7.95355E+02
 -1        93-7.55355E+02-1.08000E+03 9.08492E+02
 -1        94-5.71508E+02-1.08000E+03 7.24645E+02
 -1       117-9.32132E+02-1.03757E+03 1.50000E+03
 -1       118-6.77574E+02-1.29213E+03 1.50000E+03
 -1       119-5.07868E+02-1.12243E+03 1.50000E+03
 -1       120-7.62426E+02-8.67868E+02 1.50000E+03
 -1       125-6.84645E+02-1.08000E+03 1.35151E+03
 -1       126-8.68492E+02-1.08000E+03 1.53536E+03
 -1       127-7.55355E+02-1.08000E+03 1.64849E+03
 -1       128-5.71508E+02-1.08000E+03 1.46464E+03
 -1       151-9.32132E+02-1.03757E+03 2.85000E+03
 -1       152-6.77574E+02-1.29213E+03 2.85000E+03
 -1       153-5.07868E+02-1.12243E+03 2.85000E+03
 -1       154-7.62426E+02-8.67868E+02 2.85000E+03
 -1       159-6.84645E+02-1.08000E+03 2.70151E+03
 -1       160-8.68492E+02-1.08000E+03 2.88536E+03
 -1       161-7.55355E+02-1.08000E+03 2.99849E+03
 -1       162-5.71508E+02-1.08000E+03 2.81464E+03
 -1       185-9.32132E+02 1.12243E+03 7.20000E+02
 -1       186-6.77574E+02 8.67868E+02 7.20000E+02
 -1       187-5.07868E+02 1.03757E+03 7.20000E+02
 -1       188-7.62426E+02 1.29213E+03 7.20000E+02
 -1       193-6.84645E+02 1.08000E+03 5.71508E+02
 -1       194-8.68492E+02 1.08000E+03 7.55355E+02
 -1       195-7.55355E+02 1.08000E+03 8.68492E+02
 -1       196-5.71508E+02 1.08000E+03 6.84645E+02
 -1       219-9.32132E+02 1.12243E+03 7.60000E+02
 -1       220-6.77574E+02 8.67868E+02 7.60000E+02
 -1       221-5.07868E+02 1.03757E+03 7.60000E+02
 -1       222-7.62426E+02 1.29213E+03 7.60000E+02
 -1       227-6.84645E+02 1.08000E+03 6.11508E+02
 -1       228-8.68492E+02 1.08000E+03 7.95355E+02
 -1       229-7.55355E+02 1.08000E+03 9.08492E+02
 -1       230-5.71508E+02 1.08000E+03 7.24645E+02
 -1       253-9.32132E+02 1.12243E+03 1.50000E+03
 -1       254-6.77574E+02 8.67868E+02 1.50000E+03
 -1       255-5.07868E+02 1.03757E+03 1.50000E+03
 -1       256-7.62426E+02 1.29213E+03 1.50000E+03
 -1       261-6.84645E+02 1.08000E+03 1.35151E+03
 -1       262-8.68492E+02 1.08000E+03 1.53536E+03
 -1       263-7.55355E+02 1.08000E+03 1.64849E+03
 -1       264-5.71508E+02 1.08000E+03 1.46464E+03
 -1       287-9.32132E+02 1.12243E+03 2.85000E+03
 -1       288-6.77574E+02 8.67868E+02 2.85000E+03
 -1       289-5.07868E+02 1.03757E+03 2.85000E+03
 -1       290-7.62426E+02 1.29213E+03 2.85000E+03
 -1       295-6.84645E+02 1.08000E+03 2.70151E+03
 -1       296-8.68492E+02 1.08000E+03 2.88536E+03
 -1       297-7.55355E+02 1.08000E+03 2.99849E+03
 -1       298-5.71508E+02 1.08000E+03 2.81464E+03
 -1       321-6.84645E+02-7.60000E+02 5.71508E+02
 -1       322-8.68492E+02-7.60000E+02 7.55355E+02
 -1       323-7.55355E+02-7.60000E+02 8.68492E+02
 -1       324-5.71508E+02-7.60000E+02 6.84645E+02
 -1       329-6.84645E+02 0.00000E+00 5.71508E+02
 -1       330-8.68492E+02 0.00000E+00 7.55355E+02
 -1       331-7.55355E+02 0.00000E+00 8.68492E+02
 -1       332-5.71508E+02 0.00000E+00 6.84645E+02
 -1       337-6.84645E+02 7.60000E+02 5.71508E+02
 -1       338-8.68492E+02 7.60000E+02 7.55355E+02
 -1       339-7.55355E+02 7.60000E+02 8.68492E+02
 -1       340-5.71508E+02 7.60000E+02 6.84645E+02
 -1       345-6.84645E+02-7.60000E+02 6.11508E+02
 -1       346-8.68492E+02-7.60000E+02 7.95355E+02
 -1       347-7.55355E+02-7.60000E+02 9.08492E+02
 -1       348-5.71508E+02-7.60000E+02 7.24645E+02
 -1       353-7.20000E+02-9.29706E+02 7.60000E+02
 -1       354-7.20000E+02-7.60000E+02 5.90294E+02
 -1       355-7.20000E+02-5.90294E+02 7.60000E+02
 -1       356-7.20000E+02-7.60000E+02 9.29706E+02
 -1       379-6.84645E+02 0.00000E+00 6.11508E+02
 -1       380-8.68492E+02 0.00000E+00 7.95355E+02
 -1       381-7.55355E+02 0.00000E+00 9.08492E+02
 -1       382-5.71508E+02 0.00000E+00 7.24645E+02
 -1       387-7.20000E+02-1.69706E+02 7.60000E+02
 -1       388-7.20000E+02 0.00000E+00 5.90294E+02
 -1       389-7.20000E+02 1.69706E+02 7.60000E+02
 -1       390-7.20000E+02 0.00000E+00 9.29706E+02
 -1       413-6.84645E+02 7.60000E+02 6.11508E+02
 -1       414-8.68492E+02 7.60000E+02 7.95355E+02
 -1       415-7.55355E+02 7.60000E+02 9.08492E+02
 -1       416-5.71508E+02 7.60000E+02 7.24645E+02
 -1       421-7.20000E+02 5.90294E+02 7.60000E+02
 -1       422-7.20000E+02 7.60000E+02 5.90294E+02
 -1       423-7.20000E+02 9.29706E+02 7.60000E+02
 -1       424-7.20000E+02 7.60000E+02 9.29706E+02
 -1       447-6.84645E+02-7.60000E+02 1.35151E+03
 -1       448-8.68492E+02-7.60000E+02 1.53536E+03
 -1       449-7.55355E+02-7.60000E+02 1.64849E+03
 -1       450-5.71508E+02-7.60000E+02 1.46464E+03
 -1       455-6.84645E+02 0.00000E+00 1.35151E+03
 -1       456-8.68492E+02 0.00000E+00 1.53536E+03
 -1       457-7.55355E+02 0.00000E+00 1.64849E+03
 -1       458-5.71508E+02 0.00000E+00 1.46464E+03
 -1       463-6.84645E+02 7.60000E+02 1.35151E+03
 -1       464-8.68492E+02 7.60000E+02 1.53536E+03
 -1       465-7.55355E+02 7.60000E+02 1.64849E+03
 -1       466-5.71508E+02 7.60000E+02 1.46464E+03
 -1       471-6.84645E+02-7.60000E+02 2.70151E+03
 -1       472-8.68492E+02-7.60000E+02 2.88536E+03
 -1       473-7.55355E+02-7.60000E+02 2.99849E+03
 -1       474-5.71508E+02-7.60000E+02 2.81464E+03
 -1       479-6.84645E+02 0.00000E+00 2.70151E+03
 -1       480-8.68492E+02 0.00000E+00 2.88536E+03
 -1       481-7.55355E+02 0.00000E+00 2.99849E+03
 -1       482-5.71508E+02 0.00000E+00 2.81464E+03
 -1       487-6.84645E+02 7.60000E+02 2.70151E+03
 -1       488-8.68492E+02 7.60000E+02 2.88536E+03
 -1       489-7.55355E+02 7.60000E+02 2.99849E+03
 -1       490-5.71508E+02 7.60000E+02 2.81464E+03
 -1       495 5.07868E+02-1.03757E+03 7.20000E+02
 -1       496 7.62426E+02-1.29213E+03 7.20000E+02
 -1       497 9.32132E+02-1.12243E+03 7.20000E+02
 -1       498 6.77574E+02-8.67868E+02 7.20000E+02
 -1       503 7.55355E+02-1.08000E+03 5.71508E+02
 -1       504 5.71508E+02-1.08000E+03 7.55355E+02
 -1       505 6.84645E+02-1.08000E+03 8.68492E+02
 -1       506 8.68492E+02-1.08000E+03 6.84645E+02
 -1       529 5.07868E+02-1.03757E+03 7.60000E+02
 -1       530 7.62426E+02-1.29213E+03 7.60000E+02
 -1       531 9.32132E+02-1.12243E+03 7.60000E+02
 -1       532 6.77574E+02-8.67868E+02 7.60000E+02
 -1       537 7.55355E+02-1.08000E+03 6.11508E+02
 -1       538 5.71508E+02-1.08000E+03 7.95355E+02
 -1       539 6.84645E+02-1.08000E+03 9.08492E+02
 -1       540 8.68492E+02-1.08000E+03 7.24645E+02
 -1       563 5.07868E+02-1.03757E+03 1.50000E+03
 -1       564 7.62426E+02-1.29213E+03 1.50000E+03
 -1       565 9.32132E+02-1.12243E+03 1.50000E+03
 -1       566 6.77574E+02-8.67868E+02 1.50000E+03
 -1       571 7.55355E+02-1.08000E+03 1.35151E+03
 -1       572 5.71508E+02-1.08000E+03 1.53536E+03
 -1       573 6.84645E+02-1.08000E+03 1.64849E+03
 -1       574 8.68492E+02-1.08000E+03 1.46464E+03
 -1       597 5.07868E+02-1.03757E+03 2.85000E+03
 -1       598 7.62426E+02-1.29213E+03 2.85000E+03
 -1       599 9.32132E+02-1.12243E+03 2.85000E+03
 -1       600 6.77574E+02-8.67868E+02 2.85000E+03
 -1       605 7.55355E+02-1.08000E+03 2.70151E+03
 -1       606 5.71508E+02-1.08000E+03 2.88536E+03
 -1       607 6.84645E+02-1.08000E+03 2.99849E+03
 -1       608 8.68492E+02-1.08000E+03 2.81464E+03
 -1       631 5.07868E+02 1.12243E+03 7.20000E+02
 -1       632 7.62426E+02 8.67868E+02 7.20000E+02
 -1       633 9.32132E+02 1.03757E+03 7.20000E+02
 -1       634 6.77574E+02 1.29213E+03 7.20000E+02
 -1       639 7.55355E+02 1.08000E+03 5.71508E+02
 -1       640 5.71508E+02 1.08000E+03 7.55355E+02
 -1       641 6.84645E+02 1.08000E+03 8.68492E+02
 -1       642 8.68492E+02 1.08000E+03 6.84645E+02
 -1       665 5.07868E+02 1.12243E+03 7.60000E+02
 -1       666 7.62426E+02 8.67868E+02 7.60000E+02
 -1       667 9.32132E+02 1.03757E+03 7.60000E+02
 -1       668 6.77574E+02 1.29213E+03 7.60000E+02
 -1       673 7.55355E+02 1.08000E+03 6.11508E+02
 -1       674 5.71508E+02 1.08000E+03 7.95355E+02
 -1       675 6.84645E+02 1.08000E+03 9.08492E+02
 -1       676 8.68492E+02 1.08000E+03 7.24645E+02
 -1       699 5.07868E+02 1.12243E+03 1.50000E+03
 -1       700 7.62426E+02 8.67868E+02 1.50000E+03
 -1       701 9.32132E+02 1.03757E+03 1.50000E+03
 -1       702 6.77574E+02 1.29213E+03 1.50000E+03
 -1       707 7.55355E+02 1.08000E+03 1.35151E+03
 -1       708 5.71508E+02 1.08000E+03 1.53536E+03
 -1       709 6.84645E+02 1.08000E+03 1.64849E+03
 -1       710 8.68492E+02 1.08000E+03 1.46464E+03
 -1       733 5.07868E+02 1.12243E+03 2.85000E+03
 -1       734 7.62426E+02 8.67868E+02 2.85000E+03
 -1       735 9.32132E+02 1.03757E+03 2.85000E+03
 -1       736 6.77574E+02 1.29213E+03 2.85000E+03
 -1       741 7.55355E+02 1.08000E+03 2.70151E+03
 -1       742 5.71508E+02 1.08000E+03 2.88536E+03
 -1       743 6.84645E+02 1.08000E+03 2.99849E+03
 -1       744 8.68492E+02 1.08000E+03 2.81464E+03
 -1       767 7.55355E+02-7.60000E+02 5.71508E+02
 -1       768 5.71508E+02-7.60000E+02 7.55355E+02
 -1       769 6.84645E+02-7.60000E+02 8.68492E+02
 -1       770 8.68492E+02-7.60000E+02 6.84645E+02
 -1       775 7.55355E+02 0.00000E+00 5.71508E+02
 -1       776 5.71508E+02 0.00000E+00 7.55355E+02
 -1       777 6.84645E+02 0.00000E+00 8.68492E+02
 -1       778 8.68492E+02 0.00000E+00 6.84645E+02
 -1       783 7.55355E+02 7.60000E+02 5.71508E+02
 -1       784 5.71508E+02 7.60000E+02 7.55355E+02
 -1       785 6.84645E+02 7.60000E+02 8.68492E+02
 -1       786 8.68492E+02 7.60000E+02 6.84645E+02
 -1       791 7.55355E+02-7.60000E+02 6.11508E+02
 -1       792 5.71508E+02-7.60000E+02 7.95355E+02
 -1       793 6.84645E+02-7.60000E+02 9.08492E+02
 -1       794 8.68492E+02-7.60000E+02 7.24645E+02
 -1       799 7.20000E+02-9.29706E+02 7.60000E+02
 -1       800 7.20000E+02-7.60000E+02 5.90294E+02
 -1       801 7.20000E+02-5.90294E+02 7.60000E+02
 -1       802 7.20000E+02-7.60000E+02 9.29706E+02
 -1       825 7.55355E+02 0.00000E+00 6.11508E+02
 -1       826 5.71508E+02 0.00000E+00 7.95355E+02
 -1       827 6.84645E+02 0.00000E+00 9.08492E+02
 -1       828 8.68492E+02 0.00000E+00 7.24645E+02
 -1       833 7.20000E+02-1.69706E+02 7.60000E+02
 -1       834 7.20000E+02 0.00000E+00 5.90294E+02
 -1       835 7.20000E+02 1.69706E+02 7.60000E+02
 -1       836 7.20000E+02 0.00000E+00 9.29706E+02
 -1       859 7.55355E+02 7.60000E+02 6.11508E+02
 -1       860 5.71508E+02 7.60000E+02 7.95355E+02
 -1       861 6.84645E+02 7.60000E+02 9.08492E+02
 -1       862 8.68492E+02 7.60000E+02 7.24645E+02
 -1       867 7.20000E+02 5.90294E+02 7.60000E+02
 -1       868 7.20000E+02 7.60000E+02 5.90294E+02
 -1       869 7.20000E+02 9.29706E+02 7.60000E+02
 -1       870 7.20000E+02 7.60000E+02 9.29706E+02
 -1       893 7.55355E+02-7.60000E+02 1.35151E+03
 -1       894 5.71508E+02-7.60000E+02 1.53536E+03
 -1       895 6.84645E+02-7.60000E+02 1.64849E+03
 -1       896 8.68492E+02-7.60000E+02 1.46464E+03
 -1       901 7.55355E+02 0.00000E+00 1.35151E+03
 -1       902 5.71508E+02 0.00000E+00 1.53536E+03
 -1       903 6.84645E+02 0.00000E+00 1.64849E+03
 -1       904 8.68492E+02 0.00000E+00 1.46464E+03
 -1       909 7.55355E+02 7.60000E+02 1.35151E+03
 -1       910 5.71508E+02 7.60000E+02 1.53536E+03
 -1       911 6.84645E+02 7.60000E+02 1.64849E+03
 -1       912 8.68492E+02 7.60000E+02 1.46464E+03
 -1       917 7.55355E+02-7.60000E+02 2.70151E+03
 -1       918 5.71508E+02-7.60000E+02 2.88536E+03
 -1       919 6.84645E+02-7.60000E+02 2.99849E+03
 -1       920 8.68492E+02-7.60000E+02 2.81464E+03
 -1       925 7.55355E+02 0.00000E+00 2.70151E+03
 -1       926 5.71508E+02 0.00000E+00 2.88536E+03
 -1       927 6.84645E+02 0.00000E+00 2.99849E+03
 -1       928 8.68492E+02 0.00000E+00 2.81464E+03
 -1       933 7.55355E+02 7.60000E+02 2.70151E+03
 -1       934 5.71508E+02 7.60000E+02 2.88536E+03
 -1       935 6.84645E+02 7.60000E+02 2.99849E+03
 -1       936 8.68492E+02 7.60000E+02 2.81464E+03
 -1       941-7.20000E+02-7.81630E+02 7.55355E+02
 -1       942-7.20000E+02-4.84645E+02 4.58370E+02
 -1       943-7.20000E+02-2.58370E+02 6.84645E+02
 -1       944-7.20000E+02-5.55355E+02 9.81630E+02
 -1       949 7.20000E+02-7.81630E+02 7.55355E+02
 -1       950 7.20000E+02-4.84645E+02 4.58370E+02
 -1       951 7.20000E+02-2.58370E+02 6.84645E+02
 -1       952 7.20000E+02-5.55355E+02 9.81630E+02
 -1       957-7.20000E+02-6.54350E+02 2.87121E+03
 -1       958-7.20000E+02-4.98787E+02 2.71565E+03
 -1       959-7.20000E+02-3.85650E+02 2.82879E+03
 -1       960-7.20000E+02-5.41213E+02 2.98435E+03
 -1       965 7.20000E+02-6.54350E+02 2.87121E+03
 -1       966 7.20000E+02-4.98787E+02 2.71565E+03
 -1       967 7.20000E+02-3.85650E+02 2.82879E+03
 -1       968 7.20000E+02-5.41213E+02 2.98435E+03
 -1       973-7.20000E+02 2.58370E+02 7.55355E+02
 -1       974-7.20000E+02 5.55355E+02 4.58370E+02
 -1       975-7.20000E+02 7.81630E+02 6.84645E+02
 -1       976-7.20000E+02 4.84645E+02 9.81630E+02
 -1       981 7.20000E+02 2.58370E+02 7.55355E+02
 -1       982 7.20000E+02 5.55355E+02 4.58370E+02
 -1       983 7.20000E+02 7.81630E+02 6.84645E+02
 -1       984 7.20000E+02 4.84645E+02 9.81630E+02
 -1       989-7.20000E+02 3.85650E+02 2.87121E+03
 -1       990-7.20000E+02 5.41213E+02 2.71565E+03
 -1       991-7.20000E+02 6.54350E+02 2.82879E+03
 -1       992-7.20000E+02 4.98787E+02 2.98435E+03
 -1       997 7.20000E+02 3.85650E+02 2.87121E+03
 -1       998 7.20000E+02 5.41213E+02 2.71565E+03
 -1       999 7.20000E+02 6.54350E+02 2.82879E+03
 -1      1000 7.20000E+02 4.98787E+02 2.98435E+03
 -3
    3C                            51                                     1
 -1         1    1    0    1
 -2        49        83        84        50        52        86        85        51
 -1         2    1    0    1
 -2        83       117       118        84        86       120       119        85
 -1         3    1    0    1
 -2       117       151       152       118       120       154       153       119
 -1         4    1    0    1
 -2       185       219       220       186       188       222       221       187
 -1         5    1    0    1
 -2       219       253       254       220       222       256       255       221
 -1         6    1    0    1
 -2       253       287       288       254       256       290       289       255
 -1         7    1    0    1
 -2        57       321       322        58        60       324       323        59
 -1         8    1    0    1
 -2       321       329       330       322       324       332       331       323
 -1         9    1    0    1
 -2       329       337       338       330       332       340       339       331
 -1        10    1    0    1
 -2       337       193       194       338       340       196       195       339
 -1        11    1    0    1
 -2        91       345       346        92        94       348       347        93
 -1        12    1    0    1
 -2       345       379       380       346       348       382       381       347
 -1        13    1    0    1
 -2       379       413       414       380       382       416       415       381
 -1        14    1    0    1
 -2       413       227       228       414       416       230       229       415
 -1        15    1    0    1
 -2       125       447       448       126       128       450       449       127
 -1        16    1    0    1
 -2       447       455       456       448       450       458       457       449
 -1        17    1    0    1
 -2       455       463       464       456       458       466       465       457
 -1        18    1    0    1
 -2       463       261       262       464       466       264       263       465
 -1        19    1    0    1
 -2       159       471       472       160       162       474       473       161
 -1        20    1    0    1
 -2       471       479       480       472       474       482       481       473
 -1        21    1    0    1
 -2       479       487       488       480       482       490       489       481
 -1        22    1    0    1
 -2       487       295       296       488       490       298       297       489
 -1        23    1    0    1
 -2       495       529       530       496       498       532       531       497
 -1        24    1    0    1
 -2       529       563       564       530       532       566       565       531
 -1        25    1    0    1
 -2       563       597       598       564       566       600       599       565
 -1        26    1    0    1
 -2       631       665       666       632       634       668       667       633
 -1        27    1    0    1
 -2       665       699       700       666       668       702       701       667
 -1        28    1    0    1
 -2       699       733       734       700       702       736       735       701
 -1        29    1    0    1
 -2       503       767       768       504       506       770       769       505
 -1        30    1    0    1
 -2       767       775       776       768       770       778       777       769
 -1        31    1    0    1
 -2       775       783       784       776       778       786       785       777
 -1        32    1    0    1
 -2       783       639       640       784       786       642       641       785
 -1        33    1    0    1
 -2       537       791       792       538       540       794       793       539
 -1        34    1    0    1
 -2       791       825       826       792       794       828       827       793
 -1        35    1    0    1
 -2       825       859       860       826       828       862       861       827
 -1        36    1    0    1
 -2       859       673       674       860       862       676       675       861
 -1        37    1    0    1
 -2       571       893       894       572       574       896       895       573
 -1        38    1    0    1
 -2       893       901       902       894       896       904       903       895
 -1        39    1    0    1
 -2       901       909       910       902       904       912       911       903
 -1        40    1    0    1
 -2       909       707       708       910       912       710       709       911
 -1        41    1    0    1
 -2       605       917       918       606       608       920       919       607
 -1        42    1    0    1
 -2       917       925       926       918       920       928       927       919
 -1        43    1    0    1
 -2       925       933       934       926       928       936       935       927
 -1        44    1    0    1
 -2       933       741       742       934       936       744       743       935
 -1        45    1    0    1
 -2       353       799       800       354       356       802       801       355
 -1        46    1    0    1
 -2       387       833       834       388       390       836       835       389
 -1        47    1    0    1
 -2       421       867       868       422       424       870       869       423
 -1        48    1    0    1
 -2       941       949       950       942       944       952       951       943
 -1        49    1    0    1
 -2       957       965       966       958       960       968       967       959
 -1        50    1    0    1
 -2       973       981       982       974       976       984       983       975
 -1        51    1    0    1
 -2       989       997       998       990       992      1000       999       991
 -3
 9999
