    1C
    1UBogie frame brake/traction longitudinal load screen
    1UUSER
    1UDATE              16.august.2026
    1UTIME              22:27:29
    1UHOST
    1UPGM               CalculiX
    1UVERSION           Version 2.23
    1UCOMPILETIME       Sun Oct 19 18:23:34 CEST 2025
    1UDIR
    1UDBN
    1UMAT    1S355
    2C                           132                                     1
 -1        30-1.75000E+03-9.60000E+02 7.00000E+02
 -1        31-1.75000E+03-1.24000E+03 7.00000E+02
 -1        32-1.75000E+03-1.24000E+03 5.40000E+02
 -1        33-1.75000E+03-9.60000E+02 5.40000E+02
 -1        38-1.05000E+03-9.60000E+02 7.00000E+02
 -1        39-1.05000E+03-1.24000E+03 7.00000E+02
 -1        40-1.05000E+03-1.24000E+03 5.40000E+02
 -1        41-1.05000E+03-9.60000E+02 5.40000E+02
 -1        46 0.00000E+00-9.60000E+02 7.00000E+02
 -1        47 0.00000E+00-1.24000E+03 7.00000E+02
 -1        48 0.00000E+00-1.24000E+03 5.40000E+02
 -1        49 0.00000E+00-9.60000E+02 5.40000E+02
 -1        54-1.10000E+02-1.10000E+03 7.10000E+02
 -1        55 1.10000E+02-1.10000E+03 7.10000E+02
 -1        56 1.10000E+02-1.10000E+03 5.30000E+02
 -1        57-1.10000E+02-1.10000E+03 5.30000E+02
 -1        80 1.05000E+03-9.60000E+02 7.00000E+02
 -1        81 1.05000E+03-1.24000E+03 7.00000E+02
 -1        82 1.05000E+03-1.24000E+03 5.40000E+02
 -1        83 1.05000E+03-9.60000E+02 5.40000E+02
 -1        88 1.75000E+03-9.60000E+02 7.00000E+02
 -1        89 1.75000E+03-1.24000E+03 7.00000E+02
 -1        90 1.75000E+03-1.24000E+03 5.40000E+02
 -1        91 1.75000E+03-9.60000E+02 5.40000E+02
 -1        96-1.75000E+03 1.24000E+03 7.00000E+02
 -1        97-1.75000E+03 9.60000E+02 7.00000E+02
 -1        98-1.75000E+03 9.60000E+02 5.40000E+02
 -1        99-1.75000E+03 1.24000E+03 5.40000E+02
 -1       104-1.05000E+03 1.24000E+03 7.00000E+02
 -1       105-1.05000E+03 9.60000E+02 7.00000E+02
 -1       106-1.05000E+03 9.60000E+02 5.40000E+02
 -1       107-1.05000E+03 1.24000E+03 5.40000E+02
 -1       112 0.00000E+00 1.24000E+03 7.00000E+02
 -1       113 0.00000E+00 9.60000E+02 7.00000E+02
 -1       114 0.00000E+00 9.60000E+02 5.40000E+02
 -1       115 0.00000E+00 1.24000E+03 5.40000E+02
 -1       120-1.10000E+02 1.10000E+03 7.10000E+02
 -1       121 1.10000E+02 1.10000E+03 7.10000E+02
 -1       122 1.10000E+02 1.10000E+03 5.30000E+02
 -1       123-1.10000E+02 1.10000E+03 5.30000E+02
 -1       146 1.05000E+03 1.24000E+03 7.00000E+02
 -1       147 1.05000E+03 9.60000E+02 7.00000E+02
 -1       148 1.05000E+03 9.60000E+02 5.40000E+02
 -1       149 1.05000E+03 1.24000E+03 5.40000E+02
 -1       154 1.75000E+03 1.24000E+03 7.00000E+02
 -1       155 1.75000E+03 9.60000E+02 7.00000E+02
 -1       156 1.75000E+03 9.60000E+02 5.40000E+02
 -1       157 1.75000E+03 1.24000E+03 5.40000E+02
 -1       162-1.61000E+03-1.10000E+03 7.10000E+02
 -1       163-1.39000E+03-1.10000E+03 7.10000E+02
 -1       164-1.39000E+03-1.10000E+03 5.30000E+02
 -1       165-1.61000E+03-1.10000E+03 5.30000E+02
 -1       170-1.61000E+03-7.50000E+02 7.10000E+02
 -1       171-1.39000E+03-7.50000E+02 7.10000E+02
 -1       172-1.39000E+03-7.50000E+02 5.30000E+02
 -1       173-1.61000E+03-7.50000E+02 5.30000E+02
 -1       178-1.61000E+03 0.00000E+00 7.10000E+02
 -1       179-1.39000E+03 0.00000E+00 7.10000E+02
 -1       180-1.39000E+03 0.00000E+00 5.30000E+02
 -1       181-1.61000E+03 0.00000E+00 5.30000E+02
 -1       186-1.61000E+03 7.50000E+02 7.10000E+02
 -1       187-1.39000E+03 7.50000E+02 7.10000E+02
 -1       188-1.39000E+03 7.50000E+02 5.30000E+02
 -1       189-1.61000E+03 7.50000E+02 5.30000E+02
 -1       194-1.61000E+03 1.10000E+03 7.10000E+02
 -1       195-1.39000E+03 1.10000E+03 7.10000E+02
 -1       196-1.39000E+03 1.10000E+03 5.30000E+02
 -1       197-1.61000E+03 1.10000E+03 5.30000E+02
 -1       202-1.10000E+02-7.50000E+02 7.10000E+02
 -1       203 1.10000E+02-7.50000E+02 7.10000E+02
 -1       204 1.10000E+02-7.50000E+02 5.30000E+02
 -1       205-1.10000E+02-7.50000E+02 5.30000E+02
 -1       210-4.50000E+01-6.95000E+02 6.20000E+02
 -1       211-4.50000E+01-8.05000E+02 6.20000E+02
 -1       212 4.50000E+01-8.05000E+02 6.20000E+02
 -1       213 4.50000E+01-6.95000E+02 6.20000E+02
 -1       236-1.10000E+02 0.00000E+00 7.10000E+02
 -1       237 1.10000E+02 0.00000E+00 7.10000E+02
 -1       238 1.10000E+02 0.00000E+00 5.30000E+02
 -1       239-1.10000E+02 0.00000E+00 5.30000E+02
 -1       244-1.10000E+02 7.50000E+02 7.10000E+02
 -1       245 1.10000E+02 7.50000E+02 7.10000E+02
 -1       246 1.10000E+02 7.50000E+02 5.30000E+02
 -1       247-1.10000E+02 7.50000E+02 5.30000E+02
 -1       252-4.50000E+01 8.05000E+02 6.20000E+02
 -1       253-4.50000E+01 6.95000E+02 6.20000E+02
 -1       254 4.50000E+01 6.95000E+02 6.20000E+02
 -1       255 4.50000E+01 8.05000E+02 6.20000E+02
 -1       278 1.39000E+03-1.10000E+03 7.10000E+02
 -1       279 1.61000E+03-1.10000E+03 7.10000E+02
 -1       280 1.61000E+03-1.10000E+03 5.30000E+02
 -1       281 1.39000E+03-1.10000E+03 5.30000E+02
 -1       286 1.39000E+03-7.50000E+02 7.10000E+02
 -1       287 1.61000E+03-7.50000E+02 7.10000E+02
 -1       288 1.61000E+03-7.50000E+02 5.30000E+02
 -1       289 1.39000E+03-7.50000E+02 5.30000E+02
 -1       294 1.39000E+03 0.00000E+00 7.10000E+02
 -1       295 1.61000E+03 0.00000E+00 7.10000E+02
 -1       296 1.61000E+03 0.00000E+00 5.30000E+02
 -1       297 1.39000E+03 0.00000E+00 5.30000E+02
 -1       302 1.39000E+03 7.50000E+02 7.10000E+02
 -1       303 1.61000E+03 7.50000E+02 7.10000E+02
 -1       304 1.61000E+03 7.50000E+02 5.30000E+02
 -1       305 1.39000E+03 7.50000E+02 5.30000E+02
 -1       310 1.39000E+03 1.10000E+03 7.10000E+02
 -1       311 1.61000E+03 1.10000E+03 7.10000E+02
 -1       312 1.61000E+03 1.10000E+03 5.30000E+02
 -1       313 1.39000E+03 1.10000E+03 5.30000E+02
 -1       318-3.60000E+02-6.20000E+02 8.50000E+02
 -1       319-3.60000E+02-8.80000E+02 8.50000E+02
 -1       320-3.60000E+02-8.80000E+02 6.30000E+02
 -1       321-3.60000E+02-6.20000E+02 6.30000E+02
 -1       326 3.60000E+02-6.20000E+02 8.50000E+02
 -1       327 3.60000E+02-8.80000E+02 8.50000E+02
 -1       328 3.60000E+02-8.80000E+02 6.30000E+02
 -1       329 3.60000E+02-6.20000E+02 6.30000E+02
 -1       334-4.50000E+01-6.95000E+02 7.40000E+02
 -1       335-4.50000E+01-8.05000E+02 7.40000E+02
 -1       336 4.50000E+01-8.05000E+02 7.40000E+02
 -1       337 4.50000E+01-6.95000E+02 7.40000E+02
 -1       342-3.60000E+02 8.80000E+02 8.50000E+02
 -1       343-3.60000E+02 6.20000E+02 8.50000E+02
 -1       344-3.60000E+02 6.20000E+02 6.30000E+02
 -1       345-3.60000E+02 8.80000E+02 6.30000E+02
 -1       350 3.60000E+02 8.80000E+02 8.50000E+02
 -1       351 3.60000E+02 6.20000E+02 8.50000E+02
 -1       352 3.60000E+02 6.20000E+02 6.30000E+02
 -1       353 3.60000E+02 8.80000E+02 6.30000E+02
 -1       358-4.50000E+01 8.05000E+02 7.40000E+02
 -1       359-4.50000E+01 6.95000E+02 7.40000E+02
 -1       360 4.50000E+01 6.95000E+02 7.40000E+02
 -1       361 4.50000E+01 8.05000E+02 7.40000E+02
 -3
    3C                            24                                     1
 -1         1    1    0    1
 -2        30        38        39        31        33        41        40        32
 -1         2    1    0    1
 -2        38        46        47        39        41        49        48        40
 -1         3    1    0    1
 -2        46        80        81        47        49        83        82        48
 -1         4    1    0    1
 -2        80        88        89        81        83        91        90        82
 -1         5    1    0    1
 -2        96       104       105        97        99       107       106        98
 -1         6    1    0    1
 -2       104       112       113       105       107       115       114       106
 -1         7    1    0    1
 -2       112       146       147       113       115       149       148       114
 -1         8    1    0    1
 -2       146       154       155       147       149       157       156       148
 -1         9    1    0    1
 -2       162       170       171       163       165       173       172       164
 -1        10    1    0    1
 -2       170       178       179       171       173       181       180       172
 -1        11    1    0    1
 -2       178       186       187       179       181       189       188       180
 -1        12    1    0    1
 -2       186       194       195       187       189       197       196       188
 -1        13    1    0    1
 -2        54       202       203        55        57       205       204        56
 -1        14    1    0    1
 -2       202       236       237       203       205       239       238       204
 -1        15    1    0    1
 -2       236       244       245       237       239       247       246       238
 -1        16    1    0    1
 -2       244       120       121       245       247       123       122       246
 -1        17    1    0    1
 -2       278       286       287       279       281       289       288       280
 -1        18    1    0    1
 -2       286       294       295       287       289       297       296       288
 -1        19    1    0    1
 -2       294       302       303       295       297       305       304       296
 -1        20    1    0    1
 -2       302       310       311       303       305       313       312       304
 -1        21    1    0    1
 -2       318       326       327       319       321       329       328       320
 -1        22    1    0    1
 -2       210       334       335       211       213       337       336       212
 -1        23    1    0    1
 -2       342       350       351       343       345       353       352       344
 -1        24    1    0    1
 -2       252       358       359       253       255       361       360       254
 -3
 9999
