INFO: Open of `basra.gpkg'
      using driver `GPKG' successful.
1: corridors (Line String)
2: stations (Point)
3: interchanges (Point)
4: civil_segments (Line String)
5: energy_sites (Point)
6: depots (Point)
QGIS 4.2.1-Belém do Pará 'Belém do Pará' (exported)
QGIS code branchRelease 4.2
Qt version 6.10.3
Python version 3.13.14
GDAL/OGR version 3.13.2
PROJ version 9.8.1
EPSG Registry database version v12.029 (2025-10-02)
GEOS version 3.14.1-CAPI-1.20.5
No support for SFCGAL
No support for GeographicLib
SQLite version 3.50.4
OS KDE Flatpak runtime
