Warning: Found angle of 180.00 degrees at edge 'l00_line-1_f013', segment 25.
Warning: Found angle of 180.00 degrees at edge 'l00_line-1_r013', segment 22.
Warning: Found angle of 108.37 degrees at edge 'l01_line-2_f004', segment 4.
Warning: Found angle of 108.35 degrees at edge 'l01_line-2_f007', segment 73.
Warning: Found angle of 108.37 degrees at edge 'l01_line-2_r004', segment 32.
Warning: Speed of turning connection 'l06_line-7_f026_0->l06_line-7_f000_0' reduced by 23.62 due to turning radius of 3.49 (length=2.58, angle=90.00).
Warning: 14 total messages of type: Found angle of % degrees at edge '%', segment %.
Success.
Loading net-file from 'city.net.xml' ... done (86ms).
Loading route-files incrementally from 'city.rou.xml'
Loading done.
Simulation version 1.27.1 started with time: 0.00.
Simulation ended at time: 22205.00.
Reason: The final simulation step has been reached.
Performance:
 Duration: 1.50s
 Real time factor: 14823.1
 UPS: 51357.810414
Vehicles:
 Inserted: 28
 Running: 0
 Waiting: 0
Statistics (avg of 28):
 RouteLength: 43470.31
 Speed: 15.70
 Duration: 2747.64
 WaitingTime: 0.00
 TimeLoss: 17.00
 DepartDelay: 0.00
