Warning: Found angle of 112.89 degrees at edge 'l01_line-2_f008', segment 15.
Warning: Found angle of 112.89 degrees at edge 'l01_line-2_r008', segment 1.
Warning: Found angle of 180.00 degrees at edge 'l02_line-3_f009', segment 29.
Warning: Found angle of 180.00 degrees at edge 'l02_line-3_r009', segment 16.
Warning: Found angle of 161.59 degrees at edge 'l04_line-5_f009', segment 30.
Warning: 6 total messages of type: Found angle of % degrees at edge '%', segment %.
Success.
Loading net-file from 'city.net.xml' ... done (66ms).
Loading route-files incrementally from 'city.rou.xml'
Loading done.
Simulation version 1.27.1 started with time: 0.00.
Simulation ended at time: 16389.00.
Reason: The final simulation step has been reached.
Performance:
 Duration: 1.12s
 Real time factor: 14685.5
 UPS: 49209.677419
Vehicles:
 Inserted: 24
 Running: 0
 Waiting: 0
Statistics (avg of 24):
 RouteLength: 34112.72
 Speed: 14.86
 Duration: 2288.25
 WaitingTime: 0.00
 TimeLoss: 15.13
 DepartDelay: 0.00
