    1C
    1UOSR controlled member screening; mm N MPa                         
    1UUSER                                                              
    1UDATE              18.september.2026                               
    1UTIME              20:08:28                                        
    1UHOST                                                              
    1UPGM               CalculiX                                        
    1UVERSION           Version 2.23                             
    1UCOMPILETIME       Sun Oct 19 18:23:34 CEST 2025                    
    1UDIR                                                               
    1UDBN                                                               
    1UMAT    1STEEL                                                     
    2C                           392                                     1
 -1        66 0.00000E+00-9.00000E+01 1.36800E+02
 -1        67 0.00000E+00-9.00000E+01-1.36800E+02
 -1        68 0.00000E+00 9.00000E+01-1.36800E+02
 -1        69 0.00000E+00 9.00000E+01 1.36800E+02
 -1        70 0.00000E+00-9.00000E+01 0.00000E+00
 -1        71 0.00000E+00 0.00000E+00-1.36800E+02
 -1        72 0.00000E+00 9.00000E+01 0.00000E+00
 -1        73 0.00000E+00 0.00000E+00 1.36800E+02
 -1        74 4.14062E+01-9.00000E+01 1.36800E+02
 -1        75 4.14062E+01-9.00000E+01-1.36800E+02
 -1        76 4.14062E+01 9.00000E+01-1.36800E+02
 -1        77 4.14062E+01 9.00000E+01 1.36800E+02
 -1        82 8.28125E+01-9.00000E+01 1.36800E+02
 -1        83 8.28125E+01-9.00000E+01-1.36800E+02
 -1        84 8.28125E+01 9.00000E+01-1.36800E+02
 -1        85 8.28125E+01 9.00000E+01 1.36800E+02
 -1        86 8.28125E+01-9.00000E+01 0.00000E+00
 -1        87 8.28125E+01 0.00000E+00-1.36800E+02
 -1        88 8.28125E+01 9.00000E+01 0.00000E+00
 -1        89 8.28125E+01 0.00000E+00 1.36800E+02
 -1        90 1.24219E+02-9.00000E+01 1.36800E+02
 -1        91 1.24219E+02-9.00000E+01-1.36800E+02
 -1        92 1.24219E+02 9.00000E+01-1.36800E+02
 -1        93 1.24219E+02 9.00000E+01 1.36800E+02
 -1        98 1.65625E+02-9.00000E+01 1.36800E+02
 -1        99 1.65625E+02-9.00000E+01-1.36800E+02
 -1       100 1.65625E+02 9.00000E+01-1.36800E+02
 -1       101 1.65625E+02 9.00000E+01 1.36800E+02
 -1       102 1.65625E+02-9.00000E+01 0.00000E+00
 -1       103 1.65625E+02 0.00000E+00-1.36800E+02
 -1       104 1.65625E+02 9.00000E+01 0.00000E+00
 -1       105 1.65625E+02 0.00000E+00 1.36800E+02
 -1       106 2.07031E+02-9.00000E+01 1.36800E+02
 -1       107 2.07031E+02-9.00000E+01-1.36800E+02
 -1       108 2.07031E+02 9.00000E+01-1.36800E+02
 -1       109 2.07031E+02 9.00000E+01 1.36800E+02
 -1       114 2.48438E+02-9.00000E+01 1.36800E+02
 -1       115 2.48438E+02-9.00000E+01-1.36800E+02
 -1       116 2.48438E+02 9.00000E+01-1.36800E+02
 -1       117 2.48438E+02 9.00000E+01 1.36800E+02
 -1       118 2.48438E+02-9.00000E+01 0.00000E+00
 -1       119 2.48438E+02 0.00000E+00-1.36800E+02
 -1       120 2.48438E+02 9.00000E+01 0.00000E+00
 -1       121 2.48438E+02 0.00000E+00 1.36800E+02
 -1       122 2.89844E+02-9.00000E+01 1.36800E+02
 -1       123 2.89844E+02-9.00000E+01-1.36800E+02
 -1       124 2.89844E+02 9.00000E+01-1.36800E+02
 -1       125 2.89844E+02 9.00000E+01 1.36800E+02
 -1       130 3.31250E+02-9.00000E+01 1.36800E+02
 -1       131 3.31250E+02-9.00000E+01-1.36800E+02
 -1       132 3.31250E+02 9.00000E+01-1.36800E+02
 -1       133 3.31250E+02 9.00000E+01 1.36800E+02
 -1       134 3.31250E+02-9.00000E+01 0.00000E+00
 -1       135 3.31250E+02 0.00000E+00-1.36800E+02
 -1       136 3.31250E+02 9.00000E+01 0.00000E+00
 -1       137 3.31250E+02 0.00000E+00 1.36800E+02
 -1       138 3.72656E+02-9.00000E+01 1.36800E+02
 -1       139 3.72656E+02-9.00000E+01-1.36800E+02
 -1       140 3.72656E+02 9.00000E+01-1.36800E+02
 -1       141 3.72656E+02 9.00000E+01 1.36800E+02
 -1       146 4.14062E+02-9.00000E+01 1.36800E+02
 -1       147 4.14062E+02-9.00000E+01-1.36800E+02
 -1       148 4.14062E+02 9.00000E+01-1.36800E+02
 -1       149 4.14062E+02 9.00000E+01 1.36800E+02
 -1       150 4.14062E+02-9.00000E+01 0.00000E+00
 -1       151 4.14062E+02 0.00000E+00-1.36800E+02
 -1       152 4.14062E+02 9.00000E+01 0.00000E+00
 -1       153 4.14062E+02 0.00000E+00 1.36800E+02
 -1       154 4.55469E+02-9.00000E+01 1.36800E+02
 -1       155 4.55469E+02-9.00000E+01-1.36800E+02
 -1       156 4.55469E+02 9.00000E+01-1.36800E+02
 -1       157 4.55469E+02 9.00000E+01 1.36800E+02
 -1       162 4.96875E+02-9.00000E+01 1.36800E+02
 -1       163 4.96875E+02-9.00000E+01-1.36800E+02
 -1       164 4.96875E+02 9.00000E+01-1.36800E+02
 -1       165 4.96875E+02 9.00000E+01 1.36800E+02
 -1       166 4.96875E+02-9.00000E+01 0.00000E+00
 -1       167 4.96875E+02 0.00000E+00-1.36800E+02
 -1       168 4.96875E+02 9.00000E+01 0.00000E+00
 -1       169 4.96875E+02 0.00000E+00 1.36800E+02
 -1       170 5.38281E+02-9.00000E+01 1.36800E+02
 -1       171 5.38281E+02-9.00000E+01-1.36800E+02
 -1       172 5.38281E+02 9.00000E+01-1.36800E+02
 -1       173 5.38281E+02 9.00000E+01 1.36800E+02
 -1       178 5.79688E+02-9.00000E+01 1.36800E+02
 -1       179 5.79688E+02-9.00000E+01-1.36800E+02
 -1       180 5.79688E+02 9.00000E+01-1.36800E+02
 -1       181 5.79688E+02 9.00000E+01 1.36800E+02
 -1       182 5.79688E+02-9.00000E+01 0.00000E+00
 -1       183 5.79688E+02 0.00000E+00-1.36800E+02
 -1       184 5.79688E+02 9.00000E+01 0.00000E+00
 -1       185 5.79688E+02 0.00000E+00 1.36800E+02
 -1       186 6.21094E+02-9.00000E+01 1.36800E+02
 -1       187 6.21094E+02-9.00000E+01-1.36800E+02
 -1       188 6.21094E+02 9.00000E+01-1.36800E+02
 -1       189 6.21094E+02 9.00000E+01 1.36800E+02
 -1       194 6.62500E+02-9.00000E+01 1.36800E+02
 -1       195 6.62500E+02-9.00000E+01-1.36800E+02
 -1       196 6.62500E+02 9.00000E+01-1.36800E+02
 -1       197 6.62500E+02 9.00000E+01 1.36800E+02
 -1       198 6.62500E+02-9.00000E+01 0.00000E+00
 -1       199 6.62500E+02 0.00000E+00-1.36800E+02
 -1       200 6.62500E+02 9.00000E+01 0.00000E+00
 -1       201 6.62500E+02 0.00000E+00 1.36800E+02
 -1       202 7.03906E+02-9.00000E+01 1.36800E+02
 -1       203 7.03906E+02-9.00000E+01-1.36800E+02
 -1       204 7.03906E+02 9.00000E+01-1.36800E+02
 -1       205 7.03906E+02 9.00000E+01 1.36800E+02
 -1       210 7.45312E+02-9.00000E+01 1.36800E+02
 -1       211 7.45312E+02-9.00000E+01-1.36800E+02
 -1       212 7.45312E+02 9.00000E+01-1.36800E+02
 -1       213 7.45312E+02 9.00000E+01 1.36800E+02
 -1       214 7.45312E+02-9.00000E+01 0.00000E+00
 -1       215 7.45312E+02 0.00000E+00-1.36800E+02
 -1       216 7.45312E+02 9.00000E+01 0.00000E+00
 -1       217 7.45312E+02 0.00000E+00 1.36800E+02
 -1       218 7.86719E+02-9.00000E+01 1.36800E+02
 -1       219 7.86719E+02-9.00000E+01-1.36800E+02
 -1       220 7.86719E+02 9.00000E+01-1.36800E+02
 -1       221 7.86719E+02 9.00000E+01 1.36800E+02
 -1       226 8.28125E+02-9.00000E+01 1.36800E+02
 -1       227 8.28125E+02-9.00000E+01-1.36800E+02
 -1       228 8.28125E+02 9.00000E+01-1.36800E+02
 -1       229 8.28125E+02 9.00000E+01 1.36800E+02
 -1       230 8.28125E+02-9.00000E+01 0.00000E+00
 -1       231 8.28125E+02 0.00000E+00-1.36800E+02
 -1       232 8.28125E+02 9.00000E+01 0.00000E+00
 -1       233 8.28125E+02 0.00000E+00 1.36800E+02
 -1       234 8.69531E+02-9.00000E+01 1.36800E+02
 -1       235 8.69531E+02-9.00000E+01-1.36800E+02
 -1       236 8.69531E+02 9.00000E+01-1.36800E+02
 -1       237 8.69531E+02 9.00000E+01 1.36800E+02
 -1       242 9.10938E+02-9.00000E+01 1.36800E+02
 -1       243 9.10938E+02-9.00000E+01-1.36800E+02
 -1       244 9.10938E+02 9.00000E+01-1.36800E+02
 -1       245 9.10938E+02 9.00000E+01 1.36800E+02
 -1       246 9.10938E+02-9.00000E+01 0.00000E+00
 -1       247 9.10938E+02 0.00000E+00-1.36800E+02
 -1       248 9.10938E+02 9.00000E+01 0.00000E+00
 -1       249 9.10938E+02 0.00000E+00 1.36800E+02
 -1       250 9.52344E+02-9.00000E+01 1.36800E+02
 -1       251 9.52344E+02-9.00000E+01-1.36800E+02
 -1       252 9.52344E+02 9.00000E+01-1.36800E+02
 -1       253 9.52344E+02 9.00000E+01 1.36800E+02
 -1       258 9.93750E+02-9.00000E+01 1.36800E+02
 -1       259 9.93750E+02-9.00000E+01-1.36800E+02
 -1       260 9.93750E+02 9.00000E+01-1.36800E+02
 -1       261 9.93750E+02 9.00000E+01 1.36800E+02
 -1       262 9.93750E+02-9.00000E+01 0.00000E+00
 -1       263 9.93750E+02 0.00000E+00-1.36800E+02
 -1       264 9.93750E+02 9.00000E+01 0.00000E+00
 -1       265 9.93750E+02 0.00000E+00 1.36800E+02
 -1       266 1.03516E+03-9.00000E+01 1.36800E+02
 -1       267 1.03516E+03-9.00000E+01-1.36800E+02
 -1       268 1.03516E+03 9.00000E+01-1.36800E+02
 -1       269 1.03516E+03 9.00000E+01 1.36800E+02
 -1       274 1.07656E+03-9.00000E+01 1.36800E+02
 -1       275 1.07656E+03-9.00000E+01-1.36800E+02
 -1       276 1.07656E+03 9.00000E+01-1.36800E+02
 -1       277 1.07656E+03 9.00000E+01 1.36800E+02
 -1       278 1.07656E+03-9.00000E+01 0.00000E+00
 -1       279 1.07656E+03 0.00000E+00-1.36800E+02
 -1       280 1.07656E+03 9.00000E+01 0.00000E+00
 -1       281 1.07656E+03 0.00000E+00 1.36800E+02
 -1       282 1.11797E+03-9.00000E+01 1.36800E+02
 -1       283 1.11797E+03-9.00000E+01-1.36800E+02
 -1       284 1.11797E+03 9.00000E+01-1.36800E+02
 -1       285 1.11797E+03 9.00000E+01 1.36800E+02
 -1       290 1.15938E+03-9.00000E+01 1.36800E+02
 -1       291 1.15938E+03-9.00000E+01-1.36800E+02
 -1       292 1.15938E+03 9.00000E+01-1.36800E+02
 -1       293 1.15938E+03 9.00000E+01 1.36800E+02
 -1       294 1.15938E+03-9.00000E+01 0.00000E+00
 -1       295 1.15938E+03 0.00000E+00-1.36800E+02
 -1       296 1.15938E+03 9.00000E+01 0.00000E+00
 -1       297 1.15938E+03 0.00000E+00 1.36800E+02
 -1       298 1.20078E+03-9.00000E+01 1.36800E+02
 -1       299 1.20078E+03-9.00000E+01-1.36800E+02
 -1       300 1.20078E+03 9.00000E+01-1.36800E+02
 -1       301 1.20078E+03 9.00000E+01 1.36800E+02
 -1       306 1.24219E+03-9.00000E+01 1.36800E+02
 -1       307 1.24219E+03-9.00000E+01-1.36800E+02
 -1       308 1.24219E+03 9.00000E+01-1.36800E+02
 -1       309 1.24219E+03 9.00000E+01 1.36800E+02
 -1       310 1.24219E+03-9.00000E+01 0.00000E+00
 -1       311 1.24219E+03 0.00000E+00-1.36800E+02
 -1       312 1.24219E+03 9.00000E+01 0.00000E+00
 -1       313 1.24219E+03 0.00000E+00 1.36800E+02
 -1       314 1.28359E+03-9.00000E+01 1.36800E+02
 -1       315 1.28359E+03-9.00000E+01-1.36800E+02
 -1       316 1.28359E+03 9.00000E+01-1.36800E+02
 -1       317 1.28359E+03 9.00000E+01 1.36800E+02
 -1       322 1.32500E+03-9.00000E+01 1.36800E+02
 -1       323 1.32500E+03-9.00000E+01-1.36800E+02
 -1       324 1.32500E+03 9.00000E+01-1.36800E+02
 -1       325 1.32500E+03 9.00000E+01 1.36800E+02
 -1       326 1.32500E+03-9.00000E+01 0.00000E+00
 -1       327 1.32500E+03 0.00000E+00-1.36800E+02
 -1       328 1.32500E+03 9.00000E+01 0.00000E+00
 -1       329 1.32500E+03 0.00000E+00 1.36800E+02
 -1       330 1.36641E+03-9.00000E+01 1.36800E+02
 -1       331 1.36641E+03-9.00000E+01-1.36800E+02
 -1       332 1.36641E+03 9.00000E+01-1.36800E+02
 -1       333 1.36641E+03 9.00000E+01 1.36800E+02
 -1       338 1.40781E+03-9.00000E+01 1.36800E+02
 -1       339 1.40781E+03-9.00000E+01-1.36800E+02
 -1       340 1.40781E+03 9.00000E+01-1.36800E+02
 -1       341 1.40781E+03 9.00000E+01 1.36800E+02
 -1       342 1.40781E+03-9.00000E+01 0.00000E+00
 -1       343 1.40781E+03 0.00000E+00-1.36800E+02
 -1       344 1.40781E+03 9.00000E+01 0.00000E+00
 -1       345 1.40781E+03 0.00000E+00 1.36800E+02
 -1       346 1.44922E+03-9.00000E+01 1.36800E+02
 -1       347 1.44922E+03-9.00000E+01-1.36800E+02
 -1       348 1.44922E+03 9.00000E+01-1.36800E+02
 -1       349 1.44922E+03 9.00000E+01 1.36800E+02
 -1       354 1.49062E+03-9.00000E+01 1.36800E+02
 -1       355 1.49062E+03-9.00000E+01-1.36800E+02
 -1       356 1.49062E+03 9.00000E+01-1.36800E+02
 -1       357 1.49062E+03 9.00000E+01 1.36800E+02
 -1       358 1.49062E+03-9.00000E+01 0.00000E+00
 -1       359 1.49062E+03 0.00000E+00-1.36800E+02
 -1       360 1.49062E+03 9.00000E+01 0.00000E+00
 -1       361 1.49062E+03 0.00000E+00 1.36800E+02
 -1       362 1.53203E+03-9.00000E+01 1.36800E+02
 -1       363 1.53203E+03-9.00000E+01-1.36800E+02
 -1       364 1.53203E+03 9.00000E+01-1.36800E+02
 -1       365 1.53203E+03 9.00000E+01 1.36800E+02
 -1       370 1.57344E+03-9.00000E+01 1.36800E+02
 -1       371 1.57344E+03-9.00000E+01-1.36800E+02
 -1       372 1.57344E+03 9.00000E+01-1.36800E+02
 -1       373 1.57344E+03 9.00000E+01 1.36800E+02
 -1       374 1.57344E+03-9.00000E+01 0.00000E+00
 -1       375 1.57344E+03 0.00000E+00-1.36800E+02
 -1       376 1.57344E+03 9.00000E+01 0.00000E+00
 -1       377 1.57344E+03 0.00000E+00 1.36800E+02
 -1       378 1.61484E+03-9.00000E+01 1.36800E+02
 -1       379 1.61484E+03-9.00000E+01-1.36800E+02
 -1       380 1.61484E+03 9.00000E+01-1.36800E+02
 -1       381 1.61484E+03 9.00000E+01 1.36800E+02
 -1       386 1.65625E+03-9.00000E+01 1.36800E+02
 -1       387 1.65625E+03-9.00000E+01-1.36800E+02
 -1       388 1.65625E+03 9.00000E+01-1.36800E+02
 -1       389 1.65625E+03 9.00000E+01 1.36800E+02
 -1       390 1.65625E+03-9.00000E+01 0.00000E+00
 -1       391 1.65625E+03 0.00000E+00-1.36800E+02
 -1       392 1.65625E+03 9.00000E+01 0.00000E+00
 -1       393 1.65625E+03 0.00000E+00 1.36800E+02
 -1       394 1.69766E+03-9.00000E+01 1.36800E+02
 -1       395 1.69766E+03-9.00000E+01-1.36800E+02
 -1       396 1.69766E+03 9.00000E+01-1.36800E+02
 -1       397 1.69766E+03 9.00000E+01 1.36800E+02
 -1       402 1.73906E+03-9.00000E+01 1.36800E+02
 -1       403 1.73906E+03-9.00000E+01-1.36800E+02
 -1       404 1.73906E+03 9.00000E+01-1.36800E+02
 -1       405 1.73906E+03 9.00000E+01 1.36800E+02
 -1       406 1.73906E+03-9.00000E+01 0.00000E+00
 -1       407 1.73906E+03 0.00000E+00-1.36800E+02
 -1       408 1.73906E+03 9.00000E+01 0.00000E+00
 -1       409 1.73906E+03 0.00000E+00 1.36800E+02
 -1       410 1.78047E+03-9.00000E+01 1.36800E+02
 -1       411 1.78047E+03-9.00000E+01-1.36800E+02
 -1       412 1.78047E+03 9.00000E+01-1.36800E+02
 -1       413 1.78047E+03 9.00000E+01 1.36800E+02
 -1       418 1.82188E+03-9.00000E+01 1.36800E+02
 -1       419 1.82188E+03-9.00000E+01-1.36800E+02
 -1       420 1.82188E+03 9.00000E+01-1.36800E+02
 -1       421 1.82188E+03 9.00000E+01 1.36800E+02
 -1       422 1.82188E+03-9.00000E+01 0.00000E+00
 -1       423 1.82188E+03 0.00000E+00-1.36800E+02
 -1       424 1.82188E+03 9.00000E+01 0.00000E+00
 -1       425 1.82188E+03 0.00000E+00 1.36800E+02
 -1       426 1.86328E+03-9.00000E+01 1.36800E+02
 -1       427 1.86328E+03-9.00000E+01-1.36800E+02
 -1       428 1.86328E+03 9.00000E+01-1.36800E+02
 -1       429 1.86328E+03 9.00000E+01 1.36800E+02
 -1       434 1.90469E+03-9.00000E+01 1.36800E+02
 -1       435 1.90469E+03-9.00000E+01-1.36800E+02
 -1       436 1.90469E+03 9.00000E+01-1.36800E+02
 -1       437 1.90469E+03 9.00000E+01 1.36800E+02
 -1       438 1.90469E+03-9.00000E+01 0.00000E+00
 -1       439 1.90469E+03 0.00000E+00-1.36800E+02
 -1       440 1.90469E+03 9.00000E+01 0.00000E+00
 -1       441 1.90469E+03 0.00000E+00 1.36800E+02
 -1       442 1.94609E+03-9.00000E+01 1.36800E+02
 -1       443 1.94609E+03-9.00000E+01-1.36800E+02
 -1       444 1.94609E+03 9.00000E+01-1.36800E+02
 -1       445 1.94609E+03 9.00000E+01 1.36800E+02
 -1       450 1.98750E+03-9.00000E+01 1.36800E+02
 -1       451 1.98750E+03-9.00000E+01-1.36800E+02
 -1       452 1.98750E+03 9.00000E+01-1.36800E+02
 -1       453 1.98750E+03 9.00000E+01 1.36800E+02
 -1       454 1.98750E+03-9.00000E+01 0.00000E+00
 -1       455 1.98750E+03 0.00000E+00-1.36800E+02
 -1       456 1.98750E+03 9.00000E+01 0.00000E+00
 -1       457 1.98750E+03 0.00000E+00 1.36800E+02
 -1       458 2.02891E+03-9.00000E+01 1.36800E+02
 -1       459 2.02891E+03-9.00000E+01-1.36800E+02
 -1       460 2.02891E+03 9.00000E+01-1.36800E+02
 -1       461 2.02891E+03 9.00000E+01 1.36800E+02
 -1       466 2.07031E+03-9.00000E+01 1.36800E+02
 -1       467 2.07031E+03-9.00000E+01-1.36800E+02
 -1       468 2.07031E+03 9.00000E+01-1.36800E+02
 -1       469 2.07031E+03 9.00000E+01 1.36800E+02
 -1       470 2.07031E+03-9.00000E+01 0.00000E+00
 -1       471 2.07031E+03 0.00000E+00-1.36800E+02
 -1       472 2.07031E+03 9.00000E+01 0.00000E+00
 -1       473 2.07031E+03 0.00000E+00 1.36800E+02
 -1       474 2.11172E+03-9.00000E+01 1.36800E+02
 -1       475 2.11172E+03-9.00000E+01-1.36800E+02
 -1       476 2.11172E+03 9.00000E+01-1.36800E+02
 -1       477 2.11172E+03 9.00000E+01 1.36800E+02
 -1       482 2.15312E+03-9.00000E+01 1.36800E+02
 -1       483 2.15312E+03-9.00000E+01-1.36800E+02
 -1       484 2.15312E+03 9.00000E+01-1.36800E+02
 -1       485 2.15312E+03 9.00000E+01 1.36800E+02
 -1       486 2.15312E+03-9.00000E+01 0.00000E+00
 -1       487 2.15312E+03 0.00000E+00-1.36800E+02
 -1       488 2.15312E+03 9.00000E+01 0.00000E+00
 -1       489 2.15312E+03 0.00000E+00 1.36800E+02
 -1       490 2.19453E+03-9.00000E+01 1.36800E+02
 -1       491 2.19453E+03-9.00000E+01-1.36800E+02
 -1       492 2.19453E+03 9.00000E+01-1.36800E+02
 -1       493 2.19453E+03 9.00000E+01 1.36800E+02
 -1       498 2.23594E+03-9.00000E+01 1.36800E+02
 -1       499 2.23594E+03-9.00000E+01-1.36800E+02
 -1       500 2.23594E+03 9.00000E+01-1.36800E+02
 -1       501 2.23594E+03 9.00000E+01 1.36800E+02
 -1       502 2.23594E+03-9.00000E+01 0.00000E+00
 -1       503 2.23594E+03 0.00000E+00-1.36800E+02
 -1       504 2.23594E+03 9.00000E+01 0.00000E+00
 -1       505 2.23594E+03 0.00000E+00 1.36800E+02
 -1       506 2.27734E+03-9.00000E+01 1.36800E+02
 -1       507 2.27734E+03-9.00000E+01-1.36800E+02
 -1       508 2.27734E+03 9.00000E+01-1.36800E+02
 -1       509 2.27734E+03 9.00000E+01 1.36800E+02
 -1       514 2.31875E+03-9.00000E+01 1.36800E+02
 -1       515 2.31875E+03-9.00000E+01-1.36800E+02
 -1       516 2.31875E+03 9.00000E+01-1.36800E+02
 -1       517 2.31875E+03 9.00000E+01 1.36800E+02
 -1       518 2.31875E+03-9.00000E+01 0.00000E+00
 -1       519 2.31875E+03 0.00000E+00-1.36800E+02
 -1       520 2.31875E+03 9.00000E+01 0.00000E+00
 -1       521 2.31875E+03 0.00000E+00 1.36800E+02
 -1       522 2.36016E+03-9.00000E+01 1.36800E+02
 -1       523 2.36016E+03-9.00000E+01-1.36800E+02
 -1       524 2.36016E+03 9.00000E+01-1.36800E+02
 -1       525 2.36016E+03 9.00000E+01 1.36800E+02
 -1       530 2.40156E+03-9.00000E+01 1.36800E+02
 -1       531 2.40156E+03-9.00000E+01-1.36800E+02
 -1       532 2.40156E+03 9.00000E+01-1.36800E+02
 -1       533 2.40156E+03 9.00000E+01 1.36800E+02
 -1       534 2.40156E+03-9.00000E+01 0.00000E+00
 -1       535 2.40156E+03 0.00000E+00-1.36800E+02
 -1       536 2.40156E+03 9.00000E+01 0.00000E+00
 -1       537 2.40156E+03 0.00000E+00 1.36800E+02
 -1       538 2.44297E+03-9.00000E+01 1.36800E+02
 -1       539 2.44297E+03-9.00000E+01-1.36800E+02
 -1       540 2.44297E+03 9.00000E+01-1.36800E+02
 -1       541 2.44297E+03 9.00000E+01 1.36800E+02
 -1       546 2.48438E+03-9.00000E+01 1.36800E+02
 -1       547 2.48438E+03-9.00000E+01-1.36800E+02
 -1       548 2.48438E+03 9.00000E+01-1.36800E+02
 -1       549 2.48438E+03 9.00000E+01 1.36800E+02
 -1       550 2.48438E+03-9.00000E+01 0.00000E+00
 -1       551 2.48438E+03 0.00000E+00-1.36800E+02
 -1       552 2.48438E+03 9.00000E+01 0.00000E+00
 -1       553 2.48438E+03 0.00000E+00 1.36800E+02
 -1       554 2.52578E+03-9.00000E+01 1.36800E+02
 -1       555 2.52578E+03-9.00000E+01-1.36800E+02
 -1       556 2.52578E+03 9.00000E+01-1.36800E+02
 -1       557 2.52578E+03 9.00000E+01 1.36800E+02
 -1       562 2.56719E+03-9.00000E+01 1.36800E+02
 -1       563 2.56719E+03-9.00000E+01-1.36800E+02
 -1       564 2.56719E+03 9.00000E+01-1.36800E+02
 -1       565 2.56719E+03 9.00000E+01 1.36800E+02
 -1       566 2.56719E+03-9.00000E+01 0.00000E+00
 -1       567 2.56719E+03 0.00000E+00-1.36800E+02
 -1       568 2.56719E+03 9.00000E+01 0.00000E+00
 -1       569 2.56719E+03 0.00000E+00 1.36800E+02
 -1       570 2.60859E+03-9.00000E+01 1.36800E+02
 -1       571 2.60859E+03-9.00000E+01-1.36800E+02
 -1       572 2.60859E+03 9.00000E+01-1.36800E+02
 -1       573 2.60859E+03 9.00000E+01 1.36800E+02
 -1       578 2.65000E+03-9.00000E+01 1.36800E+02
 -1       579 2.65000E+03-9.00000E+01-1.36800E+02
 -1       580 2.65000E+03 9.00000E+01-1.36800E+02
 -1       581 2.65000E+03 9.00000E+01 1.36800E+02
 -1       582 2.65000E+03-9.00000E+01 0.00000E+00
 -1       583 2.65000E+03 0.00000E+00-1.36800E+02
 -1       584 2.65000E+03 9.00000E+01 0.00000E+00
 -1       585 2.65000E+03 0.00000E+00 1.36800E+02
 -3
    3C                            32                                     1
 -1         1    4    0    1
 -2        66        82        83        67        69        85        84        68        74        86
 -2        75        70        73        89        87        71        77        88        76        72
 -1         2    4    0    1
 -2        82        98        99        83        85       101       100        84        90       102
 -2        91        86        89       105       103        87        93       104        92        88
 -1         3    4    0    1
 -2        98       114       115        99       101       117       116       100       106       118
 -2       107       102       105       121       119       103       109       120       108       104
 -1         4    4    0    1
 -2       114       130       131       115       117       133       132       116       122       134
 -2       123       118       121       137       135       119       125       136       124       120
 -1         5    4    0    1
 -2       130       146       147       131       133       149       148       132       138       150
 -2       139       134       137       153       151       135       141       152       140       136
 -1         6    4    0    1
 -2       146       162       163       147       149       165       164       148       154       166
 -2       155       150       153       169       167       151       157       168       156       152
 -1         7    4    0    1
 -2       162       178       179       163       165       181       180       164       170       182
 -2       171       166       169       185       183       167       173       184       172       168
 -1         8    4    0    1
 -2       178       194       195       179       181       197       196       180       186       198
 -2       187       182       185       201       199       183       189       200       188       184
 -1         9    4    0    1
 -2       194       210       211       195       197       213       212       196       202       214
 -2       203       198       201       217       215       199       205       216       204       200
 -1        10    4    0    1
 -2       210       226       227       211       213       229       228       212       218       230
 -2       219       214       217       233       231       215       221       232       220       216
 -1        11    4    0    1
 -2       226       242       243       227       229       245       244       228       234       246
 -2       235       230       233       249       247       231       237       248       236       232
 -1        12    4    0    1
 -2       242       258       259       243       245       261       260       244       250       262
 -2       251       246       249       265       263       247       253       264       252       248
 -1        13    4    0    1
 -2       258       274       275       259       261       277       276       260       266       278
 -2       267       262       265       281       279       263       269       280       268       264
 -1        14    4    0    1
 -2       274       290       291       275       277       293       292       276       282       294
 -2       283       278       281       297       295       279       285       296       284       280
 -1        15    4    0    1
 -2       290       306       307       291       293       309       308       292       298       310
 -2       299       294       297       313       311       295       301       312       300       296
 -1        16    4    0    1
 -2       306       322       323       307       309       325       324       308       314       326
 -2       315       310       313       329       327       311       317       328       316       312
 -1        17    4    0    1
 -2       322       338       339       323       325       341       340       324       330       342
 -2       331       326       329       345       343       327       333       344       332       328
 -1        18    4    0    1
 -2       338       354       355       339       341       357       356       340       346       358
 -2       347       342       345       361       359       343       349       360       348       344
 -1        19    4    0    1
 -2       354       370       371       355       357       373       372       356       362       374
 -2       363       358       361       377       375       359       365       376       364       360
 -1        20    4    0    1
 -2       370       386       387       371       373       389       388       372       378       390
 -2       379       374       377       393       391       375       381       392       380       376
 -1        21    4    0    1
 -2       386       402       403       387       389       405       404       388       394       406
 -2       395       390       393       409       407       391       397       408       396       392
 -1        22    4    0    1
 -2       402       418       419       403       405       421       420       404       410       422
 -2       411       406       409       425       423       407       413       424       412       408
 -1        23    4    0    1
 -2       418       434       435       419       421       437       436       420       426       438
 -2       427       422       425       441       439       423       429       440       428       424
 -1        24    4    0    1
 -2       434       450       451       435       437       453       452       436       442       454
 -2       443       438       441       457       455       439       445       456       444       440
 -1        25    4    0    1
 -2       450       466       467       451       453       469       468       452       458       470
 -2       459       454       457       473       471       455       461       472       460       456
 -1        26    4    0    1
 -2       466       482       483       467       469       485       484       468       474       486
 -2       475       470       473       489       487       471       477       488       476       472
 -1        27    4    0    1
 -2       482       498       499       483       485       501       500       484       490       502
 -2       491       486       489       505       503       487       493       504       492       488
 -1        28    4    0    1
 -2       498       514       515       499       501       517       516       500       506       518
 -2       507       502       505       521       519       503       509       520       508       504
 -1        29    4    0    1
 -2       514       530       531       515       517       533       532       516       522       534
 -2       523       518       521       537       535       519       525       536       524       520
 -1        30    4    0    1
 -2       530       546       547       531       533       549       548       532       538       550
 -2       539       534       537       553       551       535       541       552       540       536
 -1        31    4    0    1
 -2       546       562       563       547       549       565       564       548       554       566
 -2       555       550       553       569       567       551       557       568       556       552
 -1        32    4    0    1
 -2       562       578       579       563       565       581       580       564       570       582
 -2       571       566       569       585       583       567       573       584       572       568
 -3
 9999
