TLC2 Version 2026.10.04.025638 (rev: 1813307)
Warning: Please run the Java VM, which executes TLC with a throughput optimized garbage collector, by passing the "-XX:+UseParallelGC" property.
(Use the -nowarning option to disable this warning.)
Running breadth-first search Model-Checking with fp 71 and seed 1679773871775608102 with 1 worker on 12 cores with 3838MB heap and 64MB offheap memory [pid: 147570] (Linux 7.2.8-1-default amd64, N/A 25.0.4.1 64bit, MSBDiskFPSet, DiskStateQueue).
Parsing file /home/hayder/Documents/OpenSourceRail/engineering/assurance/formal/tla/TACSResources.tla
Parsing file /tmp/tlc-3542353514032331366/Naturals.tla (jar:file:/home/hayder/Documents/OpenSourceRail/build/toolchain/tla/upstream-tla2tools-1.8.0.jar!/tla2sany/StandardModules/Naturals.tla)
Parsing file /tmp/tlc-3542353514032331366/FiniteSets.tla (jar:file:/home/hayder/Documents/OpenSourceRail/build/toolchain/tla/upstream-tla2tools-1.8.0.jar!/tla2sany/StandardModules/FiniteSets.tla)
Parsing file /tmp/tlc-3542353514032331366/_TLCTrace.tla (jar:file:/home/hayder/Documents/OpenSourceRail/build/toolchain/tla/upstream-tla2tools-1.8.0.jar!/tla2sany/StandardModules/_TLCTrace.tla)
Parsing file /tmp/tlc-3542353514032331366/Sequences.tla (jar:file:/home/hayder/Documents/OpenSourceRail/build/toolchain/tla/upstream-tla2tools-1.8.0.jar!/tla2sany/StandardModules/Sequences.tla)
Parsing file /tmp/tlc-3542353514032331366/TLC.tla (jar:file:/home/hayder/Documents/OpenSourceRail/build/toolchain/tla/upstream-tla2tools-1.8.0.jar!/tla2sany/StandardModules/TLC.tla)
Parsing file /tmp/tlc-3542353514032331366/TLCExt.tla (jar:file:/home/hayder/Documents/OpenSourceRail/build/toolchain/tla/upstream-tla2tools-1.8.0.jar!/tla2sany/StandardModules/TLCExt.tla)
Parsing file /tmp/tlc-3542353514032331366/Integers.tla (jar:file:/home/hayder/Documents/OpenSourceRail/build/toolchain/tla/upstream-tla2tools-1.8.0.jar!/tla2sany/StandardModules/Integers.tla)
Semantic processing of module Naturals
Semantic processing of module Sequences
Semantic processing of module FiniteSets
Semantic processing of module TLC
Semantic processing of module Integers
Semantic processing of module TLCExt
Semantic processing of module _TLCTrace
Semantic processing of module TACSResources
Linting of module TLCExt
Linting of module _TLCTrace
Linting of module TACSResources
Starting... (2026-10-04 09:44:39)
Computing initial states...
Finished computing initial states: 1 distinct state generated at 2026-10-04 09:44:39.
Model checking completed. No error has been found.
  Estimates of the probability that TLC did not check all reachable states
  because two distinct states had the same fingerprint:
  calculated (optimistic):  val = 1.3E-14
1144 states generated, 282 distinct states found, 0 states left on queue.
The depth of the complete state graph search is 9.
The average outdegree of the complete state graph is 1 (minimum is 0, the maximum 6 and the 95th percentile is 4).
Finished in 00s at (2026-10-04 09:44:39)
