    Blocking waiting for file lock on package cache
    Blocking waiting for file lock on package cache
    Blocking waiting for file lock on package cache
    Blocking waiting for file lock on build directory
    Finished `release` profile [optimized] target(s) in 19.56s
resilience: running 80% end-of-life battery capacity
resilience: running maximum planning climate/HVAC duty
resilience: completed maximum planning climate/HVAC duty
resilience: completed 80% end-of-life battery capacity
resilience: running 50% charging-contact availability
resilience: running ten-hour all-site grid outage
resilience: completed ten-hour all-site grid outage
resilience: completed 50% charging-contact availability
resilience: running combined 80% aged battery and maximum climate/HVAC duty
resilience: running ten-hour single charging-pad outage
resilience: completed combined 80% aged battery and maximum climate/HVAC duty
resilience: completed ten-hour single charging-pad outage
resilience: running consecutive missed charging stops
resilience: running late-running shared-charger conflict
resilience: completed late-running shared-charger conflict
resilience: completed consecutive missed charging stops
wrote /home/hayder/Documents/OpenSourceRail/build/design-options/samawah-fleet20-topology/qualification.json (passed=True)
Per-line qualification: /home/hayder/Documents/OpenSourceRail/build/design-options/samawah-fleet20-topology/qualification.json (passed=True; operating_release=False)
