    1C
    1UThree-train full-set vertical service screen
    1UUSER
    1UDATE              16.august.2026
    1UTIME              20:22:39
    1UHOST
    1UPGM               CalculiX
    1UVERSION           Version 2.23
    1UCOMPILETIME       Sun Oct 19 18:23:34 CEST 2025
    1UDIR
    1UDBN
    1UMAT    1S355
    2C                           820                                     1
 -1       163-7.42500E+04-9.35000E+02 8.50000E+02
 -1       164-7.42500E+04-1.36500E+03 8.50000E+02
 -1       165-7.42500E+04-1.36500E+03 5.90000E+02
 -1       166-7.42500E+04-9.35000E+02 5.90000E+02
 -1       171-7.43700E+04-1.15000E+03 7.95000E+02
 -1       172-7.41300E+04-1.15000E+03 7.95000E+02
 -1       173-7.41300E+04-1.15000E+03 6.45000E+02
 -1       174-7.43700E+04-1.15000E+03 6.45000E+02
 -1       197-7.21500E+04-9.35000E+02 8.50000E+02
 -1       198-7.21500E+04-1.36500E+03 8.50000E+02
 -1       199-7.21500E+04-1.36500E+03 5.90000E+02
 -1       200-7.21500E+04-9.35000E+02 5.90000E+02
 -1       205-7.22700E+04-1.15000E+03 7.95000E+02
 -1       206-7.20300E+04-1.15000E+03 7.95000E+02
 -1       207-7.20300E+04-1.15000E+03 6.45000E+02
 -1       208-7.22700E+04-1.15000E+03 6.45000E+02
 -1       231-6.60000E+04-9.35000E+02 8.50000E+02
 -1       232-6.60000E+04-1.36500E+03 8.50000E+02
 -1       233-6.60000E+04-1.36500E+03 5.90000E+02
 -1       234-6.60000E+04-9.35000E+02 5.90000E+02
 -1       239-6.61200E+04-1.15000E+03 7.95000E+02
 -1       240-6.58800E+04-1.15000E+03 7.95000E+02
 -1       241-6.58800E+04-1.15000E+03 6.45000E+02
 -1       242-6.61200E+04-1.15000E+03 6.45000E+02
 -1       265-5.98500E+04-9.35000E+02 8.50000E+02
 -1       266-5.98500E+04-1.36500E+03 8.50000E+02
 -1       267-5.98500E+04-1.36500E+03 5.90000E+02
 -1       268-5.98500E+04-9.35000E+02 5.90000E+02
 -1       273-5.99700E+04-1.15000E+03 7.95000E+02
 -1       274-5.97300E+04-1.15000E+03 7.95000E+02
 -1       275-5.97300E+04-1.15000E+03 6.45000E+02
 -1       276-5.99700E+04-1.15000E+03 6.45000E+02
 -1       299-5.77500E+04-9.35000E+02 8.50000E+02
 -1       300-5.77500E+04-1.36500E+03 8.50000E+02
 -1       301-5.77500E+04-1.36500E+03 5.90000E+02
 -1       302-5.77500E+04-9.35000E+02 5.90000E+02
 -1       307-5.78700E+04-1.15000E+03 7.95000E+02
 -1       308-5.76300E+04-1.15000E+03 7.95000E+02
 -1       309-5.76300E+04-1.15000E+03 6.45000E+02
 -1       310-5.78700E+04-1.15000E+03 6.45000E+02
 -1       333-5.56500E+04-9.35000E+02 8.50000E+02
 -1       334-5.56500E+04-1.36500E+03 8.50000E+02
 -1       335-5.56500E+04-1.36500E+03 5.90000E+02
 -1       336-5.56500E+04-9.35000E+02 5.90000E+02
 -1       341-5.57700E+04-1.15000E+03 7.95000E+02
 -1       342-5.55300E+04-1.15000E+03 7.95000E+02
 -1       343-5.55300E+04-1.15000E+03 6.45000E+02
 -1       344-5.57700E+04-1.15000E+03 6.45000E+02
 -1       367-4.95000E+04-9.35000E+02 8.50000E+02
 -1       368-4.95000E+04-1.36500E+03 8.50000E+02
 -1       369-4.95000E+04-1.36500E+03 5.90000E+02
 -1       370-4.95000E+04-9.35000E+02 5.90000E+02
 -1       375-4.96200E+04-1.15000E+03 7.95000E+02
 -1       376-4.93800E+04-1.15000E+03 7.95000E+02
 -1       377-4.93800E+04-1.15000E+03 6.45000E+02
 -1       378-4.96200E+04-1.15000E+03 6.45000E+02
 -1       401-4.33500E+04-9.35000E+02 8.50000E+02
 -1       402-4.33500E+04-1.36500E+03 8.50000E+02
 -1       403-4.33500E+04-1.36500E+03 5.90000E+02
 -1       404-4.33500E+04-9.35000E+02 5.90000E+02
 -1       409-4.34700E+04-1.15000E+03 7.95000E+02
 -1       410-4.32300E+04-1.15000E+03 7.95000E+02
 -1       411-4.32300E+04-1.15000E+03 6.45000E+02
 -1       412-4.34700E+04-1.15000E+03 6.45000E+02
 -1       435-4.12500E+04-9.35000E+02 8.50000E+02
 -1       436-4.12500E+04-1.36500E+03 8.50000E+02
 -1       437-4.12500E+04-1.36500E+03 5.90000E+02
 -1       438-4.12500E+04-9.35000E+02 5.90000E+02
 -1       443-4.13700E+04-1.15000E+03 7.95000E+02
 -1       444-4.11300E+04-1.15000E+03 7.95000E+02
 -1       445-4.11300E+04-1.15000E+03 6.45000E+02
 -1       446-4.13700E+04-1.15000E+03 6.45000E+02
 -1       469-3.91500E+04-9.35000E+02 8.50000E+02
 -1       470-3.91500E+04-1.36500E+03 8.50000E+02
 -1       471-3.91500E+04-1.36500E+03 5.90000E+02
 -1       472-3.91500E+04-9.35000E+02 5.90000E+02
 -1       477-3.92700E+04-1.15000E+03 7.95000E+02
 -1       478-3.90300E+04-1.15000E+03 7.95000E+02
 -1       479-3.90300E+04-1.15000E+03 6.45000E+02
 -1       480-3.92700E+04-1.15000E+03 6.45000E+02
 -1       503-3.30000E+04-9.35000E+02 8.50000E+02
 -1       504-3.30000E+04-1.36500E+03 8.50000E+02
 -1       505-3.30000E+04-1.36500E+03 5.90000E+02
 -1       506-3.30000E+04-9.35000E+02 5.90000E+02
 -1       511-3.31200E+04-1.15000E+03 7.95000E+02
 -1       512-3.28800E+04-1.15000E+03 7.95000E+02
 -1       513-3.28800E+04-1.15000E+03 6.45000E+02
 -1       514-3.31200E+04-1.15000E+03 6.45000E+02
 -1       537-2.68500E+04-9.35000E+02 8.50000E+02
 -1       538-2.68500E+04-1.36500E+03 8.50000E+02
 -1       539-2.68500E+04-1.36500E+03 5.90000E+02
 -1       540-2.68500E+04-9.35000E+02 5.90000E+02
 -1       545-2.69700E+04-1.15000E+03 7.95000E+02
 -1       546-2.67300E+04-1.15000E+03 7.95000E+02
 -1       547-2.67300E+04-1.15000E+03 6.45000E+02
 -1       548-2.69700E+04-1.15000E+03 6.45000E+02
 -1       571-2.47500E+04-9.35000E+02 8.50000E+02
 -1       572-2.47500E+04-1.36500E+03 8.50000E+02
 -1       573-2.47500E+04-1.36500E+03 5.90000E+02
 -1       574-2.47500E+04-9.35000E+02 5.90000E+02
 -1       579-2.48700E+04-1.15000E+03 7.95000E+02
 -1       580-2.46300E+04-1.15000E+03 7.95000E+02
 -1       581-2.46300E+04-1.15000E+03 6.45000E+02
 -1       582-2.48700E+04-1.15000E+03 6.45000E+02
 -1       587-2.49000E+04-1.15000E+03 8.40000E+02
 -1       588-2.46000E+04-1.15000E+03 8.40000E+02
 -1       589-2.46000E+04-1.15000E+03 6.00000E+02
 -1       590-2.49000E+04-1.15000E+03 6.00000E+02
 -1       621-2.26500E+04-9.35000E+02 8.50000E+02
 -1       622-2.26500E+04-1.36500E+03 8.50000E+02
 -1       623-2.26500E+04-1.36500E+03 5.90000E+02
 -1       624-2.26500E+04-9.35000E+02 5.90000E+02
 -1       629-2.27700E+04-1.15000E+03 7.95000E+02
 -1       630-2.25300E+04-1.15000E+03 7.95000E+02
 -1       631-2.25300E+04-1.15000E+03 6.45000E+02
 -1       632-2.27700E+04-1.15000E+03 6.45000E+02
 -1       655-1.65000E+04-9.35000E+02 8.50000E+02
 -1       656-1.65000E+04-1.36500E+03 8.50000E+02
 -1       657-1.65000E+04-1.36500E+03 5.90000E+02
 -1       658-1.65000E+04-9.35000E+02 5.90000E+02
 -1       663-1.66200E+04-1.15000E+03 7.95000E+02
 -1       664-1.63800E+04-1.15000E+03 7.95000E+02
 -1       665-1.63800E+04-1.15000E+03 6.45000E+02
 -1       666-1.66200E+04-1.15000E+03 6.45000E+02
 -1       689-1.03500E+04-9.35000E+02 8.50000E+02
 -1       690-1.03500E+04-1.36500E+03 8.50000E+02
 -1       691-1.03500E+04-1.36500E+03 5.90000E+02
 -1       692-1.03500E+04-9.35000E+02 5.90000E+02
 -1       697-1.04700E+04-1.15000E+03 7.95000E+02
 -1       698-1.02300E+04-1.15000E+03 7.95000E+02
 -1       699-1.02300E+04-1.15000E+03 6.45000E+02
 -1       700-1.04700E+04-1.15000E+03 6.45000E+02
 -1       723-8.25000E+03-9.35000E+02 8.50000E+02
 -1       724-8.25000E+03-1.36500E+03 8.50000E+02
 -1       725-8.25000E+03-1.36500E+03 5.90000E+02
 -1       726-8.25000E+03-9.35000E+02 5.90000E+02
 -1       731-8.37000E+03-1.15000E+03 7.95000E+02
 -1       732-8.13000E+03-1.15000E+03 7.95000E+02
 -1       733-8.13000E+03-1.15000E+03 6.45000E+02
 -1       734-8.37000E+03-1.15000E+03 6.45000E+02
 -1       757-6.15000E+03-9.35000E+02 8.50000E+02
 -1       758-6.15000E+03-1.36500E+03 8.50000E+02
 -1       759-6.15000E+03-1.36500E+03 5.90000E+02
 -1       760-6.15000E+03-9.35000E+02 5.90000E+02
 -1       765-6.27000E+03-1.15000E+03 7.95000E+02
 -1       766-6.03000E+03-1.15000E+03 7.95000E+02
 -1       767-6.03000E+03-1.15000E+03 6.45000E+02
 -1       768-6.27000E+03-1.15000E+03 6.45000E+02
 -1       791 0.00000E+00-9.35000E+02 8.50000E+02
 -1       792 0.00000E+00-1.36500E+03 8.50000E+02
 -1       793 0.00000E+00-1.36500E+03 5.90000E+02
 -1       794 0.00000E+00-9.35000E+02 5.90000E+02
 -1       799-1.20000E+02-1.15000E+03 7.95000E+02
 -1       800 1.20000E+02-1.15000E+03 7.95000E+02
 -1       801 1.20000E+02-1.15000E+03 6.45000E+02
 -1       802-1.20000E+02-1.15000E+03 6.45000E+02
 -1       825 6.15000E+03-9.35000E+02 8.50000E+02
 -1       826 6.15000E+03-1.36500E+03 8.50000E+02
 -1       827 6.15000E+03-1.36500E+03 5.90000E+02
 -1       828 6.15000E+03-9.35000E+02 5.90000E+02
 -1       833 6.03000E+03-1.15000E+03 7.95000E+02
 -1       834 6.27000E+03-1.15000E+03 7.95000E+02
 -1       835 6.27000E+03-1.15000E+03 6.45000E+02
 -1       836 6.03000E+03-1.15000E+03 6.45000E+02
 -1       859 8.25000E+03-9.35000E+02 8.50000E+02
 -1       860 8.25000E+03-1.36500E+03 8.50000E+02
 -1       861 8.25000E+03-1.36500E+03 5.90000E+02
 -1       862 8.25000E+03-9.35000E+02 5.90000E+02
 -1       867 8.13000E+03-1.15000E+03 7.95000E+02
 -1       868 8.37000E+03-1.15000E+03 7.95000E+02
 -1       869 8.37000E+03-1.15000E+03 6.45000E+02
 -1       870 8.13000E+03-1.15000E+03 6.45000E+02
 -1       893 1.03500E+04-9.35000E+02 8.50000E+02
 -1       894 1.03500E+04-1.36500E+03 8.50000E+02
 -1       895 1.03500E+04-1.36500E+03 5.90000E+02
 -1       896 1.03500E+04-9.35000E+02 5.90000E+02
 -1       901 1.02300E+04-1.15000E+03 7.95000E+02
 -1       902 1.04700E+04-1.15000E+03 7.95000E+02
 -1       903 1.04700E+04-1.15000E+03 6.45000E+02
 -1       904 1.02300E+04-1.15000E+03 6.45000E+02
 -1       927 1.65000E+04-9.35000E+02 8.50000E+02
 -1       928 1.65000E+04-1.36500E+03 8.50000E+02
 -1       929 1.65000E+04-1.36500E+03 5.90000E+02
 -1       930 1.65000E+04-9.35000E+02 5.90000E+02
 -1       935 1.63800E+04-1.15000E+03 7.95000E+02
 -1       936 1.66200E+04-1.15000E+03 7.95000E+02
 -1       937 1.66200E+04-1.15000E+03 6.45000E+02
 -1       938 1.63800E+04-1.15000E+03 6.45000E+02
 -1       961 2.26500E+04-9.35000E+02 8.50000E+02
 -1       962 2.26500E+04-1.36500E+03 8.50000E+02
 -1       963 2.26500E+04-1.36500E+03 5.90000E+02
 -1       964 2.26500E+04-9.35000E+02 5.90000E+02
 -1       969 2.25300E+04-1.15000E+03 7.95000E+02
 -1       970 2.27700E+04-1.15000E+03 7.95000E+02
 -1       971 2.27700E+04-1.15000E+03 6.45000E+02
 -1       972 2.25300E+04-1.15000E+03 6.45000E+02
 -1       995 2.47500E+04-9.35000E+02 8.50000E+02
 -1       996 2.47500E+04-1.36500E+03 8.50000E+02
 -1       997 2.47500E+04-1.36500E+03 5.90000E+02
 -1       998 2.47500E+04-9.35000E+02 5.90000E+02
 -1      1003 2.46300E+04-1.15000E+03 7.95000E+02
 -1      1004 2.48700E+04-1.15000E+03 7.95000E+02
 -1      1005 2.48700E+04-1.15000E+03 6.45000E+02
 -1      1006 2.46300E+04-1.15000E+03 6.45000E+02
 -1      1011 2.46000E+04-1.15000E+03 8.40000E+02
 -1      1012 2.49000E+04-1.15000E+03 8.40000E+02
 -1      1013 2.49000E+04-1.15000E+03 6.00000E+02
 -1      1014 2.46000E+04-1.15000E+03 6.00000E+02
 -1      1045 2.68500E+04-9.35000E+02 8.50000E+02
 -1      1046 2.68500E+04-1.36500E+03 8.50000E+02
 -1      1047 2.68500E+04-1.36500E+03 5.90000E+02
 -1      1048 2.68500E+04-9.35000E+02 5.90000E+02
 -1      1053 2.67300E+04-1.15000E+03 7.95000E+02
 -1      1054 2.69700E+04-1.15000E+03 7.95000E+02
 -1      1055 2.69700E+04-1.15000E+03 6.45000E+02
 -1      1056 2.67300E+04-1.15000E+03 6.45000E+02
 -1      1079 3.30000E+04-9.35000E+02 8.50000E+02
 -1      1080 3.30000E+04-1.36500E+03 8.50000E+02
 -1      1081 3.30000E+04-1.36500E+03 5.90000E+02
 -1      1082 3.30000E+04-9.35000E+02 5.90000E+02
 -1      1087 3.28800E+04-1.15000E+03 7.95000E+02
 -1      1088 3.31200E+04-1.15000E+03 7.95000E+02
 -1      1089 3.31200E+04-1.15000E+03 6.45000E+02
 -1      1090 3.28800E+04-1.15000E+03 6.45000E+02
 -1      1113 3.91500E+04-9.35000E+02 8.50000E+02
 -1      1114 3.91500E+04-1.36500E+03 8.50000E+02
 -1      1115 3.91500E+04-1.36500E+03 5.90000E+02
 -1      1116 3.91500E+04-9.35000E+02 5.90000E+02
 -1      1121 3.90300E+04-1.15000E+03 7.95000E+02
 -1      1122 3.92700E+04-1.15000E+03 7.95000E+02
 -1      1123 3.92700E+04-1.15000E+03 6.45000E+02
 -1      1124 3.90300E+04-1.15000E+03 6.45000E+02
 -1      1147 4.12500E+04-9.35000E+02 8.50000E+02
 -1      1148 4.12500E+04-1.36500E+03 8.50000E+02
 -1      1149 4.12500E+04-1.36500E+03 5.90000E+02
 -1      1150 4.12500E+04-9.35000E+02 5.90000E+02
 -1      1155 4.11300E+04-1.15000E+03 7.95000E+02
 -1      1156 4.13700E+04-1.15000E+03 7.95000E+02
 -1      1157 4.13700E+04-1.15000E+03 6.45000E+02
 -1      1158 4.11300E+04-1.15000E+03 6.45000E+02
 -1      1181 4.33500E+04-9.35000E+02 8.50000E+02
 -1      1182 4.33500E+04-1.36500E+03 8.50000E+02
 -1      1183 4.33500E+04-1.36500E+03 5.90000E+02
 -1      1184 4.33500E+04-9.35000E+02 5.90000E+02
 -1      1189 4.32300E+04-1.15000E+03 7.95000E+02
 -1      1190 4.34700E+04-1.15000E+03 7.95000E+02
 -1      1191 4.34700E+04-1.15000E+03 6.45000E+02
 -1      1192 4.32300E+04-1.15000E+03 6.45000E+02
 -1      1215 4.95000E+04-9.35000E+02 8.50000E+02
 -1      1216 4.95000E+04-1.36500E+03 8.50000E+02
 -1      1217 4.95000E+04-1.36500E+03 5.90000E+02
 -1      1218 4.95000E+04-9.35000E+02 5.90000E+02
 -1      1223 4.93800E+04-1.15000E+03 7.95000E+02
 -1      1224 4.96200E+04-1.15000E+03 7.95000E+02
 -1      1225 4.96200E+04-1.15000E+03 6.45000E+02
 -1      1226 4.93800E+04-1.15000E+03 6.45000E+02
 -1      1249 5.56500E+04-9.35000E+02 8.50000E+02
 -1      1250 5.56500E+04-1.36500E+03 8.50000E+02
 -1      1251 5.56500E+04-1.36500E+03 5.90000E+02
 -1      1252 5.56500E+04-9.35000E+02 5.90000E+02
 -1      1257 5.55300E+04-1.15000E+03 7.95000E+02
 -1      1258 5.57700E+04-1.15000E+03 7.95000E+02
 -1      1259 5.57700E+04-1.15000E+03 6.45000E+02
 -1      1260 5.55300E+04-1.15000E+03 6.45000E+02
 -1      1283 5.77500E+04-9.35000E+02 8.50000E+02
 -1      1284 5.77500E+04-1.36500E+03 8.50000E+02
 -1      1285 5.77500E+04-1.36500E+03 5.90000E+02
 -1      1286 5.77500E+04-9.35000E+02 5.90000E+02
 -1      1291 5.76300E+04-1.15000E+03 7.95000E+02
 -1      1292 5.78700E+04-1.15000E+03 7.95000E+02
 -1      1293 5.78700E+04-1.15000E+03 6.45000E+02
 -1      1294 5.76300E+04-1.15000E+03 6.45000E+02
 -1      1317 5.98500E+04-9.35000E+02 8.50000E+02
 -1      1318 5.98500E+04-1.36500E+03 8.50000E+02
 -1      1319 5.98500E+04-1.36500E+03 5.90000E+02
 -1      1320 5.98500E+04-9.35000E+02 5.90000E+02
 -1      1325 5.97300E+04-1.15000E+03 7.95000E+02
 -1      1326 5.99700E+04-1.15000E+03 7.95000E+02
 -1      1327 5.99700E+04-1.15000E+03 6.45000E+02
 -1      1328 5.97300E+04-1.15000E+03 6.45000E+02
 -1      1351 6.60000E+04-9.35000E+02 8.50000E+02
 -1      1352 6.60000E+04-1.36500E+03 8.50000E+02
 -1      1353 6.60000E+04-1.36500E+03 5.90000E+02
 -1      1354 6.60000E+04-9.35000E+02 5.90000E+02
 -1      1359 6.58800E+04-1.15000E+03 7.95000E+02
 -1      1360 6.61200E+04-1.15000E+03 7.95000E+02
 -1      1361 6.61200E+04-1.15000E+03 6.45000E+02
 -1      1362 6.58800E+04-1.15000E+03 6.45000E+02
 -1      1385 7.21500E+04-9.35000E+02 8.50000E+02
 -1      1386 7.21500E+04-1.36500E+03 8.50000E+02
 -1      1387 7.21500E+04-1.36500E+03 5.90000E+02
 -1      1388 7.21500E+04-9.35000E+02 5.90000E+02
 -1      1393 7.20300E+04-1.15000E+03 7.95000E+02
 -1      1394 7.22700E+04-1.15000E+03 7.95000E+02
 -1      1395 7.22700E+04-1.15000E+03 6.45000E+02
 -1      1396 7.20300E+04-1.15000E+03 6.45000E+02
 -1      1419 7.42500E+04-9.35000E+02 8.50000E+02
 -1      1420 7.42500E+04-1.36500E+03 8.50000E+02
 -1      1421 7.42500E+04-1.36500E+03 5.90000E+02
 -1      1422 7.42500E+04-9.35000E+02 5.90000E+02
 -1      1427 7.41300E+04-1.15000E+03 7.95000E+02
 -1      1428 7.43700E+04-1.15000E+03 7.95000E+02
 -1      1429 7.43700E+04-1.15000E+03 6.45000E+02
 -1      1430 7.41300E+04-1.15000E+03 6.45000E+02
 -1      1453-7.42500E+04 1.36500E+03 8.50000E+02
 -1      1454-7.42500E+04 9.35000E+02 8.50000E+02
 -1      1455-7.42500E+04 9.35000E+02 5.90000E+02
 -1      1456-7.42500E+04 1.36500E+03 5.90000E+02
 -1      1461-7.43700E+04 1.15000E+03 7.95000E+02
 -1      1462-7.41300E+04 1.15000E+03 7.95000E+02
 -1      1463-7.41300E+04 1.15000E+03 6.45000E+02
 -1      1464-7.43700E+04 1.15000E+03 6.45000E+02
 -1      1487-7.21500E+04 1.36500E+03 8.50000E+02
 -1      1488-7.21500E+04 9.35000E+02 8.50000E+02
 -1      1489-7.21500E+04 9.35000E+02 5.90000E+02
 -1      1490-7.21500E+04 1.36500E+03 5.90000E+02
 -1      1495-7.22700E+04 1.15000E+03 7.95000E+02
 -1      1496-7.20300E+04 1.15000E+03 7.95000E+02
 -1      1497-7.20300E+04 1.15000E+03 6.45000E+02
 -1      1498-7.22700E+04 1.15000E+03 6.45000E+02
 -1      1521-6.60000E+04 1.36500E+03 8.50000E+02
 -1      1522-6.60000E+04 9.35000E+02 8.50000E+02
 -1      1523-6.60000E+04 9.35000E+02 5.90000E+02
 -1      1524-6.60000E+04 1.36500E+03 5.90000E+02
 -1      1529-6.61200E+04 1.15000E+03 7.95000E+02
 -1      1530-6.58800E+04 1.15000E+03 7.95000E+02
 -1      1531-6.58800E+04 1.15000E+03 6.45000E+02
 -1      1532-6.61200E+04 1.15000E+03 6.45000E+02
 -1      1555-5.98500E+04 1.36500E+03 8.50000E+02
 -1      1556-5.98500E+04 9.35000E+02 8.50000E+02
 -1      1557-5.98500E+04 9.35000E+02 5.90000E+02
 -1      1558-5.98500E+04 1.36500E+03 5.90000E+02
 -1      1563-5.99700E+04 1.15000E+03 7.95000E+02
 -1      1564-5.97300E+04 1.15000E+03 7.95000E+02
 -1      1565-5.97300E+04 1.15000E+03 6.45000E+02
 -1      1566-5.99700E+04 1.15000E+03 6.45000E+02
 -1      1589-5.77500E+04 1.36500E+03 8.50000E+02
 -1      1590-5.77500E+04 9.35000E+02 8.50000E+02
 -1      1591-5.77500E+04 9.35000E+02 5.90000E+02
 -1      1592-5.77500E+04 1.36500E+03 5.90000E+02
 -1      1597-5.78700E+04 1.15000E+03 7.95000E+02
 -1      1598-5.76300E+04 1.15000E+03 7.95000E+02
 -1      1599-5.76300E+04 1.15000E+03 6.45000E+02
 -1      1600-5.78700E+04 1.15000E+03 6.45000E+02
 -1      1623-5.56500E+04 1.36500E+03 8.50000E+02
 -1      1624-5.56500E+04 9.35000E+02 8.50000E+02
 -1      1625-5.56500E+04 9.35000E+02 5.90000E+02
 -1      1626-5.56500E+04 1.36500E+03 5.90000E+02
 -1      1631-5.57700E+04 1.15000E+03 7.95000E+02
 -1      1632-5.55300E+04 1.15000E+03 7.95000E+02
 -1      1633-5.55300E+04 1.15000E+03 6.45000E+02
 -1      1634-5.57700E+04 1.15000E+03 6.45000E+02
 -1      1657-4.95000E+04 1.36500E+03 8.50000E+02
 -1      1658-4.95000E+04 9.35000E+02 8.50000E+02
 -1      1659-4.95000E+04 9.35000E+02 5.90000E+02
 -1      1660-4.95000E+04 1.36500E+03 5.90000E+02
 -1      1665-4.96200E+04 1.15000E+03 7.95000E+02
 -1      1666-4.93800E+04 1.15000E+03 7.95000E+02
 -1      1667-4.93800E+04 1.15000E+03 6.45000E+02
 -1      1668-4.96200E+04 1.15000E+03 6.45000E+02
 -1      1691-4.33500E+04 1.36500E+03 8.50000E+02
 -1      1692-4.33500E+04 9.35000E+02 8.50000E+02
 -1      1693-4.33500E+04 9.35000E+02 5.90000E+02
 -1      1694-4.33500E+04 1.36500E+03 5.90000E+02
 -1      1699-4.34700E+04 1.15000E+03 7.95000E+02
 -1      1700-4.32300E+04 1.15000E+03 7.95000E+02
 -1      1701-4.32300E+04 1.15000E+03 6.45000E+02
 -1      1702-4.34700E+04 1.15000E+03 6.45000E+02
 -1      1725-4.12500E+04 1.36500E+03 8.50000E+02
 -1      1726-4.12500E+04 9.35000E+02 8.50000E+02
 -1      1727-4.12500E+04 9.35000E+02 5.90000E+02
 -1      1728-4.12500E+04 1.36500E+03 5.90000E+02
 -1      1733-4.13700E+04 1.15000E+03 7.95000E+02
 -1      1734-4.11300E+04 1.15000E+03 7.95000E+02
 -1      1735-4.11300E+04 1.15000E+03 6.45000E+02
 -1      1736-4.13700E+04 1.15000E+03 6.45000E+02
 -1      1759-3.91500E+04 1.36500E+03 8.50000E+02
 -1      1760-3.91500E+04 9.35000E+02 8.50000E+02
 -1      1761-3.91500E+04 9.35000E+02 5.90000E+02
 -1      1762-3.91500E+04 1.36500E+03 5.90000E+02
 -1      1767-3.92700E+04 1.15000E+03 7.95000E+02
 -1      1768-3.90300E+04 1.15000E+03 7.95000E+02
 -1      1769-3.90300E+04 1.15000E+03 6.45000E+02
 -1      1770-3.92700E+04 1.15000E+03 6.45000E+02
 -1      1793-3.30000E+04 1.36500E+03 8.50000E+02
 -1      1794-3.30000E+04 9.35000E+02 8.50000E+02
 -1      1795-3.30000E+04 9.35000E+02 5.90000E+02
 -1      1796-3.30000E+04 1.36500E+03 5.90000E+02
 -1      1801-3.31200E+04 1.15000E+03 7.95000E+02
 -1      1802-3.28800E+04 1.15000E+03 7.95000E+02
 -1      1803-3.28800E+04 1.15000E+03 6.45000E+02
 -1      1804-3.31200E+04 1.15000E+03 6.45000E+02
 -1      1827-2.68500E+04 1.36500E+03 8.50000E+02
 -1      1828-2.68500E+04 9.35000E+02 8.50000E+02
 -1      1829-2.68500E+04 9.35000E+02 5.90000E+02
 -1      1830-2.68500E+04 1.36500E+03 5.90000E+02
 -1      1835-2.69700E+04 1.15000E+03 7.95000E+02
 -1      1836-2.67300E+04 1.15000E+03 7.95000E+02
 -1      1837-2.67300E+04 1.15000E+03 6.45000E+02
 -1      1838-2.69700E+04 1.15000E+03 6.45000E+02
 -1      1861-2.47500E+04 1.36500E+03 8.50000E+02
 -1      1862-2.47500E+04 9.35000E+02 8.50000E+02
 -1      1863-2.47500E+04 9.35000E+02 5.90000E+02
 -1      1864-2.47500E+04 1.36500E+03 5.90000E+02
 -1      1869-2.48700E+04 1.15000E+03 7.95000E+02
 -1      1870-2.46300E+04 1.15000E+03 7.95000E+02
 -1      1871-2.46300E+04 1.15000E+03 6.45000E+02
 -1      1872-2.48700E+04 1.15000E+03 6.45000E+02
 -1      1877-2.49000E+04 1.15000E+03 8.40000E+02
 -1      1878-2.46000E+04 1.15000E+03 8.40000E+02
 -1      1879-2.46000E+04 1.15000E+03 6.00000E+02
 -1      1880-2.49000E+04 1.15000E+03 6.00000E+02
 -1      1911-2.26500E+04 1.36500E+03 8.50000E+02
 -1      1912-2.26500E+04 9.35000E+02 8.50000E+02
 -1      1913-2.26500E+04 9.35000E+02 5.90000E+02
 -1      1914-2.26500E+04 1.36500E+03 5.90000E+02
 -1      1919-2.27700E+04 1.15000E+03 7.95000E+02
 -1      1920-2.25300E+04 1.15000E+03 7.95000E+02
 -1      1921-2.25300E+04 1.15000E+03 6.45000E+02
 -1      1922-2.27700E+04 1.15000E+03 6.45000E+02
 -1      1945-1.65000E+04 1.36500E+03 8.50000E+02
 -1      1946-1.65000E+04 9.35000E+02 8.50000E+02
 -1      1947-1.65000E+04 9.35000E+02 5.90000E+02
 -1      1948-1.65000E+04 1.36500E+03 5.90000E+02
 -1      1953-1.66200E+04 1.15000E+03 7.95000E+02
 -1      1954-1.63800E+04 1.15000E+03 7.95000E+02
 -1      1955-1.63800E+04 1.15000E+03 6.45000E+02
 -1      1956-1.66200E+04 1.15000E+03 6.45000E+02
 -1      1979-1.03500E+04 1.36500E+03 8.50000E+02
 -1      1980-1.03500E+04 9.35000E+02 8.50000E+02
 -1      1981-1.03500E+04 9.35000E+02 5.90000E+02
 -1      1982-1.03500E+04 1.36500E+03 5.90000E+02
 -1      1987-1.04700E+04 1.15000E+03 7.95000E+02
 -1      1988-1.02300E+04 1.15000E+03 7.95000E+02
 -1      1989-1.02300E+04 1.15000E+03 6.45000E+02
 -1      1990-1.04700E+04 1.15000E+03 6.45000E+02
 -1      2013-8.25000E+03 1.36500E+03 8.50000E+02
 -1      2014-8.25000E+03 9.35000E+02 8.50000E+02
 -1      2015-8.25000E+03 9.35000E+02 5.90000E+02
 -1      2016-8.25000E+03 1.36500E+03 5.90000E+02
 -1      2021-8.37000E+03 1.15000E+03 7.95000E+02
 -1      2022-8.13000E+03 1.15000E+03 7.95000E+02
 -1      2023-8.13000E+03 1.15000E+03 6.45000E+02
 -1      2024-8.37000E+03 1.15000E+03 6.45000E+02
 -1      2047-6.15000E+03 1.36500E+03 8.50000E+02
 -1      2048-6.15000E+03 9.35000E+02 8.50000E+02
 -1      2049-6.15000E+03 9.35000E+02 5.90000E+02
 -1      2050-6.15000E+03 1.36500E+03 5.90000E+02
 -1      2055-6.27000E+03 1.15000E+03 7.95000E+02
 -1      2056-6.03000E+03 1.15000E+03 7.95000E+02
 -1      2057-6.03000E+03 1.15000E+03 6.45000E+02
 -1      2058-6.27000E+03 1.15000E+03 6.45000E+02
 -1      2081 0.00000E+00 1.36500E+03 8.50000E+02
 -1      2082 0.00000E+00 9.35000E+02 8.50000E+02
 -1      2083 0.00000E+00 9.35000E+02 5.90000E+02
 -1      2084 0.00000E+00 1.36500E+03 5.90000E+02
 -1      2089-1.20000E+02 1.15000E+03 7.95000E+02
 -1      2090 1.20000E+02 1.15000E+03 7.95000E+02
 -1      2091 1.20000E+02 1.15000E+03 6.45000E+02
 -1      2092-1.20000E+02 1.15000E+03 6.45000E+02
 -1      2115 6.15000E+03 1.36500E+03 8.50000E+02
 -1      2116 6.15000E+03 9.35000E+02 8.50000E+02
 -1      2117 6.15000E+03 9.35000E+02 5.90000E+02
 -1      2118 6.15000E+03 1.36500E+03 5.90000E+02
 -1      2123 6.03000E+03 1.15000E+03 7.95000E+02
 -1      2124 6.27000E+03 1.15000E+03 7.95000E+02
 -1      2125 6.27000E+03 1.15000E+03 6.45000E+02
 -1      2126 6.03000E+03 1.15000E+03 6.45000E+02
 -1      2149 8.25000E+03 1.36500E+03 8.50000E+02
 -1      2150 8.25000E+03 9.35000E+02 8.50000E+02
 -1      2151 8.25000E+03 9.35000E+02 5.90000E+02
 -1      2152 8.25000E+03 1.36500E+03 5.90000E+02
 -1      2157 8.13000E+03 1.15000E+03 7.95000E+02
 -1      2158 8.37000E+03 1.15000E+03 7.95000E+02
 -1      2159 8.37000E+03 1.15000E+03 6.45000E+02
 -1      2160 8.13000E+03 1.15000E+03 6.45000E+02
 -1      2183 1.03500E+04 1.36500E+03 8.50000E+02
 -1      2184 1.03500E+04 9.35000E+02 8.50000E+02
 -1      2185 1.03500E+04 9.35000E+02 5.90000E+02
 -1      2186 1.03500E+04 1.36500E+03 5.90000E+02
 -1      2191 1.02300E+04 1.15000E+03 7.95000E+02
 -1      2192 1.04700E+04 1.15000E+03 7.95000E+02
 -1      2193 1.04700E+04 1.15000E+03 6.45000E+02
 -1      2194 1.02300E+04 1.15000E+03 6.45000E+02
 -1      2217 1.65000E+04 1.36500E+03 8.50000E+02
 -1      2218 1.65000E+04 9.35000E+02 8.50000E+02
 -1      2219 1.65000E+04 9.35000E+02 5.90000E+02
 -1      2220 1.65000E+04 1.36500E+03 5.90000E+02
 -1      2225 1.63800E+04 1.15000E+03 7.95000E+02
 -1      2226 1.66200E+04 1.15000E+03 7.95000E+02
 -1      2227 1.66200E+04 1.15000E+03 6.45000E+02
 -1      2228 1.63800E+04 1.15000E+03 6.45000E+02
 -1      2251 2.26500E+04 1.36500E+03 8.50000E+02
 -1      2252 2.26500E+04 9.35000E+02 8.50000E+02
 -1      2253 2.26500E+04 9.35000E+02 5.90000E+02
 -1      2254 2.26500E+04 1.36500E+03 5.90000E+02
 -1      2259 2.25300E+04 1.15000E+03 7.95000E+02
 -1      2260 2.27700E+04 1.15000E+03 7.95000E+02
 -1      2261 2.27700E+04 1.15000E+03 6.45000E+02
 -1      2262 2.25300E+04 1.15000E+03 6.45000E+02
 -1      2285 2.47500E+04 1.36500E+03 8.50000E+02
 -1      2286 2.47500E+04 9.35000E+02 8.50000E+02
 -1      2287 2.47500E+04 9.35000E+02 5.90000E+02
 -1      2288 2.47500E+04 1.36500E+03 5.90000E+02
 -1      2293 2.46300E+04 1.15000E+03 7.95000E+02
 -1      2294 2.48700E+04 1.15000E+03 7.95000E+02
 -1      2295 2.48700E+04 1.15000E+03 6.45000E+02
 -1      2296 2.46300E+04 1.15000E+03 6.45000E+02
 -1      2301 2.46000E+04 1.15000E+03 8.40000E+02
 -1      2302 2.49000E+04 1.15000E+03 8.40000E+02
 -1      2303 2.49000E+04 1.15000E+03 6.00000E+02
 -1      2304 2.46000E+04 1.15000E+03 6.00000E+02
 -1      2335 2.68500E+04 1.36500E+03 8.50000E+02
 -1      2336 2.68500E+04 9.35000E+02 8.50000E+02
 -1      2337 2.68500E+04 9.35000E+02 5.90000E+02
 -1      2338 2.68500E+04 1.36500E+03 5.90000E+02
 -1      2343 2.67300E+04 1.15000E+03 7.95000E+02
 -1      2344 2.69700E+04 1.15000E+03 7.95000E+02
 -1      2345 2.69700E+04 1.15000E+03 6.45000E+02
 -1      2346 2.67300E+04 1.15000E+03 6.45000E+02
 -1      2369 3.30000E+04 1.36500E+03 8.50000E+02
 -1      2370 3.30000E+04 9.35000E+02 8.50000E+02
 -1      2371 3.30000E+04 9.35000E+02 5.90000E+02
 -1      2372 3.30000E+04 1.36500E+03 5.90000E+02
 -1      2377 3.28800E+04 1.15000E+03 7.95000E+02
 -1      2378 3.31200E+04 1.15000E+03 7.95000E+02
 -1      2379 3.31200E+04 1.15000E+03 6.45000E+02
 -1      2380 3.28800E+04 1.15000E+03 6.45000E+02
 -1      2403 3.91500E+04 1.36500E+03 8.50000E+02
 -1      2404 3.91500E+04 9.35000E+02 8.50000E+02
 -1      2405 3.91500E+04 9.35000E+02 5.90000E+02
 -1      2406 3.91500E+04 1.36500E+03 5.90000E+02
 -1      2411 3.90300E+04 1.15000E+03 7.95000E+02
 -1      2412 3.92700E+04 1.15000E+03 7.95000E+02
 -1      2413 3.92700E+04 1.15000E+03 6.45000E+02
 -1      2414 3.90300E+04 1.15000E+03 6.45000E+02
 -1      2437 4.12500E+04 1.36500E+03 8.50000E+02
 -1      2438 4.12500E+04 9.35000E+02 8.50000E+02
 -1      2439 4.12500E+04 9.35000E+02 5.90000E+02
 -1      2440 4.12500E+04 1.36500E+03 5.90000E+02
 -1      2445 4.11300E+04 1.15000E+03 7.95000E+02
 -1      2446 4.13700E+04 1.15000E+03 7.95000E+02
 -1      2447 4.13700E+04 1.15000E+03 6.45000E+02
 -1      2448 4.11300E+04 1.15000E+03 6.45000E+02
 -1      2471 4.33500E+04 1.36500E+03 8.50000E+02
 -1      2472 4.33500E+04 9.35000E+02 8.50000E+02
 -1      2473 4.33500E+04 9.35000E+02 5.90000E+02
 -1      2474 4.33500E+04 1.36500E+03 5.90000E+02
 -1      2479 4.32300E+04 1.15000E+03 7.95000E+02
 -1      2480 4.34700E+04 1.15000E+03 7.95000E+02
 -1      2481 4.34700E+04 1.15000E+03 6.45000E+02
 -1      2482 4.32300E+04 1.15000E+03 6.45000E+02
 -1      2505 4.95000E+04 1.36500E+03 8.50000E+02
 -1      2506 4.95000E+04 9.35000E+02 8.50000E+02
 -1      2507 4.95000E+04 9.35000E+02 5.90000E+02
 -1      2508 4.95000E+04 1.36500E+03 5.90000E+02
 -1      2513 4.93800E+04 1.15000E+03 7.95000E+02
 -1      2514 4.96200E+04 1.15000E+03 7.95000E+02
 -1      2515 4.96200E+04 1.15000E+03 6.45000E+02
 -1      2516 4.93800E+04 1.15000E+03 6.45000E+02
 -1      2539 5.56500E+04 1.36500E+03 8.50000E+02
 -1      2540 5.56500E+04 9.35000E+02 8.50000E+02
 -1      2541 5.56500E+04 9.35000E+02 5.90000E+02
 -1      2542 5.56500E+04 1.36500E+03 5.90000E+02
 -1      2547 5.55300E+04 1.15000E+03 7.95000E+02
 -1      2548 5.57700E+04 1.15000E+03 7.95000E+02
 -1      2549 5.57700E+04 1.15000E+03 6.45000E+02
 -1      2550 5.55300E+04 1.15000E+03 6.45000E+02
 -1      2573 5.77500E+04 1.36500E+03 8.50000E+02
 -1      2574 5.77500E+04 9.35000E+02 8.50000E+02
 -1      2575 5.77500E+04 9.35000E+02 5.90000E+02
 -1      2576 5.77500E+04 1.36500E+03 5.90000E+02
 -1      2581 5.76300E+04 1.15000E+03 7.95000E+02
 -1      2582 5.78700E+04 1.15000E+03 7.95000E+02
 -1      2583 5.78700E+04 1.15000E+03 6.45000E+02
 -1      2584 5.76300E+04 1.15000E+03 6.45000E+02
 -1      2607 5.98500E+04 1.36500E+03 8.50000E+02
 -1      2608 5.98500E+04 9.35000E+02 8.50000E+02
 -1      2609 5.98500E+04 9.35000E+02 5.90000E+02
 -1      2610 5.98500E+04 1.36500E+03 5.90000E+02
 -1      2615 5.97300E+04 1.15000E+03 7.95000E+02
 -1      2616 5.99700E+04 1.15000E+03 7.95000E+02
 -1      2617 5.99700E+04 1.15000E+03 6.45000E+02
 -1      2618 5.97300E+04 1.15000E+03 6.45000E+02
 -1      2641 6.60000E+04 1.36500E+03 8.50000E+02
 -1      2642 6.60000E+04 9.35000E+02 8.50000E+02
 -1      2643 6.60000E+04 9.35000E+02 5.90000E+02
 -1      2644 6.60000E+04 1.36500E+03 5.90000E+02
 -1      2649 6.58800E+04 1.15000E+03 7.95000E+02
 -1      2650 6.61200E+04 1.15000E+03 7.95000E+02
 -1      2651 6.61200E+04 1.15000E+03 6.45000E+02
 -1      2652 6.58800E+04 1.15000E+03 6.45000E+02
 -1      2675 7.21500E+04 1.36500E+03 8.50000E+02
 -1      2676 7.21500E+04 9.35000E+02 8.50000E+02
 -1      2677 7.21500E+04 9.35000E+02 5.90000E+02
 -1      2678 7.21500E+04 1.36500E+03 5.90000E+02
 -1      2683 7.20300E+04 1.15000E+03 7.95000E+02
 -1      2684 7.22700E+04 1.15000E+03 7.95000E+02
 -1      2685 7.22700E+04 1.15000E+03 6.45000E+02
 -1      2686 7.20300E+04 1.15000E+03 6.45000E+02
 -1      2709 7.42500E+04 1.36500E+03 8.50000E+02
 -1      2710 7.42500E+04 9.35000E+02 8.50000E+02
 -1      2711 7.42500E+04 9.35000E+02 5.90000E+02
 -1      2712 7.42500E+04 1.36500E+03 5.90000E+02
 -1      2717 7.41300E+04 1.15000E+03 7.95000E+02
 -1      2718 7.43700E+04 1.15000E+03 7.95000E+02
 -1      2719 7.43700E+04 1.15000E+03 6.45000E+02
 -1      2720 7.41300E+04 1.15000E+03 6.45000E+02
 -1      2743-7.42500E+04 1.80000E+02 7.60000E+02
 -1      2744-7.42500E+04-1.80000E+02 7.60000E+02
 -1      2745-7.42500E+04-1.80000E+02 5.40000E+02
 -1      2746-7.42500E+04 1.80000E+02 5.40000E+02
 -1      2751-7.21500E+04 1.80000E+02 7.60000E+02
 -1      2752-7.21500E+04-1.80000E+02 7.60000E+02
 -1      2753-7.21500E+04-1.80000E+02 5.40000E+02
 -1      2754-7.21500E+04 1.80000E+02 5.40000E+02
 -1      2759-6.60000E+04 1.80000E+02 7.60000E+02
 -1      2760-6.60000E+04-1.80000E+02 7.60000E+02
 -1      2761-6.60000E+04-1.80000E+02 5.40000E+02
 -1      2762-6.60000E+04 1.80000E+02 5.40000E+02
 -1      2767-5.98500E+04 1.80000E+02 7.60000E+02
 -1      2768-5.98500E+04-1.80000E+02 7.60000E+02
 -1      2769-5.98500E+04-1.80000E+02 5.40000E+02
 -1      2770-5.98500E+04 1.80000E+02 5.40000E+02
 -1      2775-5.77500E+04 1.80000E+02 7.60000E+02
 -1      2776-5.77500E+04-1.80000E+02 7.60000E+02
 -1      2777-5.77500E+04-1.80000E+02 5.40000E+02
 -1      2778-5.77500E+04 1.80000E+02 5.40000E+02
 -1      2783-5.56500E+04 1.80000E+02 7.60000E+02
 -1      2784-5.56500E+04-1.80000E+02 7.60000E+02
 -1      2785-5.56500E+04-1.80000E+02 5.40000E+02
 -1      2786-5.56500E+04 1.80000E+02 5.40000E+02
 -1      2791-4.95000E+04 1.80000E+02 7.60000E+02
 -1      2792-4.95000E+04-1.80000E+02 7.60000E+02
 -1      2793-4.95000E+04-1.80000E+02 5.40000E+02
 -1      2794-4.95000E+04 1.80000E+02 5.40000E+02
 -1      2799-4.33500E+04 1.80000E+02 7.60000E+02
 -1      2800-4.33500E+04-1.80000E+02 7.60000E+02
 -1      2801-4.33500E+04-1.80000E+02 5.40000E+02
 -1      2802-4.33500E+04 1.80000E+02 5.40000E+02
 -1      2807-4.12500E+04 1.80000E+02 7.60000E+02
 -1      2808-4.12500E+04-1.80000E+02 7.60000E+02
 -1      2809-4.12500E+04-1.80000E+02 5.40000E+02
 -1      2810-4.12500E+04 1.80000E+02 5.40000E+02
 -1      2815-3.91500E+04 1.80000E+02 7.60000E+02
 -1      2816-3.91500E+04-1.80000E+02 7.60000E+02
 -1      2817-3.91500E+04-1.80000E+02 5.40000E+02
 -1      2818-3.91500E+04 1.80000E+02 5.40000E+02
 -1      2823-3.30000E+04 1.80000E+02 7.60000E+02
 -1      2824-3.30000E+04-1.80000E+02 7.60000E+02
 -1      2825-3.30000E+04-1.80000E+02 5.40000E+02
 -1      2826-3.30000E+04 1.80000E+02 5.40000E+02
 -1      2831-2.68500E+04 1.80000E+02 7.60000E+02
 -1      2832-2.68500E+04-1.80000E+02 7.60000E+02
 -1      2833-2.68500E+04-1.80000E+02 5.40000E+02
 -1      2834-2.68500E+04 1.80000E+02 5.40000E+02
 -1      2839-2.47500E+04 1.80000E+02 7.60000E+02
 -1      2840-2.47500E+04-1.80000E+02 7.60000E+02
 -1      2841-2.47500E+04-1.80000E+02 5.40000E+02
 -1      2842-2.47500E+04 1.80000E+02 5.40000E+02
 -1      2847-2.26500E+04 1.80000E+02 7.60000E+02
 -1      2848-2.26500E+04-1.80000E+02 7.60000E+02
 -1      2849-2.26500E+04-1.80000E+02 5.40000E+02
 -1      2850-2.26500E+04 1.80000E+02 5.40000E+02
 -1      2855-1.65000E+04 1.80000E+02 7.60000E+02
 -1      2856-1.65000E+04-1.80000E+02 7.60000E+02
 -1      2857-1.65000E+04-1.80000E+02 5.40000E+02
 -1      2858-1.65000E+04 1.80000E+02 5.40000E+02
 -1      2863-1.03500E+04 1.80000E+02 7.60000E+02
 -1      2864-1.03500E+04-1.80000E+02 7.60000E+02
 -1      2865-1.03500E+04-1.80000E+02 5.40000E+02
 -1      2866-1.03500E+04 1.80000E+02 5.40000E+02
 -1      2871-8.25000E+03 1.80000E+02 7.60000E+02
 -1      2872-8.25000E+03-1.80000E+02 7.60000E+02
 -1      2873-8.25000E+03-1.80000E+02 5.40000E+02
 -1      2874-8.25000E+03 1.80000E+02 5.40000E+02
 -1      2879-6.15000E+03 1.80000E+02 7.60000E+02
 -1      2880-6.15000E+03-1.80000E+02 7.60000E+02
 -1      2881-6.15000E+03-1.80000E+02 5.40000E+02
 -1      2882-6.15000E+03 1.80000E+02 5.40000E+02
 -1      2887 0.00000E+00 1.80000E+02 7.60000E+02
 -1      2888 0.00000E+00-1.80000E+02 7.60000E+02
 -1      2889 0.00000E+00-1.80000E+02 5.40000E+02
 -1      2890 0.00000E+00 1.80000E+02 5.40000E+02
 -1      2895 6.15000E+03 1.80000E+02 7.60000E+02
 -1      2896 6.15000E+03-1.80000E+02 7.60000E+02
 -1      2897 6.15000E+03-1.80000E+02 5.40000E+02
 -1      2898 6.15000E+03 1.80000E+02 5.40000E+02
 -1      2903 8.25000E+03 1.80000E+02 7.60000E+02
 -1      2904 8.25000E+03-1.80000E+02 7.60000E+02
 -1      2905 8.25000E+03-1.80000E+02 5.40000E+02
 -1      2906 8.25000E+03 1.80000E+02 5.40000E+02
 -1      2911 1.03500E+04 1.80000E+02 7.60000E+02
 -1      2912 1.03500E+04-1.80000E+02 7.60000E+02
 -1      2913 1.03500E+04-1.80000E+02 5.40000E+02
 -1      2914 1.03500E+04 1.80000E+02 5.40000E+02
 -1      2919 1.65000E+04 1.80000E+02 7.60000E+02
 -1      2920 1.65000E+04-1.80000E+02 7.60000E+02
 -1      2921 1.65000E+04-1.80000E+02 5.40000E+02
 -1      2922 1.65000E+04 1.80000E+02 5.40000E+02
 -1      2927 2.26500E+04 1.80000E+02 7.60000E+02
 -1      2928 2.26500E+04-1.80000E+02 7.60000E+02
 -1      2929 2.26500E+04-1.80000E+02 5.40000E+02
 -1      2930 2.26500E+04 1.80000E+02 5.40000E+02
 -1      2935 2.47500E+04 1.80000E+02 7.60000E+02
 -1      2936 2.47500E+04-1.80000E+02 7.60000E+02
 -1      2937 2.47500E+04-1.80000E+02 5.40000E+02
 -1      2938 2.47500E+04 1.80000E+02 5.40000E+02
 -1      2943 2.68500E+04 1.80000E+02 7.60000E+02
 -1      2944 2.68500E+04-1.80000E+02 7.60000E+02
 -1      2945 2.68500E+04-1.80000E+02 5.40000E+02
 -1      2946 2.68500E+04 1.80000E+02 5.40000E+02
 -1      2951 3.30000E+04 1.80000E+02 7.60000E+02
 -1      2952 3.30000E+04-1.80000E+02 7.60000E+02
 -1      2953 3.30000E+04-1.80000E+02 5.40000E+02
 -1      2954 3.30000E+04 1.80000E+02 5.40000E+02
 -1      2959 3.91500E+04 1.80000E+02 7.60000E+02
 -1      2960 3.91500E+04-1.80000E+02 7.60000E+02
 -1      2961 3.91500E+04-1.80000E+02 5.40000E+02
 -1      2962 3.91500E+04 1.80000E+02 5.40000E+02
 -1      2967 4.12500E+04 1.80000E+02 7.60000E+02
 -1      2968 4.12500E+04-1.80000E+02 7.60000E+02
 -1      2969 4.12500E+04-1.80000E+02 5.40000E+02
 -1      2970 4.12500E+04 1.80000E+02 5.40000E+02
 -1      2975 4.33500E+04 1.80000E+02 7.60000E+02
 -1      2976 4.33500E+04-1.80000E+02 7.60000E+02
 -1      2977 4.33500E+04-1.80000E+02 5.40000E+02
 -1      2978 4.33500E+04 1.80000E+02 5.40000E+02
 -1      2983 4.95000E+04 1.80000E+02 7.60000E+02
 -1      2984 4.95000E+04-1.80000E+02 7.60000E+02
 -1      2985 4.95000E+04-1.80000E+02 5.40000E+02
 -1      2986 4.95000E+04 1.80000E+02 5.40000E+02
 -1      2991 5.56500E+04 1.80000E+02 7.60000E+02
 -1      2992 5.56500E+04-1.80000E+02 7.60000E+02
 -1      2993 5.56500E+04-1.80000E+02 5.40000E+02
 -1      2994 5.56500E+04 1.80000E+02 5.40000E+02
 -1      2999 5.77500E+04 1.80000E+02 7.60000E+02
 -1      3000 5.77500E+04-1.80000E+02 7.60000E+02
 -1      3001 5.77500E+04-1.80000E+02 5.40000E+02
 -1      3002 5.77500E+04 1.80000E+02 5.40000E+02
 -1      3007 5.98500E+04 1.80000E+02 7.60000E+02
 -1      3008 5.98500E+04-1.80000E+02 7.60000E+02
 -1      3009 5.98500E+04-1.80000E+02 5.40000E+02
 -1      3010 5.98500E+04 1.80000E+02 5.40000E+02
 -1      3015 6.60000E+04 1.80000E+02 7.60000E+02
 -1      3016 6.60000E+04-1.80000E+02 7.60000E+02
 -1      3017 6.60000E+04-1.80000E+02 5.40000E+02
 -1      3018 6.60000E+04 1.80000E+02 5.40000E+02
 -1      3023 7.21500E+04 1.80000E+02 7.60000E+02
 -1      3024 7.21500E+04-1.80000E+02 7.60000E+02
 -1      3025 7.21500E+04-1.80000E+02 5.40000E+02
 -1      3026 7.21500E+04 1.80000E+02 5.40000E+02
 -1      3031 7.42500E+04 1.80000E+02 7.60000E+02
 -1      3032 7.42500E+04-1.80000E+02 7.60000E+02
 -1      3033 7.42500E+04-1.80000E+02 5.40000E+02
 -1      3034 7.42500E+04 1.80000E+02 5.40000E+02
 -1      3039-2.53700E+04-6.80000E+02 2.91000E+03
 -1      3040-2.53700E+04-8.40000E+02 2.91000E+03
 -1      3041-2.53700E+04-8.40000E+02 2.79000E+03
 -1      3042-2.53700E+04-6.80000E+02 2.79000E+03
 -1      3047-2.41300E+04-6.80000E+02 2.91000E+03
 -1      3048-2.41300E+04-8.40000E+02 2.91000E+03
 -1      3049-2.41300E+04-8.40000E+02 2.79000E+03
 -1      3050-2.41300E+04-6.80000E+02 2.79000E+03
 -1      3055-2.53700E+04-6.10000E+02 8.40000E+02
 -1      3056-2.53700E+04-9.10000E+02 8.40000E+02
 -1      3057-2.53700E+04-9.10000E+02 6.00000E+02
 -1      3058-2.53700E+04-6.10000E+02 6.00000E+02
 -1      3063-2.41300E+04-6.10000E+02 8.40000E+02
 -1      3064-2.41300E+04-9.10000E+02 8.40000E+02
 -1      3065-2.41300E+04-9.10000E+02 6.00000E+02
 -1      3066-2.41300E+04-6.10000E+02 6.00000E+02
 -1      3071-2.53700E+04 8.40000E+02 2.91000E+03
 -1      3072-2.53700E+04 6.80000E+02 2.91000E+03
 -1      3073-2.53700E+04 6.80000E+02 2.79000E+03
 -1      3074-2.53700E+04 8.40000E+02 2.79000E+03
 -1      3079-2.41300E+04 8.40000E+02 2.91000E+03
 -1      3080-2.41300E+04 6.80000E+02 2.91000E+03
 -1      3081-2.41300E+04 6.80000E+02 2.79000E+03
 -1      3082-2.41300E+04 8.40000E+02 2.79000E+03
 -1      3087-2.53700E+04 9.10000E+02 8.40000E+02
 -1      3088-2.53700E+04 6.10000E+02 8.40000E+02
 -1      3089-2.53700E+04 6.10000E+02 6.00000E+02
 -1      3090-2.53700E+04 9.10000E+02 6.00000E+02
 -1      3095-2.41300E+04 9.10000E+02 8.40000E+02
 -1      3096-2.41300E+04 6.10000E+02 8.40000E+02
 -1      3097-2.41300E+04 6.10000E+02 6.00000E+02
 -1      3098-2.41300E+04 9.10000E+02 6.00000E+02
 -1      3103 2.41300E+04-6.80000E+02 2.91000E+03
 -1      3104 2.41300E+04-8.40000E+02 2.91000E+03
 -1      3105 2.41300E+04-8.40000E+02 2.79000E+03
 -1      3106 2.41300E+04-6.80000E+02 2.79000E+03
 -1      3111 2.53700E+04-6.80000E+02 2.91000E+03
 -1      3112 2.53700E+04-8.40000E+02 2.91000E+03
 -1      3113 2.53700E+04-8.40000E+02 2.79000E+03
 -1      3114 2.53700E+04-6.80000E+02 2.79000E+03
 -1      3119 2.41300E+04-6.10000E+02 8.40000E+02
 -1      3120 2.41300E+04-9.10000E+02 8.40000E+02
 -1      3121 2.41300E+04-9.10000E+02 6.00000E+02
 -1      3122 2.41300E+04-6.10000E+02 6.00000E+02
 -1      3127 2.53700E+04-6.10000E+02 8.40000E+02
 -1      3128 2.53700E+04-9.10000E+02 8.40000E+02
 -1      3129 2.53700E+04-9.10000E+02 6.00000E+02
 -1      3130 2.53700E+04-6.10000E+02 6.00000E+02
 -1      3135 2.41300E+04 8.40000E+02 2.91000E+03
 -1      3136 2.41300E+04 6.80000E+02 2.91000E+03
 -1      3137 2.41300E+04 6.80000E+02 2.79000E+03
 -1      3138 2.41300E+04 8.40000E+02 2.79000E+03
 -1      3143 2.53700E+04 8.40000E+02 2.91000E+03
 -1      3144 2.53700E+04 6.80000E+02 2.91000E+03
 -1      3145 2.53700E+04 6.80000E+02 2.79000E+03
 -1      3146 2.53700E+04 8.40000E+02 2.79000E+03
 -1      3151 2.41300E+04 9.10000E+02 8.40000E+02
 -1      3152 2.41300E+04 6.10000E+02 8.40000E+02
 -1      3153 2.41300E+04 6.10000E+02 6.00000E+02
 -1      3154 2.41300E+04 9.10000E+02 6.00000E+02
 -1      3159 2.53700E+04 9.10000E+02 8.40000E+02
 -1      3160 2.53700E+04 6.10000E+02 8.40000E+02
 -1      3161 2.53700E+04 6.10000E+02 6.00000E+02
 -1      3162 2.53700E+04 9.10000E+02 6.00000E+02
 -3
    3C                           155                                     1
 -1         1    1    0    1
 -2       163       197       198       164       166       200       199       165
 -1         2    1    0    1
 -2       197       231       232       198       200       234       233       199
 -1         3    1    0    1
 -2       231       265       266       232       234       268       267       233
 -1         4    1    0    1
 -2       265       299       300       266       268       302       301       267
 -1         5    1    0    1
 -2       299       333       334       300       302       336       335       301
 -1         6    1    0    1
 -2       333       367       368       334       336       370       369       335
 -1         7    1    0    1
 -2       367       401       402       368       370       404       403       369
 -1         8    1    0    1
 -2       401       435       436       402       404       438       437       403
 -1         9    1    0    1
 -2       435       469       470       436       438       472       471       437
 -1        10    1    0    1
 -2       469       503       504       470       472       506       505       471
 -1        11    1    0    1
 -2       503       537       538       504       506       540       539       505
 -1        12    1    0    1
 -2       537       571       572       538       540       574       573       539
 -1        13    1    0    1
 -2       571       621       622       572       574       624       623       573
 -1        14    1    0    1
 -2       621       655       656       622       624       658       657       623
 -1        15    1    0    1
 -2       655       689       690       656       658       692       691       657
 -1        16    1    0    1
 -2       689       723       724       690       692       726       725       691
 -1        17    1    0    1
 -2       723       757       758       724       726       760       759       725
 -1        18    1    0    1
 -2       757       791       792       758       760       794       793       759
 -1        19    1    0    1
 -2       791       825       826       792       794       828       827       793
 -1        20    1    0    1
 -2       825       859       860       826       828       862       861       827
 -1        21    1    0    1
 -2       859       893       894       860       862       896       895       861
 -1        22    1    0    1
 -2       893       927       928       894       896       930       929       895
 -1        23    1    0    1
 -2       927       961       962       928       930       964       963       929
 -1        24    1    0    1
 -2       961       995       996       962       964       998       997       963
 -1        25    1    0    1
 -2       995      1045      1046       996       998      1048      1047       997
 -1        26    1    0    1
 -2      1045      1079      1080      1046      1048      1082      1081      1047
 -1        27    1    0    1
 -2      1079      1113      1114      1080      1082      1116      1115      1081
 -1        28    1    0    1
 -2      1113      1147      1148      1114      1116      1150      1149      1115
 -1        29    1    0    1
 -2      1147      1181      1182      1148      1150      1184      1183      1149
 -1        30    1    0    1
 -2      1181      1215      1216      1182      1184      1218      1217      1183
 -1        31    1    0    1
 -2      1215      1249      1250      1216      1218      1252      1251      1217
 -1        32    1    0    1
 -2      1249      1283      1284      1250      1252      1286      1285      1251
 -1        33    1    0    1
 -2      1283      1317      1318      1284      1286      1320      1319      1285
 -1        34    1    0    1
 -2      1317      1351      1352      1318      1320      1354      1353      1319
 -1        35    1    0    1
 -2      1351      1385      1386      1352      1354      1388      1387      1353
 -1        36    1    0    1
 -2      1385      1419      1420      1386      1388      1422      1421      1387
 -1        37    1    0    1
 -2      1453      1487      1488      1454      1456      1490      1489      1455
 -1        38    1    0    1
 -2      1487      1521      1522      1488      1490      1524      1523      1489
 -1        39    1    0    1
 -2      1521      1555      1556      1522      1524      1558      1557      1523
 -1        40    1    0    1
 -2      1555      1589      1590      1556      1558      1592      1591      1557
 -1        41    1    0    1
 -2      1589      1623      1624      1590      1592      1626      1625      1591
 -1        42    1    0    1
 -2      1623      1657      1658      1624      1626      1660      1659      1625
 -1        43    1    0    1
 -2      1657      1691      1692      1658      1660      1694      1693      1659
 -1        44    1    0    1
 -2      1691      1725      1726      1692      1694      1728      1727      1693
 -1        45    1    0    1
 -2      1725      1759      1760      1726      1728      1762      1761      1727
 -1        46    1    0    1
 -2      1759      1793      1794      1760      1762      1796      1795      1761
 -1        47    1    0    1
 -2      1793      1827      1828      1794      1796      1830      1829      1795
 -1        48    1    0    1
 -2      1827      1861      1862      1828      1830      1864      1863      1829
 -1        49    1    0    1
 -2      1861      1911      1912      1862      1864      1914      1913      1863
 -1        50    1    0    1
 -2      1911      1945      1946      1912      1914      1948      1947      1913
 -1        51    1    0    1
 -2      1945      1979      1980      1946      1948      1982      1981      1947
 -1        52    1    0    1
 -2      1979      2013      2014      1980      1982      2016      2015      1981
 -1        53    1    0    1
 -2      2013      2047      2048      2014      2016      2050      2049      2015
 -1        54    1    0    1
 -2      2047      2081      2082      2048      2050      2084      2083      2049
 -1        55    1    0    1
 -2      2081      2115      2116      2082      2084      2118      2117      2083
 -1        56    1    0    1
 -2      2115      2149      2150      2116      2118      2152      2151      2117
 -1        57    1    0    1
 -2      2149      2183      2184      2150      2152      2186      2185      2151
 -1        58    1    0    1
 -2      2183      2217      2218      2184      2186      2220      2219      2185
 -1        59    1    0    1
 -2      2217      2251      2252      2218      2220      2254      2253      2219
 -1        60    1    0    1
 -2      2251      2285      2286      2252      2254      2288      2287      2253
 -1        61    1    0    1
 -2      2285      2335      2336      2286      2288      2338      2337      2287
 -1        62    1    0    1
 -2      2335      2369      2370      2336      2338      2372      2371      2337
 -1        63    1    0    1
 -2      2369      2403      2404      2370      2372      2406      2405      2371
 -1        64    1    0    1
 -2      2403      2437      2438      2404      2406      2440      2439      2405
 -1        65    1    0    1
 -2      2437      2471      2472      2438      2440      2474      2473      2439
 -1        66    1    0    1
 -2      2471      2505      2506      2472      2474      2508      2507      2473
 -1        67    1    0    1
 -2      2505      2539      2540      2506      2508      2542      2541      2507
 -1        68    1    0    1
 -2      2539      2573      2574      2540      2542      2576      2575      2541
 -1        69    1    0    1
 -2      2573      2607      2608      2574      2576      2610      2609      2575
 -1        70    1    0    1
 -2      2607      2641      2642      2608      2610      2644      2643      2609
 -1        71    1    0    1
 -2      2641      2675      2676      2642      2644      2678      2677      2643
 -1        72    1    0    1
 -2      2675      2709      2710      2676      2678      2712      2711      2677
 -1        73    1    0    1
 -2      2743      2751      2752      2744      2746      2754      2753      2745
 -1        74    1    0    1
 -2      2751      2759      2760      2752      2754      2762      2761      2753
 -1        75    1    0    1
 -2      2759      2767      2768      2760      2762      2770      2769      2761
 -1        76    1    0    1
 -2      2767      2775      2776      2768      2770      2778      2777      2769
 -1        77    1    0    1
 -2      2775      2783      2784      2776      2778      2786      2785      2777
 -1        78    1    0    1
 -2      2783      2791      2792      2784      2786      2794      2793      2785
 -1        79    1    0    1
 -2      2791      2799      2800      2792      2794      2802      2801      2793
 -1        80    1    0    1
 -2      2799      2807      2808      2800      2802      2810      2809      2801
 -1        81    1    0    1
 -2      2807      2815      2816      2808      2810      2818      2817      2809
 -1        82    1    0    1
 -2      2815      2823      2824      2816      2818      2826      2825      2817
 -1        83    1    0    1
 -2      2823      2831      2832      2824      2826      2834      2833      2825
 -1        84    1    0    1
 -2      2831      2839      2840      2832      2834      2842      2841      2833
 -1        85    1    0    1
 -2      2839      2847      2848      2840      2842      2850      2849      2841
 -1        86    1    0    1
 -2      2847      2855      2856      2848      2850      2858      2857      2849
 -1        87    1    0    1
 -2      2855      2863      2864      2856      2858      2866      2865      2857
 -1        88    1    0    1
 -2      2863      2871      2872      2864      2866      2874      2873      2865
 -1        89    1    0    1
 -2      2871      2879      2880      2872      2874      2882      2881      2873
 -1        90    1    0    1
 -2      2879      2887      2888      2880      2882      2890      2889      2881
 -1        91    1    0    1
 -2      2887      2895      2896      2888      2890      2898      2897      2889
 -1        92    1    0    1
 -2      2895      2903      2904      2896      2898      2906      2905      2897
 -1        93    1    0    1
 -2      2903      2911      2912      2904      2906      2914      2913      2905
 -1        94    1    0    1
 -2      2911      2919      2920      2912      2914      2922      2921      2913
 -1        95    1    0    1
 -2      2919      2927      2928      2920      2922      2930      2929      2921
 -1        96    1    0    1
 -2      2927      2935      2936      2928      2930      2938      2937      2929
 -1        97    1    0    1
 -2      2935      2943      2944      2936      2938      2946      2945      2937
 -1        98    1    0    1
 -2      2943      2951      2952      2944      2946      2954      2953      2945
 -1        99    1    0    1
 -2      2951      2959      2960      2952      2954      2962      2961      2953
 -1       100    1    0    1
 -2      2959      2967      2968      2960      2962      2970      2969      2961
 -1       101    1    0    1
 -2      2967      2975      2976      2968      2970      2978      2977      2969
 -1       102    1    0    1
 -2      2975      2983      2984      2976      2978      2986      2985      2977
 -1       103    1    0    1
 -2      2983      2991      2992      2984      2986      2994      2993      2985
 -1       104    1    0    1
 -2      2991      2999      3000      2992      2994      3002      3001      2993
 -1       105    1    0    1
 -2      2999      3007      3008      3000      3002      3010      3009      3001
 -1       106    1    0    1
 -2      3007      3015      3016      3008      3010      3018      3017      3009
 -1       107    1    0    1
 -2      3015      3023      3024      3016      3018      3026      3025      3017
 -1       108    1    0    1
 -2      3023      3031      3032      3024      3026      3034      3033      3025
 -1       109    1    0    1
 -2       171      1461      1462       172       174      1464      1463       173
 -1       110    1    0    1
 -2       205      1495      1496       206       208      1498      1497       207
 -1       111    1    0    1
 -2       239      1529      1530       240       242      1532      1531       241
 -1       112    1    0    1
 -2       273      1563      1564       274       276      1566      1565       275
 -1       113    1    0    1
 -2       307      1597      1598       308       310      1600      1599       309
 -1       114    1    0    1
 -2       341      1631      1632       342       344      1634      1633       343
 -1       115    1    0    1
 -2       375      1665      1666       376       378      1668      1667       377
 -1       116    1    0    1
 -2       409      1699      1700       410       412      1702      1701       411
 -1       117    1    0    1
 -2       443      1733      1734       444       446      1736      1735       445
 -1       118    1    0    1
 -2       477      1767      1768       478       480      1770      1769       479
 -1       119    1    0    1
 -2       511      1801      1802       512       514      1804      1803       513
 -1       120    1    0    1
 -2       545      1835      1836       546       548      1838      1837       547
 -1       121    1    0    1
 -2       579      1869      1870       580       582      1872      1871       581
 -1       122    1    0    1
 -2       629      1919      1920       630       632      1922      1921       631
 -1       123    1    0    1
 -2       663      1953      1954       664       666      1956      1955       665
 -1       124    1    0    1
 -2       697      1987      1988       698       700      1990      1989       699
 -1       125    1    0    1
 -2       731      2021      2022       732       734      2024      2023       733
 -1       126    1    0    1
 -2       765      2055      2056       766       768      2058      2057       767
 -1       127    1    0    1
 -2       799      2089      2090       800       802      2092      2091       801
 -1       128    1    0    1
 -2       833      2123      2124       834       836      2126      2125       835
 -1       129    1    0    1
 -2       867      2157      2158       868       870      2160      2159       869
 -1       130    1    0    1
 -2       901      2191      2192       902       904      2194      2193       903
 -1       131    1    0    1
 -2       935      2225      2226       936       938      2228      2227       937
 -1       132    1    0    1
 -2       969      2259      2260       970       972      2262      2261       971
 -1       133    1    0    1
 -2      1003      2293      2294      1004      1006      2296      2295      1005
 -1       134    1    0    1
 -2      1053      2343      2344      1054      1056      2346      2345      1055
 -1       135    1    0    1
 -2      1087      2377      2378      1088      1090      2380      2379      1089
 -1       136    1    0    1
 -2      1121      2411      2412      1122      1124      2414      2413      1123
 -1       137    1    0    1
 -2      1155      2445      2446      1156      1158      2448      2447      1157
 -1       138    1    0    1
 -2      1189      2479      2480      1190      1192      2482      2481      1191
 -1       139    1    0    1
 -2      1223      2513      2514      1224      1226      2516      2515      1225
 -1       140    1    0    1
 -2      1257      2547      2548      1258      1260      2550      2549      1259
 -1       141    1    0    1
 -2      1291      2581      2582      1292      1294      2584      2583      1293
 -1       142    1    0    1
 -2      1325      2615      2616      1326      1328      2618      2617      1327
 -1       143    1    0    1
 -2      1359      2649      2650      1360      1362      2652      2651      1361
 -1       144    1    0    1
 -2      1393      2683      2684      1394      1396      2686      2685      1395
 -1       145    1    0    1
 -2      1427      2717      2718      1428      1430      2720      2719      1429
 -1       146    1    0    1
 -2      3039      3047      3048      3040      3042      3050      3049      3041
 -1       147    1    0    1
 -2      3055      3063      3064      3056      3058      3066      3065      3057
 -1       148    1    0    1
 -2      3071      3079      3080      3072      3074      3082      3081      3073
 -1       149    1    0    1
 -2      3087      3095      3096      3088      3090      3098      3097      3089
 -1       150    1    0    1
 -2       587      1877      1878       588       590      1880      1879       589
 -1       151    1    0    1
 -2      3103      3111      3112      3104      3106      3114      3113      3105
 -1       152    1    0    1
 -2      3119      3127      3128      3120      3122      3130      3129      3121
 -1       153    1    0    1
 -2      3135      3143      3144      3136      3138      3146      3145      3137
 -1       154    1    0    1
 -2      3151      3159      3160      3152      3154      3162      3161      3153
 -1       155    1    0    1
 -2      1011      2301      2302      1012      1014      2304      2303      1013
 -3
 9999
